U-Boot SPL 2021.04+fio+gfac7c7dfe6 (Oct 08 2021 - 01:44:35 +0000)
power_bd71837_init
DDRINFO: start DRAM init
DDRINFO: DRAM rate 3000MTS
DDRINFO:ddrphy calibration done
DDRINFO: ddrmix config done
Normal Boot
Trying to boot from MMC2
SPL: Booting primary boot path: using 0x300 offset for next boot image
## Checking hash(es) for config config-1 ... OK
## Checking hash(es) for Image atf ... sha256+ OK
## Checking hash(es) for Image uboot ... sha256+ OK
## Checking hash(es) for Image ubootfdt ... sha256+ OK
## Checking hash(es) for Image optee ... sha256+ OK
## Checking hash(es) for Image bootscr ... sha256+ OK
NOTICE:  BL31: v2.4(release):lf-5.10.52-2.1.0-rc2-0-gbb4957067-dirty
NOTICE:  BL31: Built : 04:45:39, Sep  8 2021
I/TC:
I/TC: Non-secure external DT found
I/TC: OP-TEE version: 3.10.0-113-g0c95ab1e (gcc version 10.2.0 (GCC)) #1 Fri 08 Oct 2021 06:28:00 PM UTC aarch64
I/TC: Primary CPU initializing
I/TC: Primary CPU switching to normal world boot


U-Boot 2021.04+fio+gfac7c7dfe6 (Oct 08 2021 - 01:44:35 +0000)

alloc space exhausted
CPU:   i.MX8MMQ rev1.0 1800 MHz (running at 1200 MHz)
CPU:   Commercial temperature grade (0C to 95C) at 38C
Reset cause: POR
Model: NXP i.MX8MM EVK board
DRAM:  2 GiB
TCPC:  Vendor ID [0x1fc9], Product ID [0x5110], Addr [I2C1 0x52]
Power supply on USB2
TCPC:  Vendor ID [0x1fc9], Product ID [0x5110], Addr [I2C1 0x50]
MMC:   FSL_SDHC: 1, FSL_SDHC: 2
Loading Environment from FAT... *** Warning - bad CRC, using default environment

[*]-Video Link 0adv7535_mipi2hdmi adv7535@3d: Can't find cec device id=0x3c
fail to probe panel device adv7535@3d
mxs_video lcdif@32e00000: failed to get any video link display timings
probe video device failed, ret -22

        [0] lcdif@32e00000, video
        [1] mipi_dsi@32e10000, video_bridge
        [2] adv7535@3d, panel
adv7535_mipi2hdmi adv7535@3d: Can't find cec device id=0x3c
fail to probe panel device adv7535@3d
mxs_video lcdif@32e00000: failed to get any video link display timings
probe video device failed, ret -22
In:    serial
Out:   serial
Err:   serial

 BuildInfo:
  - ATF bb49570

Net:   eth0: ethernet@30be0000
Hit any key to stop autoboot:  0
47085 bytes read in 11 ms (4.1 MiB/s)
starting USB...
Bus usb@32e40000: Port not available.
USB is stopped. Please issue 'usb start' first.
switch to partitions #0, OK
mmc1 is current device
Scanning mmc 1:1...
Scanning disk mmc@30b50000.blk...
Scanning disk mmc@30b60000.blk...
Found 5 disks
adv7535_mipi2hdmi adv7535@3d: Can't find cec device id=0x3c
fail to probe panel device adv7535@3d
mxs_video lcdif@32e00000: failed to get any video link display timings
BootOrder not defined
EFI boot manager: Cannot load any image
Found EFI removable media binary efi/boot/bootaa64.efi
827392 bytes read in 11 ms (71.7 MiB/s)
Booting /efi\boot\bootaa64.efi




      Install Fedora-IoT 35
      Test this media & install Fedora-IoT 35
      Troubleshooting -->

















































      Use the ² and ¼ keys to change the selection.
      Press 'e' to edit the selected item, or 'c' for a command prompt.


































































setparams 'Install Fedora-IoT 35'

        linux /images/pxeboot/vmlinuz console=ttymxc1,115200 inst.text inst.stage2=hd:LA\
BEL=Fedora-iot-iot-ostree-aarch64-35 ro
        initrd /images/pxeboot/initrd.img















































      Press Ctrl-x to start, Ctrl-c for a command prompt or Escape to discard edits
      and return to the menu. Pressing Tab lists possible completions.



EFI stub: Booting Linux Kernel...
EFI stub: EFI_RNG_PROTOCOL unavailable
EFI stub: Using DTB from configuration table
EFI stub: Exiting boot services and installing virtual address map...
I/TC: Secondary CPU 1 initializing
I/TC: Secondary CPU 1 switching to normal world boot
I/TC: Secondary CPU 2 initializing
I/TC: Secondary CPU 2 switching to normal world boot
I/TC: Secondary CPU 3 initializing
I/TC: Secondary CPU 3 switching to normal world boot
[    0.000000] Booting Linux on physical CPU 0x0000000000 [0x410fd034]
[    0.000000] Linux version 5.14.9-300.fc35.aarch64 (mockbuild@buildvm-a64-09.iad2.fedoraproject.org) (gcc (GCC) 11.2.1 20210728 (Red Hat 11.2.1-1), GNU ld version 2.37-10.fc35) #1 SMP Thu Sep 30 11:38:04 UTC 2021
[    0.000000] Machine model: FSL i.MX8MM LPDDR4 EVK with QCA WIFI revC board
[    0.000000] efi: EFI v2.80 by Das U-Boot
[    0.000000] efi: ESRT=0xb9cbc040 RTPROP=0xb9cbe040 SMBIOS=0xb9cba000 MOKvar=0xb9bdf000 MEMRESERVE=0xb9690040
[    0.000000] esrt: Reserving ESRT space from 0x00000000b9cbc040 to 0x00000000b9cbc078.
[    0.000000] OF: reserved mem: failed to allocate memory for node 'linux,cma'
[    0.000000] ACPI: Early table checksum verification disabled
[    0.000000] ACPI: OSL: System description tables not found
[    0.000000] ACPI: Failed to init ACPI tables
[    0.000000] NUMA: No NUMA configuration found
[    0.000000] NUMA: Faking a node at [mem 0x0000000040000000-0x00000000bfffffff]
[    0.000000] NUMA: NODE_DATA [mem 0xbdb7f8c0-0xbdb95fff]
[    0.000000] Zone ranges:
[    0.000000]   DMA      [mem 0x0000000040000000-0x00000000bfffffff]
[    0.000000]   DMA32    empty
[    0.000000]   Normal   empty
[    0.000000]   Device   empty
[    0.000000] Movable zone start for each node
[    0.000000] Early memory node ranges
[    0.000000]   node   0: [mem 0x0000000040000000-0x00000000b9bdefff]
[    0.000000]   node   0: [mem 0x00000000b9bdf000-0x00000000b9bdffff]
[    0.000000]   node   0: [mem 0x00000000b9be0000-0x00000000b9cb1fff]
[    0.000000]   node   0: [mem 0x00000000b9cb2000-0x00000000b9cb8fff]
[    0.000000]   node   0: [mem 0x00000000b9cb9000-0x00000000b9cb9fff]
[    0.000000]   node   0: [mem 0x00000000b9cba000-0x00000000b9cbafff]
[    0.000000]   node   0: [mem 0x00000000b9cbb000-0x00000000b9cbdfff]
[    0.000000]   node   0: [mem 0x00000000b9cbe000-0x00000000b9cbefff]
[    0.000000]   node   0: [mem 0x00000000b9cbf000-0x00000000b9cbffff]
[    0.000000]   node   0: [mem 0x00000000b9cc0000-0x00000000b9cc2fff]
[    0.000000]   node   0: [mem 0x00000000b9cc3000-0x00000000b9cc3fff]
[    0.000000]   node   0: [mem 0x00000000b9cc4000-0x00000000b9cc8fff]
[    0.000000]   node   0: [mem 0x00000000b9cc9000-0x00000000b9cc9fff]
[    0.000000]   node   0: [mem 0x00000000b9cca000-0x00000000b9ccafff]
[    0.000000]   node   0: [mem 0x00000000b9ccb000-0x00000000b9cccfff]
[    0.000000]   node   0: [mem 0x00000000b9ccd000-0x00000000b9ccefff]
[    0.000000]   node   0: [mem 0x00000000b9ccf000-0x00000000b9cd0fff]
[    0.000000]   node   0: [mem 0x00000000b9cd1000-0x00000000b9cd1fff]
[    0.000000]   node   0: [mem 0x00000000b9cd2000-0x00000000bccdffff]
[    0.000000]   node   0: [mem 0x00000000bcce0000-0x00000000bcceffff]
[    0.000000]   node   0: [mem 0x00000000bccf0000-0x00000000bdffffff]
[    0.000000]   node   0: [mem 0x00000000be000000-0x00000000bfffffff]
[    0.000000] Initmem setup node 0 [mem 0x0000000040000000-0x00000000bfffffff]
[    0.000000] cma: Reserved 64 MiB at 0x00000000b5000000
[    0.000000] psci: probing for conduit method from DT.
[    0.000000] psci: PSCIv1.1 detected in firmware.
[    0.000000] psci: Using standard PSCI v0.2 function IDs
[    0.000000] psci: Trusted OS migration not required
[    0.000000] psci: SMC Calling Convention v1.2
[    0.000000] percpu: Embedded 33 pages/cpu s94296 r8192 d32680 u135168
[    0.000000] Detected VIPT I-cache on CPU0
[    0.000000] CPU features: detected: GIC system register CPU interface
[    0.000000] CPU features: kernel page table isolation forced ON by KASLR
[    0.000000] CPU features: detected: Kernel page table isolation (KPTI)
[    0.000000] CPU features: detected: ARM erratum 845719
[    0.000000] Built 1 zonelists, mobility grouping on.  Total pages: 516096
[    0.000000] Policy zone: DMA
[    0.000000] Kernel command line: BOOT_IMAGE=/images/pxeboot/vmlinuz console=ttymxc1,115200 inst.text inst.stage2=hd:LABEL=Fedora-iot-iot-ostree-aarch64-35 ro
[    0.000000] Unknown command line parameters: BOOT_IMAGE=/images/pxeboot/vmlinuz
[    0.000000] Dentry cache hash table entries: 262144 (order: 9, 2097152 bytes, linear)
[    0.000000] Inode-cache hash table entries: 131072 (order: 8, 1048576 bytes, linear)
[    0.000000] mem auto-init: stack:off, heap alloc:off, heap free:off
[    0.000000] Memory: 1821148K/2097152K available (15872K kernel code, 4024K rwdata, 12492K rodata, 7040K init, 8670K bss, 210468K reserved, 65536K cma-reserved)
[    0.000000] random: get_random_u64 called from kmem_cache_open+0x30/0x320 with crng_init=0
[    0.000000] SLUB: HWalign=64, Order=0-3, MinObjects=0, CPUs=4, Nodes=1
[    0.000000] ftrace: allocating 52201 entries in 204 pages
[    0.000000] ftrace: allocated 204 pages with 4 groups
[    0.000000] trace event string verifier disabled
[    0.000000] rcu: Hierarchical RCU implementation.
[    0.000000] rcu:     RCU restricting CPUs from NR_CPUS=4096 to nr_cpu_ids=4.
[    0.000000]  Trampoline variant of Tasks RCU enabled.
[    0.000000]  Rude variant of Tasks RCU enabled.
[    0.000000]  Tracing variant of Tasks RCU enabled.
[    0.000000] rcu: RCU calculated value of scheduler-enlistment delay is 10 jiffies.
[    0.000000] rcu: Adjusting geometry for rcu_fanout_leaf=16, nr_cpu_ids=4
[    0.000000] NR_IRQS: 64, nr_irqs: 64, preallocated irqs: 0
[    0.000000] GICv3: GIC: Using split EOI/Deactivate mode
[    0.000000] GICv3: 128 SPIs implemented
[    0.000000] GICv3: 0 Extended SPIs implemented
[    0.000000] GICv3: Distributor has no Range Selector support
[    0.000000] Root IRQ handler: gic_handle_irq
[    0.000000] GICv3: 16 PPIs implemented
[    0.000000] GICv3: CPU0: found redistributor 0 region 0:0x0000000038880000
[    0.000000] ITS: No ITS available, not enabling LPIs
[    0.000000] rcu:     Offload RCU callbacks from CPUs: (none).
[    0.000000] arch_timer: cp15 timer(s) running at 8.00MHz (phys).
[    0.000000] clocksource: arch_sys_counter: mask: 0xffffffffffffff max_cycles: 0x1d854df40, max_idle_ns: 440795202120 ns
[    0.000000] sched_clock: 56 bits at 8MHz, resolution 125ns, wraps every 2199023255500ns
[    0.000767] Console: colour dummy device 80x25
[    0.000883] Calibrating delay loop (skipped), value calculated using timer frequency.. 16.00 BogoMIPS (lpj=80000)
[    0.000898] pid_max: default: 32768 minimum: 301
[    0.001036] LSM: Security Framework initializing
[    0.001088] Yama: becoming mindful.
[    0.001118] SELinux:  Initializing.
[    0.001247] LSM support for eBPF active
[    0.001257] landlock: Up and running.
[    0.001326] Mount-cache hash table entries: 4096 (order: 3, 32768 bytes, linear)
[    0.001340] Mountpoint-cache hash table entries: 4096 (order: 3, 32768 bytes, linear)
[    0.003216] rcu: Hierarchical SRCU implementation.
[    0.005436] Remapping and enabling EFI services.
[    0.005876] smp: Bringing up secondary CPUs ...
[    0.014261] Detected VIPT I-cache on CPU1
[    0.014293] GICv3: CPU1: found redistributor 1 region 0:0x00000000388a0000
[    0.014348] CPU1: Booted secondary processor 0x0000000001 [0x410fd034]
[    0.022775] Detected VIPT I-cache on CPU2
[    0.022802] GICv3: CPU2: found redistributor 2 region 0:0x00000000388c0000
[    0.022838] CPU2: Booted secondary processor 0x0000000002 [0x410fd034]
[    0.031251] Detected VIPT I-cache on CPU3
[    0.031279] GICv3: CPU3: found redistributor 3 region 0:0x00000000388e0000
[    0.031313] CPU3: Booted secondary processor 0x0000000003 [0x410fd034]
[    0.031403] smp: Brought up 1 node, 4 CPUs
[    0.031430] SMP: Total of 4 processors activated.
[    0.031437] CPU features: detected: 32-bit EL0 Support
[    0.031441] CPU features: detected: 32-bit EL1 Support
[    0.031448] CPU features: detected: CRC32 instructions
[    0.031550] CPU features: emulated: Privileged Access Never (PAN) using TTBR0_EL1 switching
[    0.042343] CPU: All CPU(s) started at EL2
[    0.042403] alternatives: patching kernel code
[    0.044541] devtmpfs: initialized
[    0.053230] Registered cp15_barrier emulation handler
[    0.053257] Registered setend emulation handler
[    0.053268] KASLR disabled due to lack of seed
[    0.053440] clocksource: jiffies: mask: 0xffffffff max_cycles: 0xffffffff, max_idle_ns: 19112604462750000 ns
[    0.053460] futex hash table entries: 1024 (order: 4, 65536 bytes, linear)
[    0.056702] pinctrl core: initialized pinctrl subsystem
[    0.057544] SMBIOS 3.0 present.
[    0.057566] DMI: Unknown Unknown Product/Unknown Product, BIOS 2021.04+fio+gfac7c7dfe6 10/08/2021
[    0.058107] NET: Registered PF_NETLINK/PF_ROUTE protocol family
[    0.061511] DMA: preallocated 256 KiB GFP_KERNEL pool for atomic allocations
[    0.061774] DMA: preallocated 256 KiB GFP_KERNEL|GFP_DMA pool for atomic allocations
[    0.062023] DMA: preallocated 256 KiB GFP_KERNEL|GFP_DMA32 pool for atomic allocations
[    0.062125] audit: initializing netlink subsys (disabled)
[    0.062391] audit: type=2000 audit(0.060:1): state=initialized audit_enabled=0 res=1
[    0.063567] thermal_sys: Registered thermal governor 'fair_share'
[    0.063573] thermal_sys: Registered thermal governor 'step_wise'
[    0.063579] thermal_sys: Registered thermal governor 'user_space'
[    0.063799] cpuidle: using governor menu
[    0.063988] hw-breakpoint: found 6 breakpoint and 4 watchpoint registers.
[    0.064107] ASID allocator initialised with 32768 entries
[    0.064563] Serial: AMBA PL011 UART driver
[    0.076519] debugfs: Directory 'dummy-iomuxc-gpr@30340000' with parent 'regmap' already present!
[    0.076878] imx8mm-pinctrl 30330000.pinctrl: initialized IMX pinctrl driver
[    0.087443] platform 32e10000.mipi_dsi: Fixing up cyclic dependency with 32e00000.lcdif
[    0.088216] platform 32e30000.mipi_csi: Fixing up cyclic dependency with 32e20000.csi1_bridge
[    0.103846] HugeTLB registered 1.00 GiB page size, pre-allocated 0 pages
[    0.103867] HugeTLB registered 32.0 MiB page size, pre-allocated 0 pages
[    0.103875] HugeTLB registered 2.00 MiB page size, pre-allocated 0 pages
[    0.103882] HugeTLB registered 64.0 KiB page size, pre-allocated 0 pages
[    0.800970] cryptd: max_cpu_qlen set to 1000
[    0.805841] alg: No test for 842 (842-generic)
[    0.805948] alg: No test for 842 (842-scomp)
[    0.816485] raid6: skip pq benchmark and using algorithm neonx8
[    0.816508] raid6: using neon recovery algorithm
[    0.817049] ACPI: Interpreter disabled.
[    0.817727] iommu: Default domain type: Translated
[    0.818004] vgaarb: loaded
[    0.818517] SCSI subsystem initialized
[    0.818870] usbcore: registered new interface driver usbfs
[    0.818909] usbcore: registered new interface driver hub
[    0.818939] usbcore: registered new device driver usb
[    0.819270] pps_core: LinuxPPS API ver. 1 registered
[    0.819278] pps_core: Software ver. 5.3.6 - Copyright 2005-2007 Rodolfo Giometti <giometti@linux.it>
[    0.819293] PTP clock support registered
[    0.819477] EDAC MC: Ver: 3.0.0
[    0.820514] Registered efivars operations
[    0.821714] NetLabel: Initializing
[    0.821727] NetLabel:  domain hash size = 128
[    0.821732] NetLabel:  protocols = UNLABELED CIPSOv4 CALIPSO
[    0.821795] NetLabel:  unlabeled traffic allowed by default
[    0.822376] clocksource: Switched to clocksource arch_sys_counter
[    0.883487] VFS: Disk quotas dquot_6.6.0
[    0.883561] VFS: Dquot-cache hash table entries: 512 (order 0, 4096 bytes)
[    0.884167] pnp: PnP ACPI: disabled
[    0.890943] NET: Registered PF_INET protocol family
[    0.891075] IP idents hash table entries: 32768 (order: 6, 262144 bytes, linear)
[    0.892139] tcp_listen_portaddr_hash hash table entries: 1024 (order: 2, 16384 bytes, linear)
[    0.892185] TCP established hash table entries: 16384 (order: 5, 131072 bytes, linear)
[    0.892346] TCP bind hash table entries: 16384 (order: 6, 262144 bytes, linear)
[    0.892615] TCP: Hash tables configured (established 16384 bind 16384)
[    0.892819] MPTCP token hash table entries: 2048 (order: 3, 49152 bytes, linear)
[    0.892906] UDP hash table entries: 1024 (order: 3, 32768 bytes, linear)
[    0.892962] UDP-Lite hash table entries: 1024 (order: 3, 32768 bytes, linear)
[    0.893161] NET: Registered PF_UNIX/PF_LOCAL protocol family
[    0.893185] NET: Registered PF_XDP protocol family
[    0.893198] PCI: CLS 0 bytes, default 64
[    0.893626] Trying to unpack rootfs image as initramfs...
[    0.929289] hw perfevents: enabled with armv8_pmuv3 PMU driver, 7 counters available
[    0.930130] kvm [1]: IPA Size Limit: 40 bits
[    0.934728] kvm [1]: GICv3: no GICV resource entry
[    0.934740] kvm [1]: disabling GICv2 emulation
[    0.934759] kvm [1]: GIC system register CPU interface enabled
[    0.934953] kvm [1]: vgic interrupt IRQ9
[    0.935646] kvm [1]: Hyp mode initialized successfully
[   15.214069] Freeing initrd memory: 79760K
[   15.327533] Initialise system trusted keyrings
[   15.327593] Key type blacklist registered
[   15.327760] workingset: timestamp_bits=37 max_order=19 bucket_order=0
[   15.335558] zbud: loaded
[   15.338563] integrity: Platform Keyring initialized
[   15.374222] NET: Registered PF_ALG protocol family
[   15.374242] xor: measuring software checksum speed
[   15.378413]    8regs           :  2362 MB/sec
[   15.381936]    32regs          :  2797 MB/sec
[   15.386173]    arm64_neon      :  2336 MB/sec
[   15.386180] xor: using function: 32regs (2797 MB/sec)
[   15.386191] Key type asymmetric registered
[   15.386197] Asymmetric key parser 'x509' registered
[   15.386239] Block layer SCSI generic (bsg) driver version 0.4 loaded (major 244)
[   15.386391] io scheduler mq-deadline registered
[   15.386399] io scheduler kyber registered
[   15.386559] io scheduler bfq registered
[   15.387861] atomic64_test: passed
[   15.409877] SoC: i.MX8MM revision 1.0
[   15.412964] debugfs: Directory 'dummy-reset-controller@30390000' with parent 'regmap' already present!
[   15.413823] Serial: 8250/16550 driver, 32 ports, IRQ sharing enabled
[   15.421900] 30860000.serial: ttymxc0 at MMIO 0x30860000 (irq = 47, base_baud = 5000000) is a IMX
[   15.422615] 30880000.serial: ttymxc2 at MMIO 0x30880000 (irq = 48, base_baud = 5000000) is a IMX
[   15.423120] 30890000.serial: ttymxc1 at MMIO 0x30890000 (irq = 49, base_baud = 1500000) is a IMX
[   16.684756] printk: console [ttymxc1] enabled
[   16.690119] msm_serial: driver initialized
[   16.698929] libphy: Fixed MDIO Bus: probed
[   16.703567] ehci_hcd: USB 2.0 'Enhanced' Host Controller (EHCI) Driver
[   16.710107] ehci-pci: EHCI PCI platform driver
[   16.714702] usbcore: registered new interface driver usbserial_generic
[   16.721247] usbserial: USB Serial support registered for generic
[   16.727396] mousedev: PS/2 mouse device common for all mice
[   16.735191] device-mapper: uevent: version 1.0.3
[   16.740131] device-mapper: ioctl: 4.45.0-ioctl (2021-03-22) initialised: dm-devel@redhat.com
[   16.750281] ledtrig-cpu: registered to indicate activity on CPUs
[   16.757032] SMCCC: SOC_ID: ARCH_SOC_ID not implemented, skipping ....
[   16.763896] hid: raw HID events driver (C) Jiri Kosina
[   16.769219] usbcore: registered new interface driver usbhid
[   16.774803] usbhid: USB HID core driver
[   16.780266] drop_monitor: Initializing network drop monitor service
[   16.786724] Initializing XFRM netlink socket
[   16.791494] NET: Registered PF_INET6 protocol family
[   16.833763] Segment Routing with IPv6
[   16.837442] RPL Segment Routing with IPv6
[   16.841515] mip6: Mobile IPv6
[   16.844511] NET: Registered PF_PACKET protocol family
[   16.851073] registered taskstats version 1
[   16.857938] Loading compiled-in X.509 certificates
[   16.868041] Loaded X.509 cert 'Fedora kernel signing key: 5b2daf84223d4ae569c10c30dfe5c8cd68e6ec62'
[   16.877486] zswap: loaded using pool lzo/zbud
[   16.882728] page_owner is disabled
[   16.887005] Key type ._fscrypt registered
[   16.891017] Key type .fscrypt registered
[   16.894962] Key type fscrypt-provisioning registered
[   16.901899] Btrfs loaded, crc32c=crc32c-generic, zoned=yes
[   16.907495] Key type big_key registered
[   17.126398] Key type encrypted registered
[   17.130562] integrity: Loading X.509 certificate: UEFI:MokListRT (MOKvar table)
[   17.138773] integrity: Loaded X.509 cert 'Fedora Secure Boot CA: fde32599c2d61db1bf5807335d7b20e4cd963b42'
[   17.148778] ima: secureboot mode disabled
[   17.152803] ima: No TPM chip found, activating TPM-bypass!
[   17.158296] Loading compiled-in module X.509 certificates
[   17.166368] Loaded X.509 cert 'Fedora kernel signing key: 5b2daf84223d4ae569c10c30dfe5c8cd68e6ec62'
[   17.175429] ima: Allocated hash algorithm: sha256
[   17.180171] ima: No architecture policies found
[   17.184773] evm: Initialising EVM extended attributes:
[   17.189911] evm: security.selinux
[   17.193231] evm: security.SMACK64 (disabled)
[   17.197501] evm: security.SMACK64EXEC (disabled)
[   17.202117] evm: security.SMACK64TRANSMUTE (disabled)
[   17.207171] evm: security.SMACK64MMAP (disabled)
[   17.211786] evm: security.apparmor (disabled)
[   17.216149] evm: security.ima
[   17.219115] evm: security.capability
[   17.222695] evm: HMAC attrs: 0x1
[   17.254636] Freeing unused kernel memory: 7040K
[   17.365886] Checked W+X mappings: passed, no W+X pages found
[   17.371569] rodata_test: all tests were successful
[   17.376402] Run /init as init process
[   17.402875] systemd[1]: System time before build time, advancing clock.
[   17.426005] systemd[1]: systemd v249.4-1.fc35 running in system mode (+PAM +AUDIT +SELINUX -APPARMOR +IMA +SMACK +SECCOMP +GCRYPT +GNUTLS +OPENSSL +ACL +BLKID +CURL +ELFUTILS +FIDO2 +IDN2 -IDN +IPTC +KMOD +LIBCRYPTSETUP +LIBFDISK +PCRE2 +PWQUALITY +P11KIT +QRENCODE +BZ
IP2 +LZ4 +XZ +ZLIB +ZSTD +XKBCOMMON +UTMP +SYSVINIT default-hierarchy=unified)
[   17.457844] systemd[1]: Detected architecture arm64.
[   17.462964] systemd[1]: Running in initial RAM disk.

Welcome to Fedora Linux 35 (IoT Edition Prerelease) dracut-055-3.fc35.1 (Initramfs)!

[   17.503082] systemd[1]: No hostname configured, using default hostname.
[   17.510090] systemd[1]: Hostname set to <fedora>.
[   17.515218] random: systemd: uninitialized urandom read (16 bytes read)
[   17.521862] systemd[1]: Initializing machine ID from random generator.
[   17.654591] random: ln: uninitialized urandom read (6 bytes read)
[   17.658897] systemd-gpt-auto-generator[251]: EFI loader partition unknown, exiting.
[   17.669886] random: ln: uninitialized urandom read (6 bytes read)
[   17.672132] systemd-gpt-auto-generator[251]: (The boot loader did not set EFI variable LoaderDevicePartUUID.)
[   17.880952] systemd[1]: Queued start job for default target Initrd Default Target.
[   17.889642] systemd[1]: Reached target Initrd Root Device.
[  OK  ] Reached target Initrd Root Device.
[   17.923403] systemd[1]: Reached target Initrd /usr File System.
[  OK  ] Reached target Initrd /usr File System.
[   17.963361] systemd[1]: Reached target Slice Units.
[  OK  ] Reached target Slice Units.
[   17.993271] systemd[1]: Reached target Swaps.
[  OK  ] Reached target Swaps.
[   18.023267] systemd[1]: Reached target Timer Units.
[  OK  ] Reached target Timer Units.
[   18.053704] systemd[1]: Listening on D-Bus System Message Bus Socket.
[  OK  ] Listening on D-Bus System Message Bus Socket.
[   18.093234] systemd[1]: Listening on Open-iSCSI iscsid Socket.
[  OK  ] Listening on Open-iSCSI iscsid Socket.
[   18.133245] systemd[1]: Listening on Open-iSCSI iscsiuio Socket.
[  OK  ] Listening on Open-iSCSI iscsiuio Socket.
[   18.173727] systemd[1]: Listening on Journal Audit Socket.
[  OK  ] Listening on Journal Audit Socket.
[   18.213494] systemd[1]: Listening on Journal Socket (/dev/log).
[  OK  ] Listening on Journal Socket (/dev/log).
[   18.253539] systemd[1]: Listening on Journal Socket.
[  OK  ] Listening on Journal Socket.
[   18.283928] systemd[1]: Listening on udev Control Socket.
[  OK  ] Listening on udev Control Socket.
[   18.323442] systemd[1]: Listening on udev Kernel Socket.
[  OK  ] Listening on udev Kernel Socket.
[   18.362984] systemd[1]: Reached target Socket Units.
[  OK  ] Reached target Socket Units.
[   18.398949] systemd[1]: Starting Create List of Static Device Nodes...
         Starting Create List of Static Device Nodes...
[   18.437123] systemd[1]: Started Hardware RNG Entropy Gatherer Daemon.
[  OK  ] Started Hardware RNG Entropy Gatherer Daemon.
[   18.481197] systemd[1]: Starting Journal Service...
         Starting Journal Service...
[   18.513615] systemd[1]: Condition check resulted in Load Kernel Modules being skipped.
[   18.525748] systemd[1]: Starting Apply Kernel Variables...
         Starting Apply Kernel Variables...
[   18.563157] systemd[1]: Condition check resulted in Create System Users being skipped.
[   18.575384] systemd[1]: Starting Setup Virtual Console...
         Starting Setup Virtual Console...
[   18.614995] systemd[1]: Started Journal Service.
[  OK  ] Started Journal Service.
[  OK  ] Finished    18.655845] audit: type=1130 audit(1629763201.240:2): pid=1 uid=0 auid=4294967295 ses=4294967295 subj=kernel msg='unit=systemd-journald comm="systemd" exe="/usr/lib/systemd/systemd" hostname=? addr=? terminal=? res=success'
1;39mCreate List of Static Device Nodes.
[   18.703084] audit: type=1130 audit(1629763201.290:3): pid=1 uid=0 auid=4294967295 ses=4294967295 subj=kernel msg='unit=kmod-static-nodes comm="systemd" exe="/usr/lib/systemd/systemd" hostname=? addr=? terminal=? res=success'
[  OK  ] Finished Apply Kernel Variables.
         Starting Create Static Device Nodes in /dev...
[   18.773320] audit: type=1130 audit(1629763201.340:4): pid=1 uid=0 auid=4294967295 ses=4294967295 subj=kernel msg='unit=systemd-sysctl comm="systemd" exe="/usr/lib/systemd/systemd" hostname=? addr=? terminal=? res=success'
         Starting Create Volatile Files and Directories...
[  OK  ] Finished Create Static Device Nodes in /dev.
[   18.862769] audit: type=1130 audit(1629763201.450:5): pid=1 uid=0 auid=4294967295 ses=4294967295 subj=kernel msg='unit=systemd-tmpfiles-setup-dev comm="systemd" exe="/usr/lib/systemd/systemd" hostname=? addr=? terminal=? res=success'
[  OK  ] Finished Create Volatile Files and Directories.
[   18.913312] audit: type=1130 audit(1629763201.500:6): pid=1 uid=0 auid=4294967295 ses=4294967295 subj=kernel msg='unit=systemd-tmpfiles-setup comm="systemd" exe="/usr/lib/systemd/systemd" hostname=? addr=? terminal=? res=success'
[  OK  ] Finished Setup Virtual Console.
[   18.963398] audit: type=1130 audit(1629763201.550:7): pid=1 uid=0 auid=4294967295 ses=4294967295 subj=kernel msg='unit=systemd-vconsole-setup comm="systemd" exe="/usr/lib/systemd/systemd" hostname=? addr=? terminal=? res=success'
         Starting dracut ask for additional cmdline parameters...
[  OK  ] Finished dracut ask for additional cmdline parameters.
[   19.103421] audit: type=1130 audit(1629763201.690:8): pid=1 uid=0 auid=4294967295 ses=4294967295 subj=kernel msg='unit=dracut-cmdline-ask comm="systemd" exe="/usr/lib/systemd/systemd" hostname=? addr=? terminal=? res=success'
         Starting dracut cmdline hook...
[   19.732404] random: fast init done
[   20.421369] Loading iSCSI transport class v2.0-870.
[   20.453657] iscsi: registered transport (tcp)
[   20.513218] iscsi: registered transport (qla4xxx)
[   20.517991] QLogic iSCSI HBA Driver
[   20.539640] libcxgbi:libcxgbi_init_module: Chelsio iSCSI driver library libcxgbi v0.9.1-ko (Apr. 2015)
[   20.586014] Chelsio T3 iSCSI Driver cxgb3i v2.0.1-ko (Apr. 2015)
[   20.592140] iscsi: registered transport (cxgb3i)
[   20.686506] Chelsio T4-T6 iSCSI Driver cxgb4i v0.9.5-ko (Apr. 2015)
[   20.692911] iscsi: registered transport (cxgb4i)
[   20.697534] cxgb4i:cxgb4i_init_module: cxgb4i dcb enabled.
[   20.721586] cnic: QLogic cnicDriver v2.5.22 (July 20, 2015)
[   20.739262] QLogic NetXtreme II iSCSI Driver bnx2i v2.7.10.1 (Jul 16, 2014)
[   20.746369] iscsi: registered transport (bnx2i)
[   20.770566] iscsi: registered transport (be2iscsi)
[   20.775413] In beiscsi_module_init, tt=(____ptrval____)
[  OK  ] Finished dracut cmdline hook.
[   20.953894] audit: type=1130 audit(1629763203.540:9): pid=1 uid=0 auid=4294967295 ses=4294967295 subj=kernel msg='unit=dracut-cmdline comm="systemd" exe="/usr/lib/systemd/systemd" hostname=? addr=? terminal=? res=success'
         Starting dracut pre-udev hook...
[   21.197815] squashfs: version 4.0 (2009/01/31) Phillip Lougher
[   21.307999] dracut-pre-udev[641]: anaconda-modprobe: Module floppy not found
[   21.340534] dracut-pre-udev[641]: anaconda-modprobe: Module edd not found
[   21.370370] dracut-pre-udev[641]: anaconda-modprobe: Module iscsi_ibft not found
[   21.511394] async_tx: api initialized (async)
[   22.299860] device-mapper: multipath round-robin: version 1.2.0 loaded
[   22.828434] RPC: Registered named UNIX socket transport module.
[   22.834424] RPC: Registered udp transport module.
[   22.839132] RPC: Registered tcp transport module.
[   22.843861] RPC: Registered tcp NFSv4.1 backchannel transport module.
[  OK  ] Finished dracut pre-udev hook.
[   23.283642] audit: type=1130 audit(1629763205.870:10): pid=1 uid=0 auid=4294967295 ses=4294967295 subj=kernel msg='unit=dracut-pre-udev comm="systemd" exe="/usr/lib/systemd/systemd" hostname=? addr=? terminal=? res=success'
[   23.304119] audit: type=1334 audit(1629763205.890:11): prog-id=6 op=LOAD
         Starting Rule-based Manage&for Device Events and Files...
[  OK  ] Started Rule-based Manager for Device Events and Files.
         Starting dracut pre-trigger hook...
[  OK  ] Finished dracut pre-trigger hook.
[   23.943019] kauditd_printk_skb: 3 callbacks suppressed
[   23.943032] audit: type=1130 audit(1629763206.530:15): pid=1 uid=0 auid=4294967295 ses=4294967295 subj=kernel msg='unit=dracut-pre-trigger comm="systemd" exe="/usr/lib/systemd/systemd" hostname=? addr=? terminal=? res=success'
         Starting Coldplug All udev Devices...
[  OK  ] Finished Coldplug All udev Devices.
[  OK  ] Reached targe[   24.464650] audit: type=1130 audit(1629763207.050:16): pid=1 uid=0 auid=4294967295 ses=4294967295 subj=kernel msg='unit=systemd-udev-trigger comm="systemd" exe="/usr/lib/systemd/systemd" hostname=? addr=? terminal=? res=success'
t Network.
         Starting dracut initqueue hook...
         Starting Show Plymouth Boot Screen...




























































         Starting    24.599401] audit: type=1130 audit(1629763207.180:17): pid=1 uid=0 auid=4294967295 ses=4294967295 subj=kernel msg='unit=plymouth-start comm="systemd" exe="/usr/lib/systemd/systemd" hostname=? addr=? terminal=? res=success'
;39mWait for udev To &plete Device Initialization...
[  OK  ] Started Show Plymouth Boot Screen.
[  OK  ] Started Forward Password R&s to Plymouth Directory Watch.
[  OK  ] Reached target Local Encrypted Volumes.
[  OK  ] Reached target Path Units.
[   25.023890] imx-sdma 302c0000.dma-controller: Direct firmware load for imx/sdma/sdma-imx7d.bin failed with error -2
[   25.034401] imx-sdma 302c0000.dma-controller: external firmware not found, using ROM firmware
[   25.049141] imx-sdma 302b0000.dma-controller: Direct firmware load for imx/sdma/sdma-imx7d.bin failed with error -2
[   25.062482] imx-sdma 302b0000.dma-controller: external firmware not found, using ROM firmware
[   25.111713] imx-sdma 30bd0000.dma-controller: Direct firmware load for imx/sdma/sdma-imx7d.bin failed with error -2
[   25.122263] imx-sdma 30bd0000.dma-controller: external firmware not found, using ROM firmware
[   25.247909] sdhci: Secure Digital Host Controller Interface driver
[   25.254208] sdhci: Copyright(c) Pierre Ossman
[   25.259257] snvs_rtc 30370000.snvs:snvs-rtc-lp: registered as rtc0
[   25.274800] input: 30370000.snvs:snvs-powerkey as /devices/platform/soc@0/30000000.bus/30370000.snvs/30370000.snvs:snvs-powerkey/input/input0
[   25.288651] i2c i2c-0: IMX I2C adapter registered
[   25.294456] i2c 1-003d: Fixing up cyclic dependency with 32e10000.mipi_dsi
[   25.301611] snvs_rtc 30370000.snvs:snvs-rtc-lp: setting system clock to 1970-01-01T00:00:00 UTC (0)
[   25.316723] i2c 1-0050: Fixing up cyclic dependency with 32e40000.usb
[   25.323613] i2c i2c-1: IMX I2C adapter registered
[   25.330774] i2c 2-003c: Fixing up cyclic dependency with 32e30000.mipi_csi
[   25.342954] sdhci-pltfm: SDHCI platform and OF driver helper
[   25.357105] i2c i2c-2: IMX I2C adapter registered
[   25.357606] caam 30900000.crypto: RNG4 SH0 was previously instantiated without prediction resistance. Tearing it down
[   25.375073] mmc2: CQHCI version 5.10
[   25.381533] mmc0: CQHCI version 5.10
[   25.386209] mmc1: CQHCI version 5.10
[   25.389878] sdhci-esdhc-imx 30b50000.mmc: Got CD GPIO
[   25.397712] sdhci-esdhc-imx 30b40000.mmc: allocated mmc-pwrseq
[   25.399283] usb_phy_generic usbphynop1: supply vcc not found, using dummy regulator
[   25.420700] usb_phy_generic usbphynop2: supply vcc not found, using dummy regulator
[   25.428513] caam 30900000.crypto: Deinstantiated RNG4 SH0
[   25.434024] caam 30900000.crypto: Instantiated RNG4 SH0
[   25.439262] caam 30900000.crypto: RNG4 SH1 was previously instantiated without prediction resistance. Tearing it down
[   25.442465] mmc2: SDHCI controller on 30b60000.mmc [30b60000.mmc] using ADMA
[   25.457058] mmc0: SDHCI controller on 30b40000.mmc [30b40000.mmc] using ADMA
[   25.462858] mmc1: SDHCI controller on 30b50000.mmc [30b50000.mmc] using ADMA
[   25.464718] caam 30900000.crypto: Deinstantiated RNG4 SH1
[   25.494189] caam 30900000.crypto: Instantiated RNG4 SH1
[   25.504829] mmc0: queuing unknown CIS tuple 0x01 (3 bytes)
[   25.505986] caam 30900000.crypto: device ID = 0x0a16040100000000 (Era 9)
[   25.517097] caam 30900000.crypto: job rings = 2, qi = 0
[   25.519266] mmc0: queuing unknown CIS tuple 0x1a (5 bytes)
[   25.543663] mmc0: queuing unknown CIS tuple 0x1b (8 bytes)
[   25.549980] mmc0: queuing unknown CIS tuple 0x14 (0 bytes)
[   25.569305] mmc2: Command Queue Engine enabled
[   25.573902] mmc2: new HS400 Enhanced strobe MMC card at address 0001
[   25.596823] mmc0: queuing unknown CIS tuple 0x80 (1 bytes)
[   25.602475] mmc0: queuing unknown CIS tuple 0x81 (1 bytes)
[   25.612518] mmc0: queuing unknown CIS tuple 0x82 (1 bytes)
[   25.618084] mmc0: new ultra high speed SDR104 SDIO card at address 0001
[   25.662118] mmc1: host does not support reading read-only switch, assuming write-enable
[   25.700746] mmc1: new ultra high speed SDR104 SDHC card at address aaaa
[   25.955138] input: bd718xx-pwrkey as /devices/platform/soc@0/30800000.bus/30a20000.i2c/i2c-0/0-004b/gpio-keys.1.auto/input/input1
[   26.023980] LDO6: supplied by regulator-dummy
[   26.037848] pca953x 2-0020: using no AI
[   26.122875] mmcblk2: mmc2:0001 DG4016 14.7 GiB
[   26.127690] mmcblk2boot0: mmc2:0001 DG4016 4.00 MiB
[   26.157362] mmcblk2boot1: mmc2:0001 DG4016 4.00 MiB
[   26.173571] mmcblk2rpmb: mmc2:0001 DG4016 4.00 MiB, chardev (510:0)
[   26.199021]  mmcblk2: p1 p2
[   26.223308] mmcblk1: mmc1:aaaa SB32G 29.7 GiB
[   26.259626] audit: type=1334 audit(1629763208.849:18): prog-id=6 op=UNLOAD
[   26.284441] audit: type=1334 audit(1629763208.879:19): prog-id=3 op=UNLOAD
[   26.398486] adv7511 1-003d: supply avdd not found, using dummy regulator
[   26.407587] adv7511 1-003d: supply dvdd not found, using dummy regulator
[   26.414629] adv7511 1-003d: supply pvdd not found, using dummy regulator
[   26.414699] adv7511 1-003d: supply a2vdd not found, using dummy regulator
[   26.414755] adv7511 1-003d: supply v3p3 not found, using dummy regulator
[   26.414805] adv7511 1-003d: supply v1p2 not found, using dummy regulator
[   26.500231] systemd-gpt-auto-generator[1114]: EFI loader partition unknown, exiting.
[   26.508180] systemd-gpt-auto-generator[1114]: (The boot loader did not set EFI variable LoaderDevicePartUUID.)
[   27.005885] audit: type=1334 audit(1629763209.599:20): prog-id=9 op=LOAD
[   27.012975] audit: type=1334 audit(1629763209.609:21): prog-id=10 op=LOAD
[   27.020063] audit: type=1334 audit(1629763209.609:22): prog-id=11 op=LOAD
[   27.026912] audit: type=1334 audit(1629763209.609:23): prog-id=7 op=UNLOAD
[   27.034529] audit: type=1334 audit(1629763209.609:24): prog-id=8 op=UNLOAD
[   30.894223] alg: No test for authenc(hmac(sha224),ecb(cipher_null)) (authenc-hmac-sha224-ecb-cipher_null-caam)
[   30.904526] alg: No test for authenc(hmac(sha256),ecb(cipher_null)) (authenc-hmac-sha256-ecb-cipher_null-caam)
[   30.915767] alg: No test for authenc(hmac(md5),cbc(aes)) (authenc-hmac-md5-cbc-aes-caam)
[   30.924486] alg: No test for echainiv(authenc(hmac(md5),cbc(aes))) (echainiv-authenc-hmac-md5-cbc-aes-caam)
[   31.348872] alg: No test for echainiv(authenc(hmac(sha1),cbc(aes))) (echainiv-authenc-hmac-sha1-cbc-aes-caam)
[   31.359033] alg: No test for authenc(hmac(sha224),cbc(aes)) (authenc-hmac-sha224-cbc-aes-caam)
[   31.368260] alg: No test for echainiv(authenc(hmac(sha224),cbc(aes))) (echainiv-authenc-hmac-sha224-cbc-aes-caam)
[   31.781283] alg: No test for echainiv(authenc(hmac(sha256),cbc(aes))) (echainiv-authenc-hmac-sha256-cbc-aes-caam)
[   31.791850] alg: No test for authenc(hmac(md5),cbc(des3_ede)) (authenc-hmac-md5-cbc-des3_ede-caam)
[   31.801453] alg: No test for echainiv(authenc(hmac(md5),cbc(des3_ede))) (echainiv-authenc-hmac-md5-cbc-des3_ede-caam)
[   31.871174] alg: No test for echainiv(authenc(hmac(sha1),cbc(des3_ede))) (echainiv-authenc-hmac-sha1-cbc-des3_ede-caam)
[   31.938585] alg: No test for echainiv(authenc(hmac(sha224),cbc(des3_ede))) (echainiv-authenc-hmac-sha224-cbc-des3_ede-caam)
[   32.009919] alg: No test for echainiv(authenc(hmac(sha256),cbc(des3_ede))) (echainiv-authenc-hmac-sha256-cbc-des3_ede-caam)
[   32.021444] alg: No test for authenc(hmac(md5),cbc(des)) (authenc-hmac-md5-cbc-des-caam)
[   32.030071] alg: No test for echainiv(authenc(hmac(md5),cbc(des))) (echainiv-authenc-hmac-md5-cbc-des-caam)
[   32.099437] alg: No test for echainiv(authenc(hmac(sha1),cbc(des))) (echainiv-authenc-hmac-sha1-cbc-des-caam)
[   32.169248] alg: No test for echainiv(authenc(hmac(sha224),cbc(des))) (echainiv-authenc-hmac-sha224-cbc-des-caam)
[   32.239089] alg: No test for echainiv(authenc(hmac(sha256),cbc(des))) (echainiv-authenc-hmac-sha256-cbc-des-caam)
[   32.249636] alg: No test for authenc(hmac(md5),rfc3686(ctr(aes))) (authenc-hmac-md5-rfc3686-ctr-aes-caam)
[   32.259714] alg: No test for seqiv(authenc(hmac(md5),rfc3686(ctr(aes)))) (seqiv-authenc-hmac-md5-rfc3686-ctr-aes-caam)
[   32.271241] alg: No test for seqiv(authenc(hmac(sha1),rfc3686(ctr(aes)))) (seqiv-authenc-hmac-sha1-rfc3686-ctr-aes-caam)
[   32.282473] alg: No test for authenc(hmac(sha224),rfc3686(ctr(aes))) (authenc-hmac-sha224-rfc3686-ctr-aes-caam)
[   32.293522] alg: No test for seqiv(authenc(hmac(sha224),rfc3686(ctr(aes)))) (seqiv-authenc-hmac-sha224-rfc3686-ctr-aes-caam)
[   32.305561] alg: No test for seqiv(authenc(hmac(sha256),rfc3686(ctr(aes)))) (seqiv-authenc-hmac-sha256-rfc3686-ctr-aes-caam)
[   32.316994] caam algorithms registered in /proc/crypto
[   35.678961] caam 30900000.crypto: caam pkc algorithms registered in /proc/crypto
[   35.686448] caam 30900000.crypto: registering rng-caam
[   35.748564] kauditd_printk_skb: 5 callbacks suppressed
[   35.748577] audit: type=1130 audit(1629763218.339:30): pid=1 uid=0 auid=4294967295 ses=4294967295 subj=kernel msg='unit=systemd-udev-settle comm="systemd" exe="/usr/lib/systemd/systemd" hostname=? addr=? terminal=? res=success'
[  OK  ] Finished Wait for udev To Complete Device Initialization.
         Starting Device-Mapper Multipath Device Controller...
[  OK  ] Started Device-Mapp[   35.792515] audit: type=1130 audit(1629763218.369:31): pid=1 uid=0 auid=4294967295 ses=4294967295 subj=kernel msg='unit=multipathd comm="systemd" exe="/usr/lib/systemd/systemd" hostname=? addr=? terminal=? res=success'
er Multipath Device Controller.
[  OK  ] Reache[   35.816041] random: crng init done
d target Preparation for[   35.821638] random: 7 urandom warning(s) missed due to ratelimiting
 Local File Systems.
[  OK  ] Reached target Local File Systems.
[  OK  ] Reached target System Initialization.
[  OK  ] Reached target Basic System.
[   36.830334] loop: module loaded
[   36.902543] loop0: detected capacity change from 0 to 2352976
[   37.024854] loop1: detected capacity change from 0 to 8388608
[   37.128745] loop2: detected capacity change from 0 to 67108864
[  OK  ] Finished    37.393838] audit: type=1130 audit(1629763219.989:32): pid=1 uid=0 auid=4294967295 ses=4294967295 subj=kernel msg='unit=dracut-initqueue comm="systemd" exe="/usr/lib/systemd/systemd" hostname=? addr=? terminal=? res=success'
1;39mdracut initqueue hook.
[  OK  ] Reached target Preparation for Remote File Systems.
[  OK  ] Reached target Remote Encrypted Volumes.
[  OK  ] Reached target Remote File Systems.
         Starting dracut pre-mount hook...
[  OK  ] Finished    37.498437] audit: type=1130 audit(1629763220.089:33): pid=1 uid=0 auid=4294967295 ses=4294967295 subj=kernel msg='unit=dracut-pre-mount comm="systemd" exe="/usr/lib/systemd/systemd" hostname=? addr=? terminal=? res=success'
1;39mdracut pre-mount hook.
[  OK  ] Reached target Initrd Root File System.
         Starting Reload Configuration from the Real Root...
[   37.563473] audit: type=1334 audit(1629763220.159:34): prog-id=12 op=UNLOAD
[   37.570474] audit: type=1334 audit(1629763220.159:35): prog-id=9 op=UNLOAD
[   37.721917] systemd-gpt-auto-generator[1446]: EFI loader partition unknown, exiting.
[   37.734640] systemd-gpt-auto-generator[1446]: (The boot loader did not set EFI variable LoaderDevicePartUUID.)
[   38.239730] audit: type=1334 audit(1629763220.829:36): prog-id=15 op=LOAD
[   38.246966] audit: type=1334 audit(1629763220.839:37): prog-id=16 op=LOAD
[   38.254360] audit: type=1334 audit(1629763220.839:38): prog-id=17 op=LOAD
[   38.261404] audit: type=1334 audit(1629763220.839:39): prog-id=13 op=UNLOAD
         Stopping Device-Mapper Multipath Device Controller...
[  OK  ] Finished Reload Configuration from the Real Root.
[  OK  ] Reached target Initrd File Systems.
[  OK  ] Reached target Initrd Default Target.
         Starting dracut mount hook...
[  OK  ] Stopped Device-Mapper Multipath Device Controller.
[   38.495444] EXT4-fs (dm-0): mounted filesystem with ordered data mode. Opts: (null). Quota mode: none.
[  OK  ] Finished dracut mount hook.
         Starting dracut pre-pivot and cleanup hook...
[  OK  ] Finished dracut pre-pivot and cleanup hook.
         Starting Cleaning Up and Shutting Down Daemons...
[  OK  ] Stopped target Network.
[  OK  ] Stopped target Remote Encrypted Volumes.
[  OK  ] Stopped target Timer Units.
[  OK  ] Closed D-Bus System Message Bus Socket.
[  OK  ] Stopped dracut pre-pivot and cleanup hook.
[  OK  ] Stopped target Initrd Default Target.
[  OK  ] Stopped target Basic System.
[  OK  ] Stopped target Initrd Root Device.
[  OK  ] Stopped target Initrd /usr File System.
[  OK  ] Stopped target Path Units.
[  OK  ] Stopped target Remote File Systems.
[  OK  ] Stopped target Preparation for Remote File Systems.
[  OK  ] Stopped target Slice Units.
[  OK  ] Stopped target Socket Units.
[  OK  ] Stopped target System Initialization.
[  OK  ] Stopped target Local File Systems.
[  OK  ] Stopped target Preparation for Local File Systems.
[  OK  ] Stopped target Swaps.
[  OK  ] Closed Open-iSCSI iscsid Socket.
[  OK  ] Closed Open-iSCSI iscsiuio Socket.
[  OK  ] Stopped dracut mount hook.
[  OK  ] Stopped dracut pre-mount hook.
[  OK  ] Stopped target Local Encrypted Volumes.
[  OK  ] Stopped dracut initqueue hook.
         Starting Plymouth switch root service...
[  OK  ] Stopped Apply Kernel Variables.
[  OK  ] Stopped Create Volatile Files and Directories.
[  OK  ] Stopped Wait for udev To Complete Device Initialization.
[  OK  ] Stopped Coldplug All udev Devices.
[  OK  ] Stopped dracut pre-trigger hook.
         Stopping Rule-based Manage&for Device Events and Files...
[  OK  ] Finished Cleaning Up and Shutting Down Daemons.
[  OK  ] Stopped Rule-based Manager for Device Events and Files.
[  OK  ] Closed udev Control Socket.
[  OK  ] Closed udev Kernel Socket.
[  OK  ] Stopped dracut pre-udev hook.
[  OK  ] Stopped dracut cmdline hook.
[  OK  ] Stopped dracut ask for additional cmdline parameters.
         Starting Cleanup udev Database...
         Stopping Hardware RNG Entropy Gatherer Daemon...
[  OK  ] Stopped Create Static Device Nodes in /dev.
[  OK  ] Stopped Create List of Static Device Nodes.
[  OK  ] Stopped Hardware RNG Entropy Gatherer Daemon.
[  OK  ] Finished Cleanup udev Database.
[  OK  ] Reached target Switch Root.
[  OK  ] Finished Plymouth switch root service.
         Starting Switch Root...
[   39.627324] systemd-journald[309]: Received SIGTERM from PID 1 (systemd).
[   42.568019] SELinux:  policy capability network_peer_controls=1
[   42.574083] SELinux:  policy capability open_perms=1
[   42.579049] SELinux:  policy capability extended_socket_class=1
[   42.584980] SELinux:  policy capability always_check_network=0
[   42.590811] SELinux:  policy capability cgroup_seclabel=1
[   42.596229] SELinux:  policy capability nnp_nosuid_transition=1
[   42.602150] SELinux:  policy capability genfs_seclabel_symlinks=0
[   42.821331] kauditd_printk_skb: 34 callbacks suppressed
[   42.821345] audit: type=1403 audit(1629763225.409:74): auid=4294967295 ses=4294967295 lsm=selinux res=1
[   42.857070] systemd[1]: Successfully loaded SELinux policy in 716.264ms.
[   43.435918] systemd[1]: Relabelled /dev, /dev/shm, /run, /sys/fs/cgroup in 275.255ms.
[   43.467777] systemd[1]: systemd v249.4-1.fc35 running in system mode (+PAM +AUDIT +SELINUX -APPARMOR +IMA +SMACK +SECCOMP +GCRYPT +GNUTLS +OPENSSL +ACL +BLKID +CURL +ELFUTILS +FIDO2 +IDN2 -IDN +IPTC +KMOD +LIBCRYPTSETUP +LIBFDISK +PCRE2 +PWQUALITY +P11KIT +QRENCODE +BZ
IP2 +LZ4 +XZ +ZLIB +ZSTD +XKBCOMMON +UTMP +SYSVINIT default-hierarchy=unified)
[   43.499512] systemd[1]: Detected architecture arm64.

Welcome to Fedora Linux 35 (IoT Edition Prerelease)!

[   43.534871] systemd[1]: Initializing machine ID from random generator.
[   43.624082] audit: type=1334 audit(1629763226.219:75): prog-id=21 op=LOAD
[   43.630921] audit: type=1334 audit(1629763226.219:76): prog-id=21 op=UNLOAD
[   43.638044] audit: type=1334 audit(1629763226.219:77): prog-id=22 op=LOAD
[   43.644914] audit: type=1334 audit(1629763226.219:78): prog-id=22 op=UNLOAD
[   43.785971] systemd-gpt-auto-generator[1590]: EFI loader partition unknown, exiting.
[   43.793898] systemd-gpt-auto-generator[1590]: (The boot loader did not set EFI variable LoaderDevicePartUUID.)
[   44.687785] zram: Added device: zram0
[   46.742351] audit: type=1334 audit(1629763229.329:79): prog-id=23 op=LOAD
[   46.749616] audit: type=1334 audit(1629763229.339:80): prog-id=24 op=LOAD
[   46.756487] audit: type=1334 audit(1629763229.339:81): prog-id=25 op=LOAD
[   46.759302] systemd[1]: initrd-switch-root.service: Deactivated successfully.
[   46.763335] audit: type=1334 audit(1629763229.339:82): prog-id=16 op=UNLOAD
[   46.763351] audit: type=1334 audit(1629763229.339:83): prog-id=17 op=UNLOAD
[   46.786056] systemd[1]: Stopped Switch Root.
[  OK  ] Stopped    46.792662] systemd[1]: systemd-journald.service: Scheduled restart job, restart counter is at 1.
;39mSwitch Root.
[   46.805852] systemd[1]: Created slice Slice /system/anaconda-tmux.
[  OK  ] Created slice[   46.814397] systemd[1]: Created slice Slice /system/modprobe.
 Slice /system/anaconda-[   46.823659] systemd[1]: Created slice Slice /system/sshd-keygen.
tmux.
[  OK  ] C[   46.832832] systemd[1]: Created slice Slice /system/systemd-zram-setup.
reated slice Slice /syst[   46.842350] systemd[1]: Created slice User and Session Slice.
em/modprobe.
[  OK  [   46.850674] systemd[1]: Condition check resulted in Dispatch Password Requests to Console Directory Watch being skipped.
] Created slice Slic[   46.865607] systemd[1]: Set up automount Arbitrary Executable File Formats File System Automount Point.
e /system/sshd-keygen.
[   46.876466] systemd[1]: Stopped target Switch Root.
;32m  OK  ] Created slice    46.884150] systemd[1]: Stopped target Initrd File Systems.
;1;39mSlice /system/systemd-zram-[   46.892562] systemd[1]: Stopped target Initrd Root File System.
setup.
[  OK  ] [   46.901423] systemd[1]: Reached target Path Units.
Created slice User and S[   46.909146] systemd[1]: Reached target Slice Units.
ession Slice.
[  OK [   46.916882] systemd[1]: Reached target Local Verity Integrity Protected Volumes.
 ] Set up automount Arbitrary&s File System Automou[   46.932180] systemd[1]: Listening on LVM2 poll daemon socket.
nt Point.
[  OK     46.939633] systemd[1]: Listening on multipathd control socket.
m] Stopped target Switch Root.
[  OK  ] Stopped target Initrd Fi[   46.955514] systemd[1]: Listening on Process Core Dump Socket.
le Systems.
[  OK   systemd[1]: Listening on initctl Compatibility Named Pipe.
[0m] Stopped target Init[   46.975171] systemd[1]: Listening on udev Control Socket.
rd Root File System.
[   46.981598] systemd[1]: Listening on udev Kernel Socket.
2m  OK  ] Reached target    46.991198] systemd[1]: Listening on User Database Manager Socket.
1;39mPath Units.
[  OK  ] Reached target Slice Units.
[  OK [   47.005224] systemd[1]: Mounting Huge Pages File System...
 ] Reached target Local Verity Integrity Protected Volumes.
[  OK  ] [   47.020081] systemd[1]: Mounting POSIX Message Queue File System...
Listening on LVM2 poll daemon socket.
[  OK  ] Listening on mult[   47.035072] systemd[1]: Mounting Kernel Debug File System...
ipathd control socket.
[  OK  ] Listening on    47.049388] systemd[1]: Mounting Kernel Trace File System...
1;39mProcess Core Dump Socket.
[  OK  ] Listening on initctl Compatibilit[   47.062199] systemd[1]: Starting Create List of Static Device Nodes...
y Named Pipe.
[  OK  ] Listening on udev Control Socket.
[  [   47.077315] systemd[1]: Starting Load Kernel Module configfs...
OK  ] Listening on udev Kernel Socket.
[  OK  ] Listening on    47.092191] systemd[1]: Starting Load Kernel Module drm...
1;39mUser Database Manager Socket.
[   47.106393] systemd[1]: Starting Load Kernel Module fuse...

         Mounting POSIX[   47.114967] systemd[1]: plymouth-switch-root.service: Deactivated successfully.
 Message Queue File System...[   47.125371] systemd[1]: Stopped Plymouth switch root service.

         Mounting Kernel Debug File System...
         Mounting Kern[   47.139153] systemd[1]: Condition check resulted in Set Up Additional Binary Formats being skipped.
el Trace File System...
   [   47.151166] systemd[1]: Stopped Journal Service.
      Starting Create List of Static Device Nodes...
[   47.168600] systemd[1]: Starting Journal Service...

         Starting Load[   47.176978] fuse: init (API version 7.34)
 Kernel Module drm...
     [   47.177282] systemd[1]: Condition check resulted in Load Kernel Modules being skipped.
    Starting Load Kernel Module fuse...
[  OK  ] Stopped Plymo[   47.198976] systemd[1]: Starting Remount Root and Kernel File Systems...
uth switch root service.
[ systemd[1]: Condition check resulted in Repartition Root Disk being skipped.
[0;32m  OK  ] Stopped Journal Service.
         Starting Journal Se[   47.225256] systemd[1]: Starting Apply Kernel Variables...
rvice...
         Starting Remount Root and Kernel File Systems...
       [   47.239783] systemd[1]: Starting Coldplug All udev Devices...
  Starting Apply Kernel Variables...
         Starting Coldplug All udev Devices...
[   47.256196] systemd[1]: Mounted Huge Pages File System.
[  OK  ] Mounted    47.263684] systemd[1]: Mounted POSIX Message Queue File System.
[   47.272894] systemd[1]: Mounted Kernel Debug File System.

[  OK  ] Mounted    47.281025] systemd[1]: Mounted Kernel Trace File System.
;39mPOSIX Message Queue File Syst[   47.289132] systemd[1]: Started Journal Service.
em.
[  OK  ] Mounted Kernel Debug File System.
[  OK  ] Mounted Kernel Trace File System.
[  OK  ] Started Journal Service.
[  OK  ] Finished Create List of Static Device Nodes.
[  OK  ] Finished Load Kernel Module configfs.
[  OK  ] Finished Load Kernel Module drm.
[  OK  ] Finished Load Kernel Module fuse.
[  OK  ] Finished Remount Root and Kernel File Systems.
         Mounting FUSE Control File System...
         Mounting Kernel Configuration File System...
         Starting Rebuild Hardware Database...
         Starting Flush Journal to Persistent Storage...
         Starting Load/Save Random Seed...
         Starting Create System Users...
[  OK  ] Finished Apply Kernel Variables.
[  OK  ] Mounted FUSE Control File System.
[  OK  ] Mounted Kernel Configuration File System.
[  OK  ] Finished Load/Save Random Seed.
[  OK  ] Finished Flush Journal to Persistent Storage.
[  OK  ] Finished Create System Users.
         Starting Create Static Device Nodes in /dev...
[  OK  ] Finished Create Static Device Nodes in /dev.
[  OK  ] Finished Coldplug All udev Devices.
         Starting Wait for udev To &plete Device Initialization...
[  OK  ] Finished Rebuild Hardware Database.
         Starting Rule-based Manage&for Device Events and Files...
[  OK  ] Started Rule-based Manager for Device Events and Files.
         Starting Load Kernel Module configfs...
[  OK  ] Finished Load Kernel Module configfs.
[  OK  ] Found device /dev/zram0.
         Starting Create swap on /dev/zram0...
[  OK  ] Finished Create swap on /dev/zram0.
         Activating swap Compressed Swap on /dev/zram0...
[  OK  ] Activated swap Compressed Swap on /dev/zram0.
[  OK  ] Reached target Swaps.
         Mounting Temporary Directory /tmp...
[  OK  ] Mounted Temporary Directory /tmp.
[  OK  ] Listening on Load/Save RF &itch Status /dev/rfkill Watch.
[  OK  ] Finished Wait for udev To Complete Device Initialization.
         Starting Activation of DM RAID sets...
         Starting Device-Mapper Multipath Device Controller...
[  OK  ] Started Device-Mapper Multipath Device Controller.
[  OK  ] Finished Activation of DM RAID sets.
[  OK  ] Reached target Local Encrypted Volumes.
[  OK  ] Reached target Preparation for Local File Systems.
[  OK  ] Reached target Local File Systems.
         Starting Restore /run/initramfs on shutdown...
         Starting Import network configuration from initramfs...
         Starting Rebuild Dynamic Linker Cache...
         Starting Tell Plymouth To Write Out Runtime Data...
[  OK  ] Finished Restore /run/initramfs on shutdown.
[  OK  ] Finished Tell Plymouth To Write Out Runtime Data.
[  OK  ] Finished Import network configuration from initramfs.
         Starting Create Volatile Files and Directories...
[  OK  ] Finished Create Volatile Files and Directories.
         Starting Rebuild Journal Catalog...
         Starting Record System Boot/Shutdown in UTMP...
[  OK  ] Finished Record System Boot/Shutdown in UTMP.
[  OK  ] Finished Rebuild Journal Catalog.
[  OK  ] Finished Rebuild Dynamic Linker Cache.
         Starting Update is Completed...
[  OK  ] Finished Update is Completed.
[  OK  ] Reached target System Initialization.
[  OK  ] Started Weekly RAID setup health check.
[  OK  ] Started Daily Cleanup of Temporary Directories.
[  OK  ] Reached target Timer Units.
[  OK  ] Listening on D-Bus System Message Bus Socket.
[  OK  ] Listening on Open-iSCSI iscsid Socket.
[  OK  ] Listening on Open-iSCSI iscsiuio Socket.
[  OK  ] Reached target Socket Units.
[  OK  ] Reached target Basic System.
         Starting Anaconda NetworkManager configuration...
         Starting pre-anaconda logging service...
         Starting Braille display driver for Linux/Unix...
         Starting Hold until boot process finishes up...
         Starting Terminate Plymouth Boot Screen...
         Starting System Logging Service...
         Starting OpenSSH ecdsa Server Key Generation...
         Starting OpenSSH ed25519 Server Key Generation...
         Starting OpenSSH rsa Server Key Generation...
         Starting User Login Management...
[  OK  ] Finished Anaconda NetworkManager configuration.
[  OK  ] Finished pre-anaconda logging service.
[  OK  ] Finished Hold until boot process finishes up.
[  OK  ] Finished Terminate Plymouth Boot Screen.





























































Starting installer, one moment...
anaconda 35.22.2-1.fc35 for Fedora-IoT 35 started.
 * installation log files are stored in /tmp during the installation
 * shell is available on TTY2
 * if the graphical installation interface fails to start, try again with the
   inst.text bootoption to start text installation
 * when reporting a bug add logs from /tmp as separate text/plain attachments
================================================================================
================================================================================
Text mode provides a limited set of installation options. It does not offer
custom partitioning for full control over the disk layout. Would you like to use
VNC mode instead?

1) Start VNC
2) Use text mode

Please make a selection from the above ['c' to continue, 'q' to quit, 'r' to
refresh]: 2
================================================================================
================================================================================
Installation

1) [x] Language settings                 2) [x] Time settings
       (English (United States))                (America/New_York timezone)
3) [!] Installation Destination          4) [x] Network configuration
       (Processing...)                          (Wired (eth0) connected)
5) [x] Root password                     6) [!] User creation
       (Root account is disabled.)              (No user will be created)

Please make a selection from the above ['b' to begin installation, 'h' to help,
'q' to quit, 'r' to refresh]: 3
Probing storage...
================================================================================
================================================================================
Installation Destination

1) [x] DISK: 14.68 GiB (mmcblk2)

1 disk selected; 14.68 GiB capacity; 1007 KiB free

Please make a selection from the above ['c' to continue, 'h' to help, 'q' to
quit, 'r' to refresh]: c
================================================================================
================================================================================
Partitioning Options

1) [ ] Replace Existing Linux system(s)
2) [x] Use All Space
3) [ ] Use Free Space
4) [ ] Manually assign mount points

Installation requires partitioning of your hard drive. Select what space to use
for the install target or manually assign mount points.

Please make a selection from the above ['c' to continue, 'q' to quit, 'r' to
refresh]: 1
================================================================================
================================================================================
Partitioning Options

1) [x] Replace Existing Linux system(s)
2) [ ] Use All Space
3) [ ] Use Free Space
4) [ ] Manually assign mount points

Installation requires partitioning of your hard drive. Select what space to use
for the install target or manually assign mount points.

Please make a selection from the above ['c' to continue, 'q' to quit, 'r' to
refresh]: c
================================================================================
================================================================================
Partition Scheme Options

1) [ ] Standard Partition
2) [ ] Btrfs
3) [x] LVM
4) [ ] LVM Thin Provisioning

Select a partition scheme configuration.

Please make a selection from the above ['c' to continue, 'q' to quit, 'r' to
refresh]: 1
================================================================================
================================================================================
Partition Scheme Options

1) [x] Standard Partition
2) [ ] Btrfs
3) [ ] LVM
4) [ ] LVM Thin Provisioning

Select a partition scheme configuration.

Please make a selection from the above ['c' to continue, 'q' to quit, 'r' to
refresh]: c
Saving storage configuration...
Checking storage configuration...

================================================================================
================================================================================
Installation

1) [x] Language settings                 2) [x] Time settings
       (English (United States))                (America/New_York timezone)
3) [x] Installation Destination          4) [x] Network configuration
       (Automatic partitioning                  (Wired (eth0) connected)
       selected)
5) [x] Root password                     6) [!] User creation
       (Root account is disabled.)              (No user will be created)

Please make a selection from the above ['b' to begin installation, 'h' to help,
'q' to quit, 'r' to refresh]: 6
================================================================================
================================================================================
User creation

1) [ ] Create user

Please make a selection from the above ['c' to continue, 'h' to help, 'q' to
quit, 'r' to refresh]: 1
================================================================================
================================================================================
User creation

1) [x] Create user
2) Full name
3) User name
4) [x] Use password
5) Password
6) [ ] Administrator
7) Groups

Please make a selection from the above ['c' to continue, 'h' to help, 'q' to
quit, 'r' to refresh]: 3
================================================================================
================================================================================
Enter a new value for 'User name' and press ENTER: systemready
================================================================================
================================================================================
User creation

1) [x] Create user
2) Full name
3) User name
   systemready
4) [x] Use password
5) Password
6) [ ] Administrator
7) Groups

Please make a selection from the above ['c' to continue, 'h' to help, 'q' to
quit, 'r' to refresh]: 5
================================================================================
================================================================================
Password:
Password (confirm):
================================================================================
================================================================================
User creation

1) [x] Create user
2) Full name
3) User name
   systemready
4) [x] Use password
5) Password
   Password set.
6) [ ] Administrator
7) Groups

Please make a selection from the above ['c' to continue, 'h' to help, 'q' to
quit, 'r' to refresh]: 6
================================================================================
================================================================================
User creation

1) [x] Create user
2) Full name
3) User name
   systemready
4) [x] Use password
5) Password
   Password set.
6) [x] Administrator
7) Groups
   wheel

Please make a selection from the above ['c' to continue, 'h' to help, 'q' to
quit, 'r' to refresh]: c
================================================================================
================================================================================
Installation

1) [x] Language settings                 2) [x] Time settings
       (English (United States))                (America/New_York timezone)
3) [x] Installation Destination          4) [x] Network configuration
       (Automatic partitioning                  (Wired (eth0) connected)
       selected)
5) [x] Root password                     6) [x] User creation
       (Root account is disabled.)              (Administrator systemready will
                                                be created)

Please make a selection from the above ['b' to begin installation, 'h' to help,
'q' to quit, 'r' to refresh]: b
================================================================================
================================================================================
Progress

.

Setting up the installation environment
.

Configuring storage
Creating ext4 on /dev/mmcblk2p3
Creating ext4 on /dev/mmcblk2p2
.
.

Running pre-installation scripts
.

Running pre-installation tasks
.
.
.
.

Installing.
Prepare System for Installation
Initialize OSTree file system and repository
Change OSTree remote
Pull OSTree Remote
Starting pull of fedora/devel/aarch64/iot from fedora-iot
Writing objects
Writing objects
Writing objects
Writing objects
Writing objects
Writing objects
Writing objects
Writing objects
Writing objects
Writing objects
Writing objects
Writing objects
Writing objects
Writing objects
Writing objects
Writing objects
Writing objects
Writing objects
Writing objects
Writing objects
Writing objects
Writing objects
Writing objects
Writing objects
Writing objects
Writing objects
Writing objects
Writing objects
Writing objects
Writing objects
Writing objects
Writing objects
Writing objects
Writing objects
Writing objects
Writing objects
Writing objects
Writing objects
Writing objects
Writing objects
Writing objects
Writing objects
Writing objects
Writing objects
Writing objects
Writing objects
Writing objects
Writing objects
Writing objects
Writing objects
Writing objects
Writing objects
Writing objects
Writing objects
Writing objects
Writing objects
Writing objects
Writing objects
Writing objects
Writing objects
Writing objects
Writing objects
Writing objects
Writing objects
Writing objects
Writing objects
Writing objects
Writing objects
Writing objects
Writing objects
Writing objects
Writing objects
Writing objects
Writing objects
Writing objects
Writing objects
Writing objects
Writing objects
Writing objects
Writing objects
Writing objects
Writing objects
Writing objects
Writing objects
Writing objects
Writing objects
Writing objects
Writing objects
Writing objects
Writing objects
Writing objects
Writing objects
Writing objects
Writing objects
Writing objects
Writing objects
Writing objects
Writing objects
Writing objects
Writing objects
Writing objects
Writing objects
Writing objects
Writing objects
Writing objects
Writing objects
Writing objects
Writing objects
Writing objects
Writing objects
Writing objects
Writing objects
Writing objects
Writing objects
Writing objects
Writing objects
Writing objects
Writing objects
Writing objects
Writing objects
Writing objects
Writing objects
Writing objects
Writing objects
Writing objects
Writing objects
Writing objects
Writing objects
Writing objects
Writing objects
Writing objects
Writing objects
Writing objects
Writing objects
Writing objects
Writing objects
Writing objects
Writing objects
Writing objects
Writing objects
Writing objects
Writing objects
Writing objects
Writing objects
Writing objects
Writing objects
Writing objects
Writing objects
Writing objects
Writing objects
Writing objects
Preparing deployment of fedora/devel/aarch64/iot
Deploy OSTree
Deployment starting: fedora/devel/aarch64/iot
Deployment complete: fedora/devel/aarch64/iot
Set OSTree system root
Copy OSTree bootloader data
Prepare OSTree mount targets
.

Configuring storage
.

Installing boot loader
.
================================================================================
================================================================================
Question

The following error occurred while installing the boot loader. The system will
not be bootable. Would you like to ignore this and continue with installation?

Failed to set new efi boot target. This is most likely a kernel or firmware bug.

Please respond 'yes' or 'no': yes
.

Performing post-installation setup tasks
.

Configuring installed system
.
.
.
.
.
.
.
.
.
.
.
.
.

Writing network configuration
.

Creating users
.
.
.
.
.

Configuring addons
Generating initramfs
.
.
.

Storing configuration files and kickstarts
.

Running post-installation scripts
.

Installation complete. Press ENTER to quit:

[anaconda]1:main* 2:shell  3:log  4:storage-log >Switch tab: Alt+Tab | Help: F1




































[termina



















































































































































































[  OK  ] Started Show Plymouth Reboot Screen.
[  OK  ] Stopped System Logging Service.
[  OK  ] Stopped User Login Management.
[  OK  ] Stopped Braille display driver for Linux/Unix.
[  OK  ] Stopped Disk Manager.
[  OK  ] Stopped Restore /run/initramfs on shutdown.
         Starting Tell Plymouth To Jump To initramfs...
[  OK  ] Finished Tell Plymouth To Jump To initramfs.
[  OK  ] Stopped WPA supplicant.
[  OK  ] Stopped Network Manager.
[  OK  ] Stopped target Basic System.
[  OK  ] Stopped Forward Password R&s to Plymouth Directory Watch.
[  OK  ] Stopped target Path Units.
[  OK  ] Stopped target Slice Units.
[  OK  ] Removed slice User and Session Slice.
[  OK  ] Stopped target Socket Units.
[  OK  ] Closed Open-iSCSI iscsid Socket.
[  OK  ] Closed Open-iSCSI iscsiuio Socket.
         Stopping D-Bus System Message Bus...
[  OK  ] Stopped D-Bus System Message Bus.
[  OK  ] Closed D-Bus System Message Bus Socket.
[  OK  ] Stopped target System Initialization.
[  OK  ] Unset automount Arbitrary &s File System Automount Point.
[  OK  ] Stopped target Local Encrypted Volumes.
[  OK  ] Stopped target Local Verity Integrity Protected Volumes.
[  OK  ] Stopped Apply Kernel Variables.
[  OK  ] Stopped Update is Completed.
[  OK  ] Stopped Rebuild Dynamic Linker Cache.
[  OK  ] Stopped Rebuild Hardware Database.
[  OK  ] Stopped Rebuild Journal Catalog.
         Stopping Record System Boot/Shutdown in UTMP...
[  OK  ] Stopped Record System Boot/Shutdown in UTMP.
[  OK  ] Stopped Create Volatile Files and Directories.
[  OK  ] Stopped Import network configuration from initramfs.
[  OK  ] Stopped target Local File Systems.
         Unmounting /mnt/sysimage/boot/efi...
         Unmounting /mnt/sysimage/dev/pts...
         Unmounting /mnt/sysimage/dev/shm...
         Unmounting /mnt/sysimage/o&825ae5a84f685f095.0/dev/pts...
         Unmounting /mnt/sysimage/o&825ae5a84f685f095.0/dev/shm...
         Unmounting /mnt/sysimage/o&.0/sys/firmware/efi/efivars...
         Unmounting /mnt/sysimage/o&84f685f095.0/sys/fs/selinux...
         Unmounting /mnt/sysimage/proc...
         Unmounting /mnt/sysimage/run...
         Unmounting /mnt/sysimage/sys/firmware/efi/efivars...
         Unmounting /mnt/sysimage/sys/fs/selinux...
         Unmounting /mnt/sysimage/tmp...
         Unmounting /mnt/sysroot/dev/pts...
         Unmounting /mnt/sysroot/dev/shm...
         Unmounting /mnt/sysroot/sys/firmware/efi/efivars...
         Unmounting /mnt/sysroot/sys/fs/selinux...
         Unmounting /run/credentials/systemd-sysusers.service...
         Unmounting /run/install/repo...
         Unmounting Temporary Directory /tmp...
         Unmounting /var/lib/nfs/rpc_pipefs...
[  OK  ] Unmounted /mnt/sysimage/boot/efi.
[  OK  ] Unmounted /mnt/sysimage/dev/pts.
[  OK  ] Unmounted /mnt/sysimage/dev/shm.
[  OK  ] Unmounted /mnt/sysimage/os&0c825ae5a84f685f095.0/dev/pts.
[  OK  ] Unmounted /mnt/sysimage/os&0c825ae5a84f685f095.0/dev/shm.
[  OK  ] Unmounted /mnt/sysimage/os&95.0/sys/firmware/efi/efivars.
[  OK  ] Unmounted /mnt/sysimage/os&5a84f685f095.0/sys/fs/selinux.
[  OK  ] Unmounted /mnt/sysimage/proc.
[  OK  ] Unmounted /mnt/sysimage/run.
[  OK  ] Unmounted /mnt/sysimage/sys/firmware/efi/efivars.
[  OK  ] Unmounted /mnt/sysimage/sys/fs/selinux.
[  OK  ] Unmounted /mnt/sysimage/tmp.
[  OK  ] Unmounted /mnt/sysroot/dev/pts.
[  OK  ] Unmounted /mnt/sysroot/dev/shm.
[  OK  ] Unmounted /mnt/sysroot/sys/firmware/efi/efivars.
[  OK  ] Unmounted /mnt/sysroot/sys/fs/selinux.
[  OK  ] Unmounted /run/credentials/systemd-sysusers.service.
[FAILED] Failed unmounting /run/install/repo.
[  OK  ] Unmounted Temporary Directory /tmp.
[  OK  ] Unmounted /var/lib/nfs/rpc_pipefs.
[  OK  ] Stopped target Swaps.
         Deactivating swap Compressed Swap on /dev/zram0...
         Unmounting /mnt/sysimage/boot...
         Unmounting /mnt/sysimage/dev...
         Unmounting /mnt/sysimage/o&c40c825ae5a84f685f095.0/dev...
         Unmounting /mnt/sysimage/o&c40c825ae5a84f685f095.0/sys...
         Unmounting /mnt/sysimage/sys...
         Unmounting /mnt/sysroot/dev...
         Unmounting /mnt/sysroot/sys...
[  OK  ] Unmounted /mnt/sysimage/dev.
[  OK  ] Unmounted /mnt/sysimage/os&0ec40c825ae5a84f685f095.0/dev.
[  OK  ] Unmounted /mnt/sysimage/os&0ec40c825ae5a84f685f095.0/sys.
[  OK  ] Unmounted /mnt/sysimage/sys.
[  OK  ] Unmounted /mnt/sysroot/dev.
[  OK  ] Unmounted /mnt/sysroot/sys.
         Unmounting /mnt/sysroot...
[  OK  ] Unmounted /mnt/sysroot.
[  OK  ] Unmounted /mnt/sysimage/boot.
         Unmounting /mnt/sysimage...
[  OK  ] Unmounted /mnt/sysimage.
[  OK  ] Stopped target Preparation for Local File Systems.
         Stopping Device-Mapper Multipath Device Controller...
[  OK  ] Stopped Create Static Device Nodes in /dev.
[  OK  ] Stopped Create System Users.
[  OK  ] Stopped Remount Root and Kernel File Systems.
[  OK  ] Deactivated swap Compressed Swap on /dev/zram0.
[  OK  ] Reached target Unmount All Filesystems.
         Stopping Create swap on /dev/zram0...
[  OK  ] Stopped Device-Mapper Multipath Device Controller.
[  OK  ] Stopped Create swap on /dev/zram0.
[  OK  ] Removed slice Slice /system/systemd-zram-setup.
[  OK  ] Reached target System Shutdown.
[  OK  ] Reached target Late Shutdown Services.
[  OK  ] Finished System Reboot.
[  OK  ] Reached target System Reboot.
[  529.801844] watchdog: watchdog0: watchdog did not stop!
[  530.102660] dracut Warning: Killing all remaining processes
dracut Warning: Killing all remaining processes
[  530.458617] dracut Warning: Unmounted /oldroot.
dracut Warning: Unmounted /oldroot.
eject: unable to eject
eject: unable to eject
eject: unable to eject
eject: unable to eject
eject: unable to eject
eject: unable to eject
eject: unable to eject
eject: unable to eject
eject: unable to eject
eject: unable to eject
eject: unable to eject
eject: unable to eject
eject: unable to eject
eject: unable to eject
eject: unable to eject
eject: unable to eject
eject: unable to eject
eject: unable to eject
eject: unable to eject
eject: unable to eject
eject: unable to eject
eject: unable to eject
eject: unable to eject
eject: unable to eject
eject: unable to eject
eject: unable to eject
eject: unable to eject
eject: unable to eject
eject: unable to eject
eject: unable to eject
eject: unable to eject
eject: unable to eject
eject: unable to eject
eject: unable to eject
eject: unable to eject
eject: unable to eject
eject: unable to eject
eject: unable to eject
eject: unable to eject
eject: unable to eject
eject: unable to eject
eject: unable to eject
Rebooting.
[  531.825980] imx2-wdt 30280000.watchdog: Device shutdown: Expect reboot!
[  531.833091] reboot: Restarting system

U-Boot SPL 2021.04+fio+gfac7c7dfe6 (Oct 08 2021 - 01:44:35 +0000)
power_bd71837_init
DDRINFO: start DRAM init
DDRINFO: DRAM rate 3000MTS
DDRINFO:ddrphy calibration done
DDRINFO: ddrmix config done
Normal Boot
Trying to boot from MMC2
SPL: Booting primary boot path: using 0x300 offset for next boot image
## Checking hash(es) for config config-1 ... OK
## Checking hash(es) for Image atf ... sha256+ OK
## Checking hash(es) for Image uboot ... sha256+ OK
## Checking hash(es) for Image ubootfdt ... sha256+ OK
## Checking hash(es) for Image optee ... sha256+ OK
## Checking hash(es) for Image bootscr ... sha256+ OK
NOTICE:  BL31: v2.4(release):lf-5.10.52-2.1.0-rc2-0-gbb4957067-dirty
NOTICE:  BL31: Built : 04:45:39, Sep  8 2021
I/TC:
I/TC: Non-secure external DT found
I/TC: OP-TEE version: 3.10.0-113-g0c95ab1e (gcc version 10.2.0 (GCC)) #1 Fri 08 Oct 2021 06:28:00 PM UTC aarch64
I/TC: Primary CPU initializing
I/TC: Primary CPU switching to normal world boot


U-Boot 2021.04+fio+gfac7c7dfe6 (Oct 08 2021 - 01:44:35 +0000)

alloc space exhausted
CPU:   i.MX8MMQ rev1.0 1800 MHz (running at 1200 MHz)
CPU:   Commercial temperature grade (0C to 95C) at 47C
Reset cause: POR
Model: NXP i.MX8MM EVK board
DRAM:  2 GiB
TCPC:  Vendor ID [0x1fc9], Product ID [0x5110], Addr [I2C1 0x52]
Power supply on USB2
TCPC:  Vendor ID [0x1fc9], Product ID [0x5110], Addr [I2C1 0x50]
MMC:   FSL_SDHC: 1, FSL_SDHC: 2
Loading Environment from FAT... *** Warning - bad CRC, using default environment

[*]-Video Link 0adv7535_mipi2hdmi adv7535@3d: Can't find cec device id=0x3c
fail to probe panel device adv7535@3d
mxs_video lcdif@32e00000: failed to get any video link display timings
probe video device failed, ret -22

        [0] lcdif@32e00000, video
        [1] mipi_dsi@32e10000, video_bridge
        [2] adv7535@3d, panel
adv7535_mipi2hdmi adv7535@3d: Can't find cec device id=0x3c
fail to probe panel device adv7535@3d
mxs_video lcdif@32e00000: failed to get any video link display timings
probe video device failed, ret -22
In:    serial
Out:   serial
Err:   serial

 BuildInfo:
  - ATF bb49570

Net:   eth0: ethernet@30be0000
Hit any key to stop autoboot:  0
47085 bytes read in 18 ms (2.5 MiB/s)
starting USB...
Bus usb@32e40000: Port not available.
USB is stopped. Please issue 'usb start' first.
MMC: no card present
switch to partitions #0, OK
mmc2(part 0) is current device
Scanning mmc 2:1...
47085 bytes read in 6 ms (7.5 MiB/s)
MMC: no card present
Scanning disk mmc@30b50000.blk...
Disk mmc@30b50000.blk not ready
Scanning disk mmc@30b60000.blk...
Found 4 disks
adv7535_mipi2hdmi adv7535@3d: Can't find cec device id=0x3c
fail to probe panel device adv7535@3d
mxs_video lcdif@32e00000: failed to get any video link display timings
BootOrder not defined
EFI boot manager: Cannot load any image
Found EFI removable media binary efi/boot/bootaa64.efi
827392 bytes read in 10 ms (78.9 MiB/s)
Booting /efi\boot\bootaa64.efi
ethernet@30be0000 Waiting for PHY auto negotiation to complete. done




      Fedora Linux 35.20211007.0 (IoT Edition Prerelease) (ostree:0)
      UEFI Firmware Settings


















































      Use the ² and ¼ keys to change the selection.
      Press 'e' to edit the selected item, or 'c' for a command prompt. Press Escape to return to the previous menu.































































EFI stub: Booting Linux Kernel...
EFI stub: EFI_RNG_PROTOCOL unavailable
EFI stub: Using DTB from configuration table
EFI stub: Exiting boot services and installing virtual address map...
I/TC: Secondary CPU 1 initializing
I/TC: Secondary CPU 1 switching to normal world boot
I/TC: Secondary CPU 2 initializing
I/TC: Secondary CPU 2 switching to normal world boot
I/TC: Secondary CPU 3 initializing
I/TC: Secondary CPU 3 switching to normal world boot
[    0.000000] Booting Linux on physical CPU 0x0000000000 [0x410fd034]
[    0.000000] Linux version 5.14.9-300.fc35.aarch64 (mockbuild@buildvm-a64-09.iad2.fedoraproject.org) (gcc (GCC) 11.2.1 20210728 (Red Hat 11.2.1-1), GNU ld version 2.37-10.fc35) #1 SMP Thu Sep 30 11:38:04 UTC 2021
[    0.000000] Machine model: FSL i.MX8MM LPDDR4 EVK with QCA WIFI revC board
[    0.000000] efi: EFI v2.80 by Das U-Boot
[    0.000000] efi: ESRT=0xb9cbe040 RTPROP=0xb9cc0040 SMBIOS=0xb9cbc000 MOKvar=0xb9ba0000 MEMRESERVE=0xb9b92040
[    0.000000] esrt: Reserving ESRT space from 0x00000000b9cbe040 to 0x00000000b9cbe078.
[    0.000000] OF: reserved mem: failed to allocate memory for node 'linux,cma'
[    0.000000] ACPI: Early table checksum verification disabled
[    0.000000] ACPI: OSL: System description tables not found
[    0.000000] ACPI: Failed to init ACPI tables
[    0.000000] NUMA: No NUMA configuration found
[    0.000000] NUMA: Faking a node at [mem 0x0000000040000000-0x00000000bfffffff]
[    0.000000] NUMA: NODE_DATA [mem 0xbdb808c0-0xbdb96fff]
[    0.000000] Zone ranges:
[    0.000000]   DMA      [mem 0x0000000040000000-0x00000000bfffffff]
[    0.000000]   DMA32    empty
[    0.000000]   Normal   empty
[    0.000000]   Device   empty
[    0.000000] Movable zone start for each node
[    0.000000] Early memory node ranges
[    0.000000]   node   0: [mem 0x0000000040000000-0x00000000b9b9ffff]
[    0.000000]   node   0: [mem 0x00000000b9ba0000-0x00000000b9ba0fff]
[    0.000000]   node   0: [mem 0x00000000b9ba1000-0x00000000b9baafff]
[    0.000000]   node   0: [mem 0x00000000b9bab000-0x00000000b9bacfff]
[    0.000000]   node   0: [mem 0x00000000b9bad000-0x00000000b9badfff]
[    0.000000]   node   0: [mem 0x00000000b9bae000-0x00000000b9baefff]
[    0.000000]   node   0: [mem 0x00000000b9baf000-0x00000000b9be0fff]
[    0.000000]   node   0: [mem 0x00000000b9be1000-0x00000000b9be1fff]
[    0.000000]   node   0: [mem 0x00000000b9be2000-0x00000000b9cb3fff]
[    0.000000]   node   0: [mem 0x00000000b9cb4000-0x00000000b9cbafff]
[    0.000000]   node   0: [mem 0x00000000b9cbb000-0x00000000b9cbbfff]
[    0.000000]   node   0: [mem 0x00000000b9cbc000-0x00000000b9cbcfff]
[    0.000000]   node   0: [mem 0x00000000b9cbd000-0x00000000b9cbffff]
[    0.000000]   node   0: [mem 0x00000000b9cc0000-0x00000000b9cc0fff]
[    0.000000]   node   0: [mem 0x00000000b9cc1000-0x00000000b9cc1fff]
[    0.000000]   node   0: [mem 0x00000000b9cc2000-0x00000000b9cc4fff]
[    0.000000]   node   0: [mem 0x00000000b9cc5000-0x00000000b9cc5fff]
[    0.000000]   node   0: [mem 0x00000000b9cc6000-0x00000000b9ccafff]
[    0.000000]   node   0: [mem 0x00000000b9ccb000-0x00000000b9ccbfff]
[    0.000000]   node   0: [mem 0x00000000b9ccc000-0x00000000b9cccfff]
[    0.000000]   node   0: [mem 0x00000000b9ccd000-0x00000000b9ccdfff]
[    0.000000]   node   0: [mem 0x00000000b9cce000-0x00000000b9ccefff]
[    0.000000]   node   0: [mem 0x00000000b9ccf000-0x00000000b9cd0fff]
[    0.000000]   node   0: [mem 0x00000000b9cd1000-0x00000000b9cd1fff]
[    0.000000]   node   0: [mem 0x00000000b9cd2000-0x00000000bccdffff]
[    0.000000]   node   0: [mem 0x00000000bcce0000-0x00000000bcceffff]
[    0.000000]   node   0: [mem 0x00000000bccf0000-0x00000000bdffffff]
[    0.000000]   node   0: [mem 0x00000000be000000-0x00000000bfffffff]
[    0.000000] Initmem setup node 0 [mem 0x0000000040000000-0x00000000bfffffff]
[    0.000000] cma: Reserved 64 MiB at 0x00000000b5000000
[    0.000000] psci: probing for conduit method from DT.
[    0.000000] psci: PSCIv1.1 detected in firmware.
[    0.000000] psci: Using standard PSCI v0.2 function IDs
[    0.000000] psci: Trusted OS migration not required
[    0.000000] psci: SMC Calling Convention v1.2
[    0.000000] percpu: Embedded 33 pages/cpu s94296 r8192 d32680 u135168
[    0.000000] Detected VIPT I-cache on CPU0
[    0.000000] CPU features: detected: GIC system register CPU interface
[    0.000000] CPU features: kernel page table isolation forced ON by KASLR
[    0.000000] CPU features: detected: Kernel page table isolation (KPTI)
[    0.000000] CPU features: detected: ARM erratum 845719
[    0.000000] Built 1 zonelists, mobility grouping on.  Total pages: 516096
[    0.000000] Policy zone: DMA
[    0.000000] Kernel command line: BOOT_IMAGE=(hd0,gpt2)/ostree/fedora-iot-5663b61e49af6f29bdb16577f89856b110f1b27d9cefe8cef0f894e380c34214/vmlinuz-5.14.9-300.fc35.aarch64 console=ttymxc1,115200 root=UUID=0f0918dd-b541-4df3-a146-4b2799d59248 ostree=/ostree/boot.0/fedora-
iot/5663b61e49af6f29bdb16577f89856b110f1b27d9cefe8cef0f894e380c34214/0
[    0.000000] Unknown command line parameters: BOOT_IMAGE=(hd0,gpt2)/ostree/fedora-iot-5663b61e49af6f29bdb16577f89856b110f1b27d9cefe8cef0f894e380c34214/vmlinuz-5.14.9-300.fc35.aarch64 ostree=/ostree/boot.0/fedora-iot/5663b61e49af6f29bdb16577f89856b110f1b27d9cefe8cef0f894
e380c34214/0
[    0.000000] Dentry cache hash table entries: 262144 (order: 9, 2097152 bytes, linear)
[    0.000000] Inode-cache hash table entries: 131072 (order: 8, 1048576 bytes, linear)
[    0.000000] mem auto-init: stack:off, heap alloc:off, heap free:off
[    0.000000] Memory: 1835532K/2097152K available (15872K kernel code, 4024K rwdata, 12492K rodata, 7040K init, 8670K bss, 196084K reserved, 65536K cma-reserved)
[    0.000000] random: get_random_u64 called from kmem_cache_open+0x30/0x320 with crng_init=0
[    0.000000] SLUB: HWalign=64, Order=0-3, MinObjects=0, CPUs=4, Nodes=1
[    0.000000] ftrace: allocating 52201 entries in 204 pages
[    0.000000] ftrace: allocated 204 pages with 4 groups
[    0.000000] trace event string verifier disabled
[    0.000000] rcu: Hierarchical RCU implementation.
[    0.000000] rcu:     RCU restricting CPUs from NR_CPUS=4096 to nr_cpu_ids=4.
[    0.000000]  Trampoline variant of Tasks RCU enabled.
[    0.000000]  Rude variant of Tasks RCU enabled.
[    0.000000]  Tracing variant of Tasks RCU enabled.
[    0.000000] rcu: RCU calculated value of scheduler-enlistment delay is 10 jiffies.
[    0.000000] rcu: Adjusting geometry for rcu_fanout_leaf=16, nr_cpu_ids=4
[    0.000000] NR_IRQS: 64, nr_irqs: 64, preallocated irqs: 0
[    0.000000] GICv3: GIC: Using split EOI/Deactivate mode
[    0.000000] GICv3: 128 SPIs implemented
[    0.000000] GICv3: 0 Extended SPIs implemented
[    0.000000] GICv3: Distributor has no Range Selector support
[    0.000000] Root IRQ handler: gic_handle_irq
[    0.000000] GICv3: 16 PPIs implemented
[    0.000000] GICv3: CPU0: found redistributor 0 region 0:0x0000000038880000
[    0.000000] ITS: No ITS available, not enabling LPIs
[    0.000000] rcu:     Offload RCU callbacks from CPUs: (none).
[    0.000000] arch_timer: cp15 timer(s) running at 8.00MHz (phys).
[    0.000000] clocksource: arch_sys_counter: mask: 0xffffffffffffff max_cycles: 0x1d854df40, max_idle_ns: 440795202120 ns
[    0.000001] sched_clock: 56 bits at 8MHz, resolution 125ns, wraps every 2199023255500ns
[    0.000805] Console: colour dummy device 80x25
[    0.000917] Calibrating delay loop (skipped), value calculated using timer frequency.. 16.00 BogoMIPS (lpj=80000)
[    0.000932] pid_max: default: 32768 minimum: 301
[    0.001073] LSM: Security Framework initializing
[    0.001125] Yama: becoming mindful.
[    0.001154] SELinux:  Initializing.
[    0.001285] LSM support for eBPF active
[    0.001294] landlock: Up and running.
[    0.001365] Mount-cache hash table entries: 4096 (order: 3, 32768 bytes, linear)
[    0.001380] Mountpoint-cache hash table entries: 4096 (order: 3, 32768 bytes, linear)
[    0.003268] rcu: Hierarchical SRCU implementation.
[    0.005577] Remapping and enabling EFI services.
[    0.006033] smp: Bringing up secondary CPUs ...
[    0.014423] Detected VIPT I-cache on CPU1
[    0.014456] GICv3: CPU1: found redistributor 1 region 0:0x00000000388a0000
[    0.014510] CPU1: Booted secondary processor 0x0000000001 [0x410fd034]
[    0.022946] Detected VIPT I-cache on CPU2
[    0.022973] GICv3: CPU2: found redistributor 2 region 0:0x00000000388c0000
[    0.023008] CPU2: Booted secondary processor 0x0000000002 [0x410fd034]
[    0.031433] Detected VIPT I-cache on CPU3
[    0.031461] GICv3: CPU3: found redistributor 3 region 0:0x00000000388e0000
[    0.031496] CPU3: Booted secondary processor 0x0000000003 [0x410fd034]
[    0.031588] smp: Brought up 1 node, 4 CPUs
[    0.031617] SMP: Total of 4 processors activated.
[    0.031625] CPU features: detected: 32-bit EL0 Support
[    0.031631] CPU features: detected: 32-bit EL1 Support
[    0.031639] CPU features: detected: CRC32 instructions
[    0.031744] CPU features: emulated: Privileged Access Never (PAN) using TTBR0_EL1 switching
[    0.042534] CPU: All CPU(s) started at EL2
[    0.042596] alternatives: patching kernel code
[    0.044760] devtmpfs: initialized
[    0.053414] Registered cp15_barrier emulation handler
[    0.053442] Registered setend emulation handler
[    0.053453] KASLR disabled due to lack of seed
[    0.053623] clocksource: jiffies: mask: 0xffffffff max_cycles: 0xffffffff, max_idle_ns: 19112604462750000 ns
[    0.053643] futex hash table entries: 1024 (order: 4, 65536 bytes, linear)
[    0.056894] pinctrl core: initialized pinctrl subsystem
[    0.057737] SMBIOS 3.0 present.
[    0.057758] DMI: Unknown Unknown Product/Unknown Product, BIOS 2021.04+fio+gfac7c7dfe6 10/08/2021
[    0.058310] NET: Registered PF_NETLINK/PF_ROUTE protocol family
[    0.061725] DMA: preallocated 256 KiB GFP_KERNEL pool for atomic allocations
[    0.061988] DMA: preallocated 256 KiB GFP_KERNEL|GFP_DMA pool for atomic allocations
[    0.062233] DMA: preallocated 256 KiB GFP_KERNEL|GFP_DMA32 pool for atomic allocations
[    0.062333] audit: initializing netlink subsys (disabled)
[    0.062593] audit: type=2000 audit(0.060:1): state=initialized audit_enabled=0 res=1
[    0.063786] thermal_sys: Registered thermal governor 'fair_share'
[    0.063793] thermal_sys: Registered thermal governor 'step_wise'
[    0.063798] thermal_sys: Registered thermal governor 'user_space'
[    0.064022] cpuidle: using governor menu
[    0.064208] hw-breakpoint: found 6 breakpoint and 4 watchpoint registers.
[    0.064327] ASID allocator initialised with 32768 entries
[    0.064804] Serial: AMBA PL011 UART driver
[    0.076802] debugfs: Directory 'dummy-iomuxc-gpr@30340000' with parent 'regmap' already present!
[    0.077164] imx8mm-pinctrl 30330000.pinctrl: initialized IMX pinctrl driver
[    0.087854] platform 32e10000.mipi_dsi: Fixing up cyclic dependency with 32e00000.lcdif
[    0.088631] platform 32e30000.mipi_csi: Fixing up cyclic dependency with 32e20000.csi1_bridge
[    0.104289] HugeTLB registered 1.00 GiB page size, pre-allocated 0 pages
[    0.104310] HugeTLB registered 32.0 MiB page size, pre-allocated 0 pages
[    0.104320] HugeTLB registered 2.00 MiB page size, pre-allocated 0 pages
[    0.104329] HugeTLB registered 64.0 KiB page size, pre-allocated 0 pages
[    0.801435] cryptd: max_cpu_qlen set to 1000
[    0.806431] alg: No test for 842 (842-generic)
[    0.806546] alg: No test for 842 (842-scomp)
[    0.817116] raid6: skip pq benchmark and using algorithm neonx8
[    0.817139] raid6: using neon recovery algorithm
[    0.817672] ACPI: Interpreter disabled.
[    0.818374] iommu: Default domain type: Translated
[    0.818656] vgaarb: loaded
[    0.819169] SCSI subsystem initialized
[    0.819533] usbcore: registered new interface driver usbfs
[    0.819570] usbcore: registered new interface driver hub
[    0.819600] usbcore: registered new device driver usb
[    0.819928] pps_core: LinuxPPS API ver. 1 registered
[    0.819936] pps_core: Software ver. 5.3.6 - Copyright 2005-2007 Rodolfo Giometti <giometti@linux.it>
[    0.819961] PTP clock support registered
[    0.820142] EDAC MC: Ver: 3.0.0
[    0.821252] Registered efivars operations
[    0.822472] NetLabel: Initializing
[    0.822484] NetLabel:  domain hash size = 128
[    0.822489] NetLabel:  protocols = UNLABELED CIPSOv4 CALIPSO
[    0.822553] NetLabel:  unlabeled traffic allowed by default
[    0.823116] clocksource: Switched to clocksource arch_sys_counter
[    0.884657] VFS: Disk quotas dquot_6.6.0
[    0.884749] VFS: Dquot-cache hash table entries: 512 (order 0, 4096 bytes)
[    0.885368] pnp: PnP ACPI: disabled
[    0.892123] NET: Registered PF_INET protocol family
[    0.892256] IP idents hash table entries: 32768 (order: 6, 262144 bytes, linear)
[    0.893366] tcp_listen_portaddr_hash hash table entries: 1024 (order: 2, 16384 bytes, linear)
[    0.893411] TCP established hash table entries: 16384 (order: 5, 131072 bytes, linear)
[    0.893589] TCP bind hash table entries: 16384 (order: 6, 262144 bytes, linear)
[    0.893809] TCP: Hash tables configured (established 16384 bind 16384)
[    0.894007] MPTCP token hash table entries: 2048 (order: 3, 49152 bytes, linear)
[    0.894090] UDP hash table entries: 1024 (order: 3, 32768 bytes, linear)
[    0.894136] UDP-Lite hash table entries: 1024 (order: 3, 32768 bytes, linear)
[    0.894330] NET: Registered PF_UNIX/PF_LOCAL protocol family
[    0.894358] NET: Registered PF_XDP protocol family
[    0.894373] PCI: CLS 0 bytes, default 64
[    0.894814] Trying to unpack rootfs image as initramfs...
[    0.930664] hw perfevents: enabled with armv8_pmuv3 PMU driver, 7 counters available
[    0.931532] kvm [1]: IPA Size Limit: 40 bits
[    0.936002] kvm [1]: GICv3: no GICV resource entry
[    0.936019] kvm [1]: disabling GICv2 emulation
[    0.936038] kvm [1]: GIC system register CPU interface enabled
[    0.936511] kvm [1]: vgic interrupt IRQ9
[    0.938351] kvm [1]: Hyp mode initialized successfully
[    3.099580] Freeing initrd memory: 65364K
[    3.205052] Initialise system trusted keyrings
[    3.205105] Key type blacklist registered
[    3.205292] workingset: timestamp_bits=37 max_order=19 bucket_order=0
[    3.212943] zbud: loaded
[    3.216129] integrity: Platform Keyring initialized
[    3.252104] NET: Registered PF_ALG protocol family
[    3.252123] xor: measuring software checksum speed
[    3.256311]    8regs           :  2362 MB/sec
[    3.259836]    32regs          :  2797 MB/sec
[    3.264067]    arm64_neon      :  2336 MB/sec
[    3.264074] xor: using function: 32regs (2797 MB/sec)
[    3.264083] Key type asymmetric registered
[    3.264089] Asymmetric key parser 'x509' registered
[    3.264134] Block layer SCSI generic (bsg) driver version 0.4 loaded (major 244)
[    3.264305] io scheduler mq-deadline registered
[    3.264312] io scheduler kyber registered
[    3.264479] io scheduler bfq registered
[    3.265787] atomic64_test: passed
[    3.288155] SoC: i.MX8MM revision 1.0
[    3.291405] debugfs: Directory 'dummy-reset-controller@30390000' with parent 'regmap' already present!
[    3.292314] Serial: 8250/16550 driver, 32 ports, IRQ sharing enabled
[    3.300599] 30860000.serial: ttymxc0 at MMIO 0x30860000 (irq = 47, base_baud = 5000000) is a IMX
[    3.301252] 30880000.serial: ttymxc2 at MMIO 0x30880000 (irq = 48, base_baud = 5000000) is a IMX
[    3.301707] 30890000.serial: ttymxc1 at MMIO 0x30890000 (irq = 49, base_baud = 1500000) is a IMX
[    4.634340] printk: console [ttymxc1] enabled
[    4.639747] msm_serial: driver initialized
[    4.648656] libphy: Fixed MDIO Bus: probed
[    4.653330] ehci_hcd: USB 2.0 'Enhanced' Host Controller (EHCI) Driver
[    4.659872] ehci-pci: EHCI PCI platform driver
[    4.664493] usbcore: registered new interface driver usbserial_generic
[    4.671036] usbserial: USB Serial support registered for generic
[    4.677170] mousedev: PS/2 mouse device common for all mice
[    4.685052] device-mapper: uevent: version 1.0.3
[    4.689977] device-mapper: ioctl: 4.45.0-ioctl (2021-03-22) initialised: dm-devel@redhat.com
[    4.700152] ledtrig-cpu: registered to indicate activity on CPUs
[    4.706941] SMCCC: SOC_ID: ARCH_SOC_ID not implemented, skipping ....
[    4.713808] hid: raw HID events driver (C) Jiri Kosina
[    4.719126] usbcore: registered new interface driver usbhid
[    4.724710] usbhid: USB HID core driver
[    4.730193] drop_monitor: Initializing network drop monitor service
[    4.736660] Initializing XFRM netlink socket
[    4.741467] NET: Registered PF_INET6 protocol family
[    4.780139] Segment Routing with IPv6
[    4.783856] RPL Segment Routing with IPv6
[    4.787934] mip6: Mobile IPv6
[    4.790906] NET: Registered PF_PACKET protocol family
[    4.798411] registered taskstats version 1
[    4.803210] Loading compiled-in X.509 certificates
[    4.811964] Loaded X.509 cert 'Fedora kernel signing key: 5b2daf84223d4ae569c10c30dfe5c8cd68e6ec62'
[    4.821421] zswap: loaded using pool lzo/zbud
[    4.826933] page_owner is disabled
[    4.831253] Key type ._fscrypt registered
[    4.835293] Key type .fscrypt registered
[    4.839217] Key type fscrypt-provisioning registered
[    4.846206] Btrfs loaded, crc32c=crc32c-generic, zoned=yes
[    4.851777] Key type big_key registered
[    5.066483] Key type encrypted registered
[    5.070652] integrity: Loading X.509 certificate: UEFI:MokListRT (MOKvar table)
[    5.078945] integrity: Loaded X.509 cert 'Fedora Secure Boot CA: fde32599c2d61db1bf5807335d7b20e4cd963b42'
[    5.088966] ima: secureboot mode disabled
[    5.092983] ima: No TPM chip found, activating TPM-bypass!
[    5.098492] Loading compiled-in module X.509 certificates
[    5.106579] Loaded X.509 cert 'Fedora kernel signing key: 5b2daf84223d4ae569c10c30dfe5c8cd68e6ec62'
[    5.115640] ima: Allocated hash algorithm: sha256
[    5.120383] ima: No architecture policies found
[    5.124987] evm: Initialising EVM extended attributes:
[    5.130125] evm: security.selinux
[    5.133446] evm: security.SMACK64 (disabled)
[    5.137716] evm: security.SMACK64EXEC (disabled)
[    5.142331] evm: security.SMACK64TRANSMUTE (disabled)
[    5.147386] evm: security.SMACK64MMAP (disabled)
[    5.152000] evm: security.apparmor (disabled)
[    5.156364] evm: security.ima
[    5.159329] evm: security.capability
[    5.162906] evm: HMAC attrs: 0x1
[    5.195160] Freeing unused kernel memory: 7040K
[    5.296350] Checked W+X mappings: passed, no W+X pages found
[    5.302034] rodata_test: all tests were successful
[    5.306871] Run /init as init process
[    5.334057] systemd[1]: System time before build time, advancing clock.
[    5.358535] systemd[1]: systemd v249.4-1.fc35 running in system mode (+PAM +AUDIT +SELINUX -APPARMOR +IMA +SMACK +SECCOMP +GCRYPT +GNUTLS +OPENSSL +ACL +BLKID +CURL +ELFUTILS +FIDO2 +IDN2 -IDN +IPTC +KMOD +LIBCRYPTSETUP +LIBFDISK +PCRE2 +PWQUALITY +P11KIT +QRENCODE +BZ
IP2 +LZ4 +XZ +ZLIB +ZSTD +XKBCOMMON +UTMP +SYSVINIT default-hierarchy=unified)
[    5.390314] systemd[1]: Detected architecture arm64.
[    5.395445] systemd[1]: Running in initial RAM disk.

Welcome to Fedora Linux 35.20211007.0 (IoT Edition Prerelease) dracut-055-3.fc35.1 (Initramfs)!

[    5.434101] systemd[1]: No hostname configured, using default hostname.
[    5.441120] systemd[1]: Hostname set to <fedora>.
[    5.446234] random: systemd: uninitialized urandom read (16 bytes read)
[    5.452920] systemd[1]: Initializing machine ID from random generator.
[    5.888103] systemd[1]: Queued start job for default target Initrd Default Target.
[    5.896499] random: systemd: uninitialized urandom read (16 bytes read)
[    5.903691] systemd[1]: Started Forward Password Requests to Clevis Directory Watch.
[  OK  ] Started Forward Password R&sts to Clevis Directory Watch.
[    5.944027] random: systemd: uninitialized urandom read (16 bytes read)
[    5.950975] systemd[1]: Started Dispatch Password Requests to Console Directory Watch.
[  OK  ] Started Dispatch Password &ts to Console Directory Watch.
[    5.993775] systemd[1]: Reached target Local Encrypted Volumes (Pre).
[  OK  ] Reached target Local Encrypted Volumes (Pre).
[    6.033676] systemd[1]: Reached target Local Encrypted Volumes.
[  OK  ] Reached target Local Encrypted Volumes.
[    6.073752] systemd[1]: Reached target Ignition Subsequent Boot Disk Setup.
[  OK  ] Reached target Ignition Subsequent Boot Disk Setup.
[    6.113720] systemd[1]: Reached target Subsequent (Not Ignition) boot complete.
[  OK  ] Reached target Subsequent (Not Ignition) boot complete.
[    6.153789] systemd[1]: Reached target Initrd /usr File System.
[  OK  ] Reached target Initrd /usr File System.
[    6.193670] systemd[1]: Reached target Local File Systems.
[  OK  ] Reached target Local File Systems.
[    6.233692] systemd[1]: Reached target Path Units.
[  OK  ] Reached target Path Units.
[    6.264054] systemd[1]: Reached target Slice Units.
[  OK  ] Reached target Slice Units.
[    6.294007] systemd[1]: Reached target Swaps.
[  OK  ] Reached target Swaps.
[    6.323983] systemd[1]: Reached target Timer Units.
[  OK  ] Reached target Timer Units.
[    6.354445] systemd[1]: Listening on D-Bus System Message Bus Socket.
[  OK  ] Listening on D-Bus System Message Bus Socket.
[    6.394456] systemd[1]: Listening on Journal Audit Socket.
[  OK  ] Listening on Journal Audit Socket.
[    6.434252] systemd[1]: Listening on Journal Socket (/dev/log).
