
U-Boot SPL 2021.04+updatedfirmware1+g34db8c0029 (Oct 14 2021 - 14:29:58 +0000)
PMIC:  PFUZE100 ID=0x10
DDRINFO: start DRAM init
DDRINFO: DRAM rate 3200MTS
DDRINFO:ddrphy calibration done
DDRINFO: ddrmix config done
Normal Boot
Trying to boot from MMC1
SPL: Booting primary boot path: using 0x1300 offset for next boot image
## Checking hash(es) for config config-1 ... OK
## Checking hash(es) for Image atf ... sha256+ OK
## Checking hash(es) for Image uboot ... sha256+ OK
## Checking hash(es) for Image ubootfdt ... sha256+ OK
## Checking hash(es) for Image optee ... sha256+ OK
## Checking hash(es) for Image bootscr ... sha256+ OK
I/TC:
I/TC: Non-secure external DT found
I/TC: OP-TEE version: 3.10.0-113-g0c95ab1e (gcc version 10.2.0 (GCC)) #1 Fri 08 Oct 2021 06:28:00 PM UTC aarch64
I/TC: Primary CPU initializing
I/TC: Primary CPU switching to normal world boot


U-Boot 2021.04+updatedfirmware1+g34db8c0029 (Oct 14 2021 - 14:29:58 +0000)

CPU:   i.MX8MQ rev2.1 1500 MHz (running at 1000 MHz)
CPU:   Commercial temperature grade (0C to 95C) at 30C
Reset cause: POR
Model: NXP i.MX8MQ EVK
DRAM:  3 GiB
TCPC:  Vendor ID [0x1fc9], Product ID [0x5110], Addr [I2C0 0x50]
MMC:   FSL_SDHC: 0, FSL_SDHC: 1
Loading Environment from FAT... *** Warning - bad CRC, using default environment

[*]-Video Link 0imx8m_hdmi_probe
 (1280 x 720)
        [0] display-controller@32e00000, video
        [1] hdmi@32c00000, display
In:    serial
Out:   serial
Err:   serial

 BuildInfo:
  - ATF bb49570

Net:   eth0: ethernet@30be0000
Hit any key to stop autoboot:  0
47638 bytes read in 24 ms (1.9 MiB/s)
starting USB...
Bus usb@38100000: Failed to initialize board for imx8m USB
probe failed, error -1
Bus usb@38200000: Register 2000140 NbrPorts 2
Starting the controller
USB XHCI 1.10
scanning bus usb@38200000 for devices... 1 USB Device(s) found
       scanning usb for storage devices... 0 Storage Device(s) found

Device 0: unknown device
switch to partitions #0, OK
mmc1 is current device
Scanning mmc 1:1...
Scanning disk mmc@30b40000.blk...
Scanning disk mmc@30b50000.blk...
Found 5 disks
BootOrder not defined
EFI boot manager: Cannot load any image
Found EFI removable media binary efi/boot/bootaa64.efi
827392 bytes read in 11 ms (71.7 MiB/s)
Booting /efi\boot\bootaa64.efi




      Install Fedora-IoT 35
      Test this media & install Fedora-IoT 35
      Troubleshooting -->

















































      Use the ² and ¼ keys to change the selection.
      Press 'e' to edit the selected item, or 'c' for a command prompt.


































































setparams 'Install Fedora-IoT 35'

        linux /images/pxeboot/vmlinuz console=ttymxc0,115200 inst.text inst.stage2=hd:LABEL=Fedora-iot-iot-ostree-aarch64-35 ro
        initrd /images/pxeboot/initrd.img
















































      Press Ctrl-x to start, Ctrl-c for a command prompt or Escape to discard edits and return to the menu. Pressing Tab lists
      possible completions.



EFI stub: Booting Linux Kernel...
EFI stub: EFI_RNG_PROTOCOL unavailable
EFI stub: Using DTB from configuration table
EFI stub: Exiting boot services and installing virtual address map...
Host not halted after 16000 microseconds.
I/TC: Secondary CPU 1 initializing
I/TC: Secondary CPU 1 switching to normal world boot
I/TC: Secondary CPU 2 initializing
I/TC: Secondary CPU 2 switching to normal world boot
I/TC: Secondary CPU 3 initializing
I/TC: Secondary CPU 3 switching to normal world boot
[    0.000000] Booting Linux on physical CPU 0x0000000000 [0x410fd034]
[    0.000000] Linux version 5.14.9-300.fc35.aarch64 (mockbuild@buildvm-a64-09.iad2.fedoraproject.org) (gcc (GCC) 11.2.1 20210728 (Red
Hat 11.2.1-1), GNU ld version 2.37-10.fc35) #1 SMP Thu Sep 30 11:38:04 UTC 2021
[    0.000000] Machine model: NXP i.MX8MQ EVK
[    0.000000] efi: EFI v2.80 by Das U-Boot
[    0.000000] efi: ESRT=0xfa6c2040 RTPROP=0xfa6c4040 SMBIOS=0xfa6c0000 MOKvar=0xfa5e5000 MEMRESERVE=0xc3b44040
[    0.000000] esrt: Reserving ESRT space from 0x00000000fa6c2040 to 0x00000000fa6c2078.
[    0.000000] Reserved memory: created CMA memory pool at 0x0000000080000000, size 896 MiB
[    0.000000] OF: reserved mem: initialized node linux,cma, compatible id shared-dma-pool
[    0.000000] ACPI: Early table checksum verification disabled
[    0.000000] ACPI: OSL: System description tables not found
[    0.000000] ACPI: Failed to init ACPI tables
[    0.000000] NUMA: No NUMA configuration found
[    0.000000] NUMA: Faking a node at [mem 0x0000000040000000-0x00000000ffffffff]
[    0.000000] NUMA: NODE_DATA [mem 0xfd5ec8c0-0xfd602fff]
[    0.000000] Zone ranges:
[    0.000000]   DMA      [mem 0x0000000040000000-0x00000000ffffffff]
[    0.000000]   DMA32    empty
[    0.000000]   Normal   empty
[    0.000000]   Device   empty
[    0.000000] Movable zone start for each node
[    0.000000] Early memory node ranges
[    0.000000]   node   0: [mem 0x0000000040000000-0x00000000fa5e4fff]
[    0.000000]   node   0: [mem 0x00000000fa5e5000-0x00000000fa5e5fff]
[    0.000000]   node   0: [mem 0x00000000fa5e6000-0x00000000fa6b7fff]
[    0.000000]   node   0: [mem 0x00000000fa6b8000-0x00000000fa6befff]
[    0.000000]   node   0: [mem 0x00000000fa6bf000-0x00000000fa6bffff]
[    0.000000]   node   0: [mem 0x00000000fa6c0000-0x00000000fa6c0fff]
[    0.000000]   node   0: [mem 0x00000000fa6c1000-0x00000000fa6c3fff]
[    0.000000]   node   0: [mem 0x00000000fa6c4000-0x00000000fa6c4fff]
[    0.000000]   node   0: [mem 0x00000000fa6c5000-0x00000000fa6c5fff]
[    0.000000]   node   0: [mem 0x00000000fa6c6000-0x00000000fa6c8fff]
[    0.000000]   node   0: [mem 0x00000000fa6c9000-0x00000000fa6c9fff]
[    0.000000]   node   0: [mem 0x00000000fa6ca000-0x00000000fa6cefff]
[    0.000000]   node   0: [mem 0x00000000fa6cf000-0x00000000fa6d0fff]
[    0.000000]   node   0: [mem 0x00000000fa6d1000-0x00000000fa6d2fff]
[    0.000000]   node   0: [mem 0x00000000fa6d3000-0x00000000fa6d3fff]
[    0.000000]   node   0: [mem 0x00000000fa6d4000-0x00000000fa6d4fff]
[    0.000000]   node   0: [mem 0x00000000fa6d5000-0x00000000fa6d6fff]
[    0.000000]   node   0: [mem 0x00000000fa6d7000-0x00000000fa6d7fff]
[    0.000000]   node   0: [mem 0x00000000fa6d8000-0x00000000fd6dffff]
[    0.000000]   node   0: [mem 0x00000000fd6e0000-0x00000000fd6effff]
[    0.000000]   node   0: [mem 0x00000000fd6f0000-0x00000000fd7fffff]
[    0.000000]   node   0: [mem 0x00000000fd800000-0x00000000fdb83fff]
[    0.000000]   node   0: [mem 0x00000000fdb84000-0x00000000fdffffff]
[    0.000000]   node   0: [mem 0x00000000fe000000-0x00000000ffffffff]
[    0.000000] Initmem setup node 0 [mem 0x0000000040000000-0x00000000ffffffff]
[    0.000000] psci: probing for conduit method from DT.
[    0.000000] psci: PSCIv1.1 detected in firmware.
[    0.000000] psci: Using standard PSCI v0.2 function IDs
[    0.000000] psci: Trusted OS migration not required
[    0.000000] psci: SMC Calling Convention v1.2
[    0.000000] percpu: Embedded 33 pages/cpu s94296 r8192 d32680 u135168
[    0.000000] Detected VIPT I-cache on CPU0
[    0.000000] CPU features: detected: GIC system register CPU interface
[    0.000000] CPU features: kernel page table isolation forced ON by KASLR
[    0.000000] CPU features: detected: Kernel page table isolation (KPTI)
[    0.000000] CPU features: detected: ARM erratum 845719
[    0.000000] Built 1 zonelists, mobility grouping on.  Total pages: 774144
[    0.000000] Policy zone: DMA
[    0.000000] Kernel command line: BOOT_IMAGE=/images/pxeboot/vmlinuz console=ttymxc0,115200 inst.text inst.stage2=hd:LABEL=Fedora-iot
-iot-ostree-aarch64-35 ro
[    0.000000] Unknown command line parameters: BOOT_IMAGE=/images/pxeboot/vmlinuz
[    0.000000] Dentry cache hash table entries: 524288 (order: 10, 4194304 bytes, linear)
[    0.000000] Inode-cache hash table entries: 262144 (order: 9, 2097152 bytes, linear)
[    0.000000] mem auto-init: stack:off, heap alloc:off, heap free:off
[    0.000000] Memory: 1992656K/3145728K available (15872K kernel code, 4024K rwdata, 12492K rodata, 7040K init, 8670K bss, 235568K res
erved, 917504K cma-reserved)
[    0.000000] random: get_random_u64 called from kmem_cache_open+0x30/0x320 with crng_init=0
[    0.000000] SLUB: HWalign=64, Order=0-3, MinObjects=0, CPUs=4, Nodes=1
[    0.000000] ftrace: allocating 52201 entries in 204 pages
[    0.000000] ftrace: allocated 204 pages with 4 groups
[    0.000000] trace event string verifier disabled
[    0.000000] rcu: Hierarchical RCU implementation.
[    0.000000] rcu:     RCU restricting CPUs from NR_CPUS=4096 to nr_cpu_ids=4.
[    0.000000]  Trampoline variant of Tasks RCU enabled.
[    0.000000]  Rude variant of Tasks RCU enabled.
[    0.000000]  Tracing variant of Tasks RCU enabled.
[    0.000000] rcu: RCU calculated value of scheduler-enlistment delay is 10 jiffies.
[    0.000000] rcu: Adjusting geometry for rcu_fanout_leaf=16, nr_cpu_ids=4
[    0.000000] NR_IRQS: 64, nr_irqs: 64, preallocated irqs: 0
[    0.000000] GICv3: GIC: Using split EOI/Deactivate mode
[    0.000000] GICv3: 128 SPIs implemented
[    0.000000] GICv3: 0 Extended SPIs implemented
[    0.000000] GICv3: Distributor has no Range Selector support
[    0.000000] Root IRQ handler: gic_handle_irq
[    0.000000] GICv3: 16 PPIs implemented
[    0.000000] GICv3: CPU0: found redistributor 0 region 0:0x0000000038880000
[    0.000000] ITS: No ITS available, not enabling LPIs
[    0.000000] rcu:     Offload RCU callbacks from CPUs: (none).
[    0.000000] arch_timer: cp15 timer(s) running at 8.33MHz (phys).
[    0.000000] clocksource: arch_sys_counter: mask: 0xffffffffffffff max_cycles: 0x1ec0311ec, max_idle_ns: 440795202152 ns
[    0.000001] sched_clock: 56 bits at 8MHz, resolution 120ns, wraps every 2199023255541ns
[    0.000968] Console: colour dummy device 80x25
[    0.001102] Calibrating delay loop (skipped), value calculated using timer frequency.. 16.66 BogoMIPS (lpj=83333)
[    0.001121] pid_max: default: 32768 minimum: 301
[    0.001286] LSM: Security Framework initializing
[    0.001346] Yama: becoming mindful.
[    0.001380] SELinux:  Initializing.
[    0.001523] LSM support for eBPF active
[    0.001535] landlock: Up and running.
[    0.001623] Mount-cache hash table entries: 8192 (order: 4, 65536 bytes, linear)
[    0.001653] Mountpoint-cache hash table entries: 8192 (order: 4, 65536 bytes, linear)
[    0.003875] rcu: Hierarchical SRCU implementation.
[    0.006506] Remapping and enabling EFI services.
[    0.006918] smp: Bringing up secondary CPUs ...
[    0.015348] Detected VIPT I-cache on CPU1
[    0.015384] GICv3: CPU1: found redistributor 1 region 0:0x00000000388a0000
[    0.015442] CPU1: Booted secondary processor 0x0000000001 [0x410fd034]
[    0.023890] Detected VIPT I-cache on CPU2
[    0.023916] GICv3: CPU2: found redistributor 2 region 0:0x00000000388c0000
[    0.023946] CPU2: Booted secondary processor 0x0000000002 [0x410fd034]
[    0.032369] Detected VIPT I-cache on CPU3
[    0.032394] GICv3: CPU3: found redistributor 3 region 0:0x00000000388e0000
[    0.032423] CPU3: Booted secondary processor 0x0000000003 [0x410fd034]
[    0.032519] smp: Brought up 1 node, 4 CPUs
[    0.032545] SMP: Total of 4 processors activated.
[    0.032552] CPU features: detected: 32-bit EL0 Support
[    0.032558] CPU features: detected: 32-bit EL1 Support
[    0.032566] CPU features: detected: CRC32 instructions
[    0.032685] CPU features: emulated: Privileged Access Never (PAN) using TTBR0_EL1 switching
[    0.046597] CPU: All CPU(s) started at EL2
[    0.046656] alternatives: patching kernel code
[    0.049506] devtmpfs: initialized
[    0.060175] Registered cp15_barrier emulation handler
[    0.060198] Registered setend emulation handler
[    0.060212] KASLR disabled due to lack of seed
[    0.060468] clocksource: jiffies: mask: 0xffffffff max_cycles: 0xffffffff, max_idle_ns: 19112604462750000 ns
[    0.060492] futex hash table entries: 1024 (order: 4, 65536 bytes, linear)
[    0.109911] pinctrl core: initialized pinctrl subsystem
[    0.110887] SMBIOS 3.0 present.
[    0.110915] DMI: Unknown Unknown Product/Unknown Product, BIOS 2021.04+updatedfirmware1+g34db8c0029 10/14/2021
[    0.111526] NET: Registered PF_NETLINK/PF_ROUTE protocol family
[    0.115446] DMA: preallocated 512 KiB GFP_KERNEL pool for atomic allocations
[    0.115760] DMA: preallocated 512 KiB GFP_KERNEL|GFP_DMA pool for atomic allocations
[    0.116133] DMA: preallocated 512 KiB GFP_KERNEL|GFP_DMA32 pool for atomic allocations
[    0.116277] audit: initializing netlink subsys (disabled)
[    0.116488] audit: type=2000 audit(0.110:1): state=initialized audit_enabled=0 res=1
[    0.117862] thermal_sys: Registered thermal governor 'fair_share'
[    0.117868] thermal_sys: Registered thermal governor 'step_wise'
[    0.117876] thermal_sys: Registered thermal governor 'user_space'
[    0.118102] cpuidle: using governor menu
[    0.118326] hw-breakpoint: found 6 breakpoint and 4 watchpoint registers.
[    0.118455] ASID allocator initialised with 32768 entries
[    0.118957] Serial: AMBA PL011 UART driver
[    0.129805] debugfs: Directory 'dummy-syscon@30340000' with parent 'regmap' already present!
[    0.130183] imx8mq-pinctrl 30330000.pinctrl: initialized IMX pinctrl driver
[    0.139519] platform 30a90000.csi1_bridge: Fixing up cyclic dependency with 30a70000.mipi_csi1
[    0.141417] platform 30b80000.csi2_bridge: Fixing up cyclic dependency with 30b60000.mipi_csi2
[    0.144327] platform 32e00000.display-controller: Fixing up cyclic dependency with 32c00000.hdmi
[    0.160776] HugeTLB registered 1.00 GiB page size, pre-allocated 0 pages
[    0.160795] HugeTLB registered 32.0 MiB page size, pre-allocated 0 pages
[    0.160805] HugeTLB registered 2.00 MiB page size, pre-allocated 0 pages
[    0.160813] HugeTLB registered 64.0 KiB page size, pre-allocated 0 pages
[    0.997010] cryptd: max_cpu_qlen set to 1000
[    1.002707] alg: No test for 842 (842-generic)
[    1.002824] alg: No test for 842 (842-scomp)
[    1.014834] raid6: skip pq benchmark and using algorithm neonx8
[    1.014854] raid6: using neon recovery algorithm
[    1.015372] ACPI: Interpreter disabled.
[    1.016069] iommu: Default domain type: Translated
[    1.016385] vgaarb: loaded
[    1.016956] SCSI subsystem initialized
[    1.017328] usbcore: registered new interface driver usbfs
[    1.017381] usbcore: registered new interface driver hub
[    1.017415] usbcore: registered new device driver usb
[    1.017666] pps_core: LinuxPPS API ver. 1 registered
[    1.017673] pps_core: Software ver. 5.3.6 - Copyright 2005-2007 Rodolfo Giometti <giometti@linux.it>
[    1.017692] PTP clock support registered
[    1.017875] EDAC MC: Ver: 3.0.0
[    1.018852] Registered efivars operations
[    1.020501] NetLabel: Initializing
[    1.020508] NetLabel:  domain hash size = 128
[    1.020514] NetLabel:  protocols = UNLABELED CIPSOv4 CALIPSO
[    1.020586] NetLabel:  unlabeled traffic allowed by default
[    1.021095] clocksource: Switched to clocksource arch_sys_counter
[    1.095264] VFS: Disk quotas dquot_6.6.0
[    1.095350] VFS: Dquot-cache hash table entries: 512 (order 0, 4096 bytes)
[    1.096046] pnp: PnP ACPI: disabled
[    1.103927] NET: Registered PF_INET protocol family
[    1.104133] IP idents hash table entries: 65536 (order: 7, 524288 bytes, linear)
[    1.106075] tcp_listen_portaddr_hash hash table entries: 2048 (order: 3, 32768 bytes, linear)
[    1.106146] TCP established hash table entries: 32768 (order: 6, 262144 bytes, linear)
[    1.106448] TCP bind hash table entries: 32768 (order: 7, 524288 bytes, linear)
[    1.106974] TCP: Hash tables configured (established 32768 bind 32768)
[    1.107201] MPTCP token hash table entries: 4096 (order: 4, 98304 bytes, linear)
[    1.107342] UDP hash table entries: 2048 (order: 4, 65536 bytes, linear)
[    1.107439] UDP-Lite hash table entries: 2048 (order: 4, 65536 bytes, linear)
[    1.107704] NET: Registered PF_UNIX/PF_LOCAL protocol family
[    1.107731] NET: Registered PF_XDP protocol family
[    1.107746] PCI: CLS 0 bytes, default 64
[    1.108152] Trying to unpack rootfs image as initramfs...
[    1.149871] hw perfevents: enabled with armv8_cortex_a53 PMU driver, 7 counters available
[    1.150618] kvm [1]: IPA Size Limit: 40 bits
[    1.155579] kvm [1]: vgic-v2@31020000
[    1.155606] kvm [1]: GIC system register CPU interface enabled
[    1.155913] kvm [1]: vgic interrupt IRQ9
[    1.156233] kvm [1]: Hyp mode initialized successfully
[   17.398162] Freeing initrd memory: 79760K
[   17.527046] Initialise system trusted keyrings
[   17.527112] Key type blacklist registered
[   17.527283] workingset: timestamp_bits=37 max_order=20 bucket_order=0
[   17.536474] zbud: loaded
[   17.539918] integrity: Platform Keyring initialized
[   17.584609] NET: Registered PF_ALG protocol family
[   17.584627] xor: measuring software checksum speed
[   17.589632]    8regs           :  1968 MB/sec
[   17.593880]    32regs          :  2331 MB/sec
[   17.598938]    arm64_neon      :  1947 MB/sec
[   17.598946] xor: using function: 32regs (2331 MB/sec)
[   17.598976] Key type asymmetric registered
[   17.598983] Asymmetric key parser 'x509' registered
[   17.599022] Block layer SCSI generic (bsg) driver version 0.4 loaded (major 244)
[   17.599200] io scheduler mq-deadline registered
[   17.599209] io scheduler kyber registered
[   17.599377] io scheduler bfq registered
[   17.600904] atomic64_test: passed
[   17.611537] efifb: probing for efifb
[   17.611609] efifb: No BGRT, not showing boot graphics
[   17.611616] efifb: framebuffer at 0xfd800000, using 3600k, total 3600k
[   17.611625] efifb: mode is 1280x720x32, linelength=5120, pages=1
[   17.611634] efifb: scrolling: redraw
[   17.611640] efifb: Truecolor: size=8:8:8:8, shift=24:16:8:0
[   17.611875] fbcon: Deferring console take-over
[   17.611884] fb0: EFI VGA frame buffer device
[   17.626454] SoC: i.MX8MQ revision 2.1
[   17.629848] debugfs: Directory 'dummy-reset-controller@30390000' with parent 'regmap' already present!
[   17.630768] Serial: 8250/16550 driver, 32 ports, IRQ sharing enabled
[   17.639567] 30860000.serial: ttymxc0 at MMIO 0x30860000 (irq = 44, base_baud = 1562500) is a IMX
[   18.941551] printk: console [ttymxc0] enabled
[   18.946554] 30880000.serial: ttymxc2 at MMIO 0x30880000 (irq = 45, base_baud = 5000000) is a IMX
[   18.956205] msm_serial: driver initialized
[   18.965318] libphy: Fixed MDIO Bus: probed
[   18.969949] ehci_hcd: USB 2.0 'Enhanced' Host Controller (EHCI) Driver
[   18.976503] ehci-pci: EHCI PCI platform driver
[   18.981107] usbcore: registered new interface driver usbserial_generic
[   18.987654] usbserial: USB Serial support registered for generic
[   18.993823] mousedev: PS/2 mouse device common for all mice
[   19.001745] device-mapper: uevent: version 1.0.3
[   19.006662] device-mapper: ioctl: 4.45.0-ioctl (2021-03-22) initialised: dm-devel@redhat.com
[   19.016294] ledtrig-cpu: registered to indicate activity on CPUs
[   19.023079] SMCCC: SOC_ID: ARCH_SOC_ID not implemented, skipping ....
[   19.029948] hid: raw HID events driver (C) Jiri Kosina
[   19.035277] usbcore: registered new interface driver usbhid
[   19.040851] usbhid: USB HID core driver
[   19.046488] drop_monitor: Initializing network drop monitor service
[   19.052970] Initializing XFRM netlink socket
[   19.057808] NET: Registered PF_INET6 protocol family
[   19.092598] Segment Routing with IPv6
[   19.096278] RPL Segment Routing with IPv6
[   19.100360] mip6: Mobile IPv6
[   19.103358] NET: Registered PF_PACKET protocol family
[   19.109366] registered taskstats version 1
[   19.113825] Loading compiled-in X.509 certificates
[   19.122095] Loaded X.509 cert 'Fedora kernel signing key: 5b2daf84223d4ae569c10c30dfe5c8cd68e6ec62'
[   19.131550] zswap: loaded using pool lzo/zbud
[   19.136139] page_owner is disabled
[   19.139815] Key type ._fscrypt registered
[   19.143842] Key type .fscrypt registered
[   19.147765] Key type fscrypt-provisioning registered
[   19.154598] Btrfs loaded, crc32c=crc32c-generic, zoned=yes
[   19.160145] Key type big_key registered
[   19.394574] Key type encrypted registered
[   19.398745] integrity: Loading X.509 certificate: UEFI:MokListRT (MOKvar table)
[   19.407106] integrity: Loaded X.509 cert 'Fedora Secure Boot CA: fde32599c2d61db1bf5807335d7b20e4cd963b42'
[   19.416830] ima: secureboot mode disabled
[   19.420847] ima: No TPM chip found, activating TPM-bypass!
[   19.426364] Loading compiled-in module X.509 certificates
[   19.434940] Loaded X.509 cert 'Fedora kernel signing key: 5b2daf84223d4ae569c10c30dfe5c8cd68e6ec62'
[   19.444005] ima: Allocated hash algorithm: sha256
[   19.448751] ima: No architecture policies found
[   19.453343] evm: Initialising EVM extended attributes:
[   19.458482] evm: security.selinux
[   19.461808] evm: security.SMACK64 (disabled)
[   19.466078] evm: security.SMACK64EXEC (disabled)
[   19.470693] evm: security.SMACK64TRANSMUTE (disabled)
[   19.475753] evm: security.SMACK64MMAP (disabled)
[   19.480370] evm: security.apparmor (disabled)
[   19.484735] evm: security.ima
[   19.487702] evm: security.capability
[   19.491286] evm: HMAC attrs: 0x1
[   19.528734] Freeing unused kernel memory: 7040K
[   19.687287] Checked W+X mappings: passed, no W+X pages found
[   19.692988] rodata_test: all tests were successful
[   19.697801] Run /init as init process
[   19.726764] systemd[1]: System time before build time, advancing clock.
[   19.747832] systemd[1]: systemd v249.4-1.fc35 running in system mode (+PAM +AUDIT +SELINUX -APPARMOR +IMA +SMACK +SECCOMP +GCRYPT +G
NUTLS +OPENSSL +ACL +BLKID +CURL +ELFUTILS +FIDO2 +IDN2 -IDN +IPTC +KMOD +LIBCRYPTSETUP +LIBFDISK +PCRE2 +PWQUALITY +P11KIT +QRENCODE +
BZIP2 +LZ4 +XZ +ZLIB +ZSTD +XKBCOMMON +UTMP +SYSVINIT default-hierarchy=unified)
[   19.779644] systemd[1]: Detected architecture arm64.
[   19.784790] systemd[1]: Running in initial RAM disk.

Welcome to Fedora Linux 35 (IoT Edition Prerelease) dracut-055-3.fc35.1 (Initramfs)!

[   19.821343] systemd[1]: No hostname configured, using default hostname.
[   19.828341] systemd[1]: Hostname set to <fedora>.
[   19.833444] random: systemd: uninitialized urandom read (16 bytes read)
[   19.840085] systemd[1]: Initializing machine ID from random generator.
[   19.979204] systemd-gpt-auto-generator[252]: EFI loader partition unknown, exiting.
[   19.987040] systemd-gpt-auto-generator[252]: (The boot loader did not set EFI variable LoaderDevicePartUUID.)
[   19.987624] random: ln: uninitialized urandom read (6 bytes read)
[   20.003196] random: ln: uninitialized urandom read (6 bytes read)
[   20.222601] systemd[1]: Queued start job for default target Initrd Default Target.
[   20.231304] systemd[1]: Reached target Initrd Root Device.
[  OK  ] Reached target Initrd Root Device.
[   20.271318] systemd[1]: Reached target Initrd /usr File System.
[  OK  ] Reached target Initrd /usr File System.
[   20.311370] systemd[1]: Reached target Slice Units.
[  OK  ] Reached target Slice Units.
[   20.341274] systemd[1]: Reached target Swaps.
[  OK  ] Reached target Swaps.
[   20.371259] systemd[1]: Reached target Timer Units.
[  OK  ] Reached target Timer Units.
[   20.401651] systemd[1]: Listening on D-Bus System Message Bus Socket.
[  OK  ] Listening on D-Bus System Message Bus Socket.
[   20.441472] systemd[1]: Listening on Open-iSCSI iscsid Socket.
[  OK  ] Listening on Open-iSCSI iscsid Socket.
[   20.481453] systemd[1]: Listening on Open-iSCSI iscsiuio Socket.
[  OK  ] Listening on Open-iSCSI iscsiuio Socket.
[   20.521922] systemd[1]: Listening on Journal Audit Socket.
[  OK  ] Listening on Journal Audit Socket.
[   20.561695] systemd[1]: Listening on Journal Socket (/dev/log).
[  OK  ] Listening on Journal Socket (/dev/log).
[   20.601732] systemd[1]: Listening on Journal Socket.
[  OK  ] Listening on Journal Socket.
[   20.631766] systemd[1]: Listening on udev Control Socket.
[  OK  ] Listening on udev Control Socket.
[   20.671644] systemd[1]: Listening on udev Kernel Socket.
[  OK  ] Listening on udev Kernel Socket.
[   20.711264] systemd[1]: Reached target Socket Units.
[  OK  ] Reached target Socket Units.
[   20.747067] systemd[1]: Starting Create List of Static Device Nodes...
         Starting Create List of Static Device Nodes...
[   20.785141] systemd[1]: Started Hardware RNG Entropy Gatherer Daemon.
[  OK  ] Started Hardware RNG Entropy Gatherer Daemon.
[   20.828840] systemd[1]: Starting Journal Service...
         Starting Journal Service...
[   20.862058] systemd[1]: Condition check resulted in Load Kernel Modules being skipped.
[   20.874031] systemd[1]: Starting Apply Kernel Variables...
         Starting Apply Kernel Variables...
[   20.911482] systemd[1]: Condition check resulted in Create System Users being skipped.
[   20.923709] systemd[1]: Starting Setup Virtual Console...
         Starting Setup Virtual Console...
[   20.963906] systemd[1]: Started Journal Service.
[  OK  ] Started Journal Service.
[   21.001709] audit: type=1130 audit(1629763201.269:2): pid=1 uid=0 auid=4294967295 ses=4294967295 subj=kernel msg='unit=systemd-journ
ald comm="systemd" exe="/usr/lib/systemd/systemd" hostname=? addr=? terminal=? res=success'
[  OK  ] Finished Create List of Static Device Nodes.
[  OK  ] Finished Apply Kernel Variables.
[   21.061219] audit: type=1130 audit(1629763201.319:3): pid=1 uid=0 auid=4294967295 ses=4294967295 subj=kernel msg='unit=kmod-static-n
odes comm="systemd" exe="/usr/lib/systemd/systemd" hostname=? addr=? terminal=? res=success'
[   21.091419] audit: type=1130 audit(1629763201.359:4): pid=1 uid=0 auid=4294967295 ses=4294967295 subj=kernel msg='unit=systemd-sysct
l comm="systemd" exe="/usr/lib/systemd/systemd" hostname=? addr=? terminal=? res=success'
         Starting Create Static Device Nodes in /dev...
         Starting Create Volatile Files and Directories...
[  OK  ] Finished Create Static Device Nodes in /dev.
[   21.231463] audit: type=1130 audit(1629763201.499:5): pid=1 uid=0 auid=4294967295 ses=4294967295 subj=kernel msg='unit=systemd-tmpfi
les-setup-dev comm="systemd" exe="/usr/lib/systemd/systemd" hostname=? addr=? terminal=? res=success'
[  OK  ] Finished Create Volatile Files and Directories.
[   21.281442] audit: type=1130 audit(1629763201.549:6): pid=1 uid=0 auid=4294967295 ses=4294967295 subj=kernel msg='unit=systemd-tmpfi
les-setup comm="systemd" exe="/usr/lib/systemd/systemd" hostname=? addr=? terminal=? res=success'
[  OK  ] Finished Setup Virtual Console.
         Starting dracut[   21.336782] audit: type=1130 audit(1629763201.599:7): pid=1 uid=0 auid=4294967295 ses=4294967295 subj=kernel
 msg='unit=systemd-vconsole-setup comm="systemd" exe="/usr/lib/systemd/systemd" hostname=? addr=? terminal=? res=success'
 ask for additional cmdline parameters...
[  OK  ] Finished dracut ask for additional cmdline parameters.
         Starting dracut[   21.546730] audit: type=1130 audit(1629763201.809:8): pid=1 uid=0 auid=4294967295 ses=4294967295 subj=kernel
 msg='unit=dracut-cmdline-ask comm="systemd" exe="/usr/lib/systemd/systemd" hostname=? addr=? terminal=? res=success'
 cmdline hook...
[   23.050981] Loading iSCSI transport class v2.0-870.
[   23.120410] iscsi: registered transport (tcp)
[   23.204427] iscsi: registered transport (qla4xxx)
[   23.209207] QLogic iSCSI HBA Driver
[   23.232971] libcxgbi:libcxgbi_init_module: Chelsio iSCSI driver library libcxgbi v0.9.1-ko (Apr. 2015)
[   23.302731] Chelsio T3 iSCSI Driver cxgb3i v2.0.1-ko (Apr. 2015)
[   23.308856] iscsi: registered transport (cxgb3i)
[   23.445473] Chelsio T4-T6 iSCSI Driver cxgb4i v0.9.5-ko (Apr. 2015)
[   23.451891] iscsi: registered transport (cxgb4i)
[   23.456512] cxgb4i:cxgb4i_init_module: cxgb4i dcb enabled.
[   23.492600] cnic: QLogic cnicDriver v2.5.22 (July 20, 2015)
[   23.524461] QLogic NetXtreme II iSCSI Driver bnx2i v2.7.10.1 (Jul 16, 2014)
[   23.531571] iscsi: registered transport (bnx2i)
[   23.602759] iscsi: registered transport (be2iscsi)
[   23.607569] In beiscsi_module_init, tt=(____ptrval____)
[  OK  ] Finished dracut cmdline hook.
[   23.861449] audit: type=1130 audit(1629763204.129:9): pid=1 uid=0 auid=4294967295 ses=4294967295 subj=kernel msg='unit=dracut-cmdlin
e comm="systemd" exe="/usr/lib/systemd/systemd" hostname=? addr=? terminal=? res=success'
         Starting dracut pre-udev hook...
[   24.178656] squashfs: version 4.0 (2009/01/31) Phillip Lougher
[   24.313191] dracut-pre-udev[639]: anaconda-modprobe: Module floppy not found
[   24.340438] dracut-pre-udev[639]: anaconda-modprobe: Module edd not found
[   24.370353] dracut-pre-udev[639]: anaconda-modprobe: Module iscsi_ibft not found
[   24.560751] async_tx: api initialized (async)
[   25.543292] device-mapper: multipath round-robin: version 1.2.0 loaded
[   26.211633] RPC: Registered named UNIX socket transport module.
[   26.217573] RPC: Registered udp transport module.
[   26.222312] RPC: Registered tcp transport module.
[   26.227017] RPC: Registered tcp NFSv4.1 backchannel transport module.
[  OK  ] Finished dracut pre-udev hook.
[   26.871519] audit: type=1130 audit(1629763207.139:10): pid=1 uid=0 auid=4294967295 ses=4294967295 subj=kernel msg='unit=dracut-pre-u
dev comm="systemd" exe="/usr/lib/systemd/systemd" hostname=? addr=? terminal=? res=success'
[   26.901227] audit: type=1334 audit(1629763207.169:11): prog-id=6 op=LOAD
         Starting Rule-b[   26.911195] audit: type=1334 audit(1629763207.169:12): prog-id=7 op=LOAD
ased Manage&for Device Events a[   26.920490] audit: type=1334 audit(1629763207.169:13): prog-id=8 op=LOAD
nd Files...
[  OK  ] Started Rule-based Manager for Device Events and Files.
[   27.041587] audit: type=1130 audit(1629763207.309:14): pid=1 uid=0 auid=4294967295 ses=4294967295 subj=kernel msg='unit=systemd-udev
d comm="systemd" exe="/usr/lib/systemd/systemd" hostname=? addr=? terminal=? res=success'
         Starting dracut pre-trigger hook...
[  OK  ] Finished dracut pre-trigger hook.
[   27.701438] audit: type=1130 audit(1629763207.969:15): pid=1 uid=0 auid=4294967295 ses=4294967295 subj=kernel msg='unit=dracut-pre-t
rigger comm="systemd" exe="/usr/lib/systemd/systemd" hostname=? addr=? terminal=? res=success'
         Starting Coldplug All udev Devices...
[  OK  ] Finished Coldplug All udev Devices.
[   28.381482] audit: type=1130 audit(1629763208.649:16): pid=1 uid=0 auid=4294967295 ses=4294967295 subj=kernel msg='unit=systemd-udev
-trigger comm="systemd" exe="/usr/lib/systemd/systemd" hostname=? addr=? terminal=? res=success'
[  OK  ] Reached target Network.
         Starting dracut initqueue hook...
         Starting Show Plymouth Boot Screen...




























































         Starting    28.520266] audit: type=1130 audit(1629763208.779:17): pid=1 uid=0 auid=4294967295 ses=4294967295 subj=kernel msg='
unit=plymouth-start comm="systemd" exe="/usr/lib/systemd/systemd" hostname=? addr=? terminal=? res=success'
;39mWait for udev To &plete Device Initialization...
[  OK  ] Started Show Plymouth Boot Screen.
[  OK  ] Started Forward Password R&s to Plymouth Directory Watch.
[  OK  ] Reached target Local Encrypted Volumes.
[  OK  ] Reached target Path Units.
[   29.107558] gpio-157 (wl-reg-on-hog): hogged as output/high
[   29.139832] imx-sdma 302c0000.dma-controller: Direct firmware load for imx/sdma/sdma-imx7d.bin failed with error -2
[   29.150408] imx-sdma 302c0000.dma-controller: external firmware not found, using ROM firmware
[   29.150930] debugfs: Directory 'dummy-snvs@30370000' with parent 'regmap' already present!
[   29.151320] input: 30370000.snvs:snvs-powerkey as /devices/platform/soc@0/30000000.bus/30370000.snvs/30370000.snvs:snvs-powerkey/inp
ut/input0
[   29.171295] imx-sdma 30bd0000.dma-controller: Direct firmware load for imx/sdma/sdma-imx7d.bin failed with error -2
[   29.190536] imx-sdma 30bd0000.dma-controller: external firmware not found, using ROM firmware
[   29.250063] i2c 0-003c: Fixing up cyclic dependency with 30b60000.mipi_csi2
[   29.283664] i2c 0-0050: Fixing up cyclic dependency with 38100000.usb
[   29.290520] i2c i2c-0: IMX I2C adapter registered
[   29.296383] sdhci: Secure Digital Host Controller Interface driver
[   29.302597] sdhci: Copyright(c) Pierre Ossman
[   29.312943] i2c 1-003c: Fixing up cyclic dependency with 30a70000.mipi_csi1
[   29.320332] i2c i2c-1: IMX I2C adapter registered
[   29.335801] sdhci-pltfm: SDHCI platform and OF driver helper
[   29.353567] i2c i2c-2: IMX I2C adapter registered
[   29.371569] snvs_rtc 30370000.snvs:snvs-rtc-lp: registered as rtc0
[   29.377812] snvs_rtc 30370000.snvs:snvs-rtc-lp: setting system clock to 1970-01-01T00:00:00 UTC (0)
[   29.390203] sdhci-esdhc-imx 30b50000.mmc: Got CD GPIO
[   29.456026] imx8mq-usb-phy 381f0040.usb-phy: supply vbus not found, using dummy regulator
[   29.471248] mmc1: SDHCI controller on 30b50000.mmc [30b50000.mmc] using ADMA
[   29.511286] imx8mq-usb-phy 382f0040.usb-phy: supply vbus not found, using dummy regulator
[   29.652754] mmc1: host does not support reading read-only switch, assuming write-enable
[   29.710579] mmc1: new ultra high speed SDR104 SDHC card at address aaaa
[   29.737125] caam 30900000.crypto: RNG4 SH0 was previously instantiated without prediction resistance. Tearing it down
[   29.782247] imx8m-ddrc-devfreq 3d400000.memory-controller: Disable unsupported OPP 166935483Hz 668MT/s
[   29.805008] caam 30900000.crypto: Deinstantiated RNG4 SH0
[   29.810442] caam 30900000.crypto: Instantiated RNG4 SH0
[   29.815730] caam 30900000.crypto: RNG4 SH1 was previously instantiated without prediction resistance. Tearing it down
[   29.861197] caam 30900000.crypto: Deinstantiated RNG4 SH1
[   29.870603] caam 30900000.crypto: Instantiated RNG4 SH1
[   29.931142] caam 30900000.crypto: device ID = 0x0a16040100000000 (Era 9)
[   29.937871] caam 30900000.crypto: job rings = 2, qi = 0
[   30.557385] xhci-hcd xhci-hcd.1.auto: xHCI Host Controller
[   30.602426] xhci-hcd xhci-hcd.1.auto: new USB bus registered, assigned bus number 1
[   30.602593] mmcblk1: mmc1:aaaa SB32G 29.7 GiB
[   30.610261] xhci-hcd xhci-hcd.1.auto: hcc params 0x0220fe6c hci version 0x110 quirks 0x0000000000010010
[   30.632176] pfuze100-regulator 0-0008: Full layer: 2, Metal layer: 1
[   30.649927] pfuze100-regulator 0-0008: FAB: 0, FIN: 0
[   30.655071] pfuze100-regulator 0-0008: pfuze100 found.
[   30.705500] random: fast init done
[   30.722171] audit: type=1334 audit(1629763210.991:18): prog-id=3 op=UNLOAD
[   30.732971] audit: type=1334 audit(1629763211.001:19): prog-id=6 op=UNLOAD
[   30.735746] xhci-hcd xhci-hcd.1.auto: irq 70, io mem 0x38200000
[   30.817044] xhci-hcd xhci-hcd.1.auto: xHCI Host Controller
[   30.855871] xhci-hcd xhci-hcd.1.auto: new USB bus registered, assigned bus number 2
[   30.898729] systemd-gpt-auto-generator[1106]: EFI loader partition unknown, exiting.
[   30.900202] xhci-hcd xhci-hcd.1.auto: Host supports USB 3.0 SuperSpeed
[   30.910358] imx6q-pcie 33c00000.pcie: host bridge /soc@0/pcie@33c00000 ranges:
[   30.920327] imx6q-pcie 33c00000.pcie:   No bus range found for /soc@0/pcie@33c00000, using [bus 00-ff]
[   30.930933] imx6q-pcie 33800000.pcie: host bridge /soc@0/pcie@33800000 ranges:
[   30.934263] usb usb1: New USB device found, idVendor=1d6b, idProduct=0002, bcdDevice= 5.14
[   30.943340] imx6q-pcie 33800000.pcie:       IO 0x001ff80000..0x001ff8ffff -> 0x0000000000
[   30.946486] usb usb1: New USB device strings: Mfr=3, Product=2, SerialNumber=1
[   30.951321] systemd-gpt-auto-generator[1106]: (The boot loader did not set EFI variable LoaderDevicePartUUID.)
[   30.971919] usb usb1: Product: xHCI Host Controller
[   30.976810] usb usb1: Manufacturer: Linux 5.14.9-300.fc35.aarch64 xhci-hcd
[   30.981164] imx6q-pcie 33800000.pcie:      MEM 0x0018000000..0x001fefffff -> 0x0018000000
[   30.983727] usb usb1: SerialNumber: xhci-hcd.1.auto
[   30.993622] imx6q-pcie 33c00000.pcie:       IO 0x0027f80000..0x0027f8ffff -> 0x0000000000
[   31.011374] imx6q-pcie 33c00000.pcie:      MEM 0x0020000000..0x0027efffff -> 0x0020000000
[   31.026694] mmc0: SDHCI controller on 30b40000.mmc [30b40000.mmc] using ADMA
[   31.077000] hub 1-0:1.0: USB hub found
[   31.088963] hub 1-0:1.0: 1 port detected
[   31.097718] usb usb2: We don't know the algorithms for LPM for this host, disabling LPM.
[   31.106628] mmc0: new HS400 MMC card at address 0001
[   31.115105] mmcblk0: mmc0:0001 DG4016 14.7 GiB
[   31.128087] usb usb2: New USB device found, idVendor=1d6b, idProduct=0003, bcdDevice= 5.14
[   31.131226] imx6q-pcie 33800000.pcie: invalid resource
[   31.131612] mmcblk0boot0: mmc0:0001 DG4016 4.00 MiB
[   31.131944] mmcblk0boot1: mmc0:0001 DG4016 4.00 MiB
[   31.136440] usb usb2: New USB device strings: Mfr=3, Product=2, SerialNumber=1
[   31.141537] imx6q-pcie 33800000.pcie: iATU unroll: enabled
[   31.146489] usb usb2: Product: xHCI Host Controller
[   31.151460] imx6q-pcie 33800000.pcie: Detected iATU regions: 4 outbound, 4 inbound
[   31.158677] usb usb2: Manufacturer: Linux 5.14.9-300.fc35.aarch64 xhci-hcd
[   31.165094] imx6q-pcie 33c00000.pcie: invalid resource
[   31.169042] usb usb2: SerialNumber: xhci-hcd.1.auto
[   31.176633] imx6q-pcie 33c00000.pcie: iATU unroll: enabled
[   31.183776] mmcblk0rpmb: mmc0:0001 DG4016 4.00 MiB, chardev (508:0)
[   31.188648] imx6q-pcie 33c00000.pcie: Detected iATU regions: 4 outbound, 4 inbound
[   31.225662]  mmcblk0: p1 p2
[   31.257797] hub 2-0:1.0: USB hub found
[   31.261208] imx6q-pcie 33800000.pcie: Link up
[   31.265937] imx6q-pcie 33800000.pcie: Link up
[   31.270303] imx6q-pcie 33800000.pcie: Link up, Gen1
[   31.275236] imx6q-pcie 33800000.pcie: Link up
[   31.280304] hub 2-0:1.0: 1 port detected
[   31.291364] imx6q-pcie 33800000.pcie: PCI host bridge to bus 0000:00
[   31.304209] pci_bus 0000:00: root bus resource [bus 00-ff]
[   31.309785] pci_bus 0000:00: root bus resource [io  0x0000-0xffff]
[   31.320665] pci_bus 0000:00: root bus resource [mem 0x18000000-0x1fefffff]
[   31.331202] pci 0000:00:00.0: [16c3:abcd] type 01 class 0x060400
[   31.337245] pci 0000:00:00.0: reg 0x10: [mem 0x00000000-0x000fffff]
[   31.343652] pci 0000:00:00.0: reg 0x38: [mem 0x00000000-0x0000ffff pref]
[   31.365215] pci 0000:00:00.0: supports D1
[   31.369254] pci 0000:00:00.0: PME# supported from D0 D1 D3hot D3cold
[   31.383807] pci 0000:01:00.0: [14e4:43ec] type 00 class 0x028000
[   31.389902] pci 0000:01:00.0: reg 0x10: [mem 0x00000000-0x00007fff 64bit]
[   31.396798] pci 0000:01:00.0: reg 0x18: [mem 0x00000000-0x003fffff 64bit]
[   31.411308] pci 0000:01:00.0: supports D1 D2
[   31.415606] pci 0000:01:00.0: PME# supported from D0 D1 D2 D3hot D3cold
[   31.453585] pci 0000:00:00.0: BAR 14: assigned [mem 0x18000000-0x185fffff]
[   31.460488] pci 0000:00:00.0: BAR 0: assigned [mem 0x18600000-0x186fffff]
[   31.467396] pci 0000:00:00.0: BAR 6: assigned [mem 0x18700000-0x1870ffff pref]
[   31.481251] pci 0000:01:00.0: BAR 2: assigned [mem 0x18000000-0x183fffff 64bit]
[   31.488644] pci 0000:01:00.0: BAR 0: assigned [mem 0x18400000-0x18407fff 64bit]
[   31.496042] pci 0000:00:00.0: PCI bridge to [bus 01-ff]
[   31.501301] pci 0000:00:00.0:   bridge window [mem 0x18000000-0x185fffff]
[   31.516784] pcieport 0000:00:00.0: PME: Signaling with IRQ 245
[   31.530177] pcieport 0000:00:00.0: AER: enabled with IRQ 245
[   32.181123] imx6q-pcie 33c00000.pcie: Phy link never came up
[   32.186894] imx6q-pcie: probe of 33c00000.pcie failed with error -110
[   35.811156] alg: No test for authenc(hmac(sha224),ecb(cipher_null)) (authenc-hmac-sha224-ecb-cipher_null-caam)
[   35.841161] alg: No test for authenc(hmac(sha256),ecb(cipher_null)) (authenc-hmac-sha256-ecb-cipher_null-caam)
[   35.861348] alg: No test for authenc(hmac(md5),cbc(aes)) (authenc-hmac-md5-cbc-aes-caam)
[   35.881167] alg: No test for echainiv(authenc(hmac(md5),cbc(aes))) (echainiv-authenc-hmac-md5-cbc-aes-caam)
[   36.301170] alg: No test for echainiv(authenc(hmac(sha1),cbc(aes))) (echainiv-authenc-hmac-sha1-cbc-aes-caam)
[   36.331167] alg: No test for authenc(hmac(sha224),cbc(aes)) (authenc-hmac-sha224-cbc-aes-caam)
[   36.351160] alg: No test for echainiv(authenc(hmac(sha224),cbc(aes))) (echainiv-authenc-hmac-sha224-cbc-aes-caam)
[   36.771184] alg: No test for echainiv(authenc(hmac(sha256),cbc(aes))) (echainiv-authenc-hmac-sha256-cbc-aes-caam)
[   36.791407] alg: No test for authenc(hmac(md5),cbc(des3_ede)) (authenc-hmac-md5-cbc-des3_ede-caam)
[   36.811172] alg: No test for echainiv(authenc(hmac(md5),cbc(des3_ede))) (echainiv-authenc-hmac-md5-cbc-des3_ede-caam)
[   36.891158] alg: No test for echainiv(authenc(hmac(sha1),cbc(des3_ede))) (echainiv-authenc-hmac-sha1-cbc-des3_ede-caam)
[   36.971185] alg: No test for echainiv(authenc(hmac(sha224),cbc(des3_ede))) (echainiv-authenc-hmac-sha224-cbc-des3_ede-caam)
[   37.061177] alg: No test for echainiv(authenc(hmac(sha256),cbc(des3_ede))) (echainiv-authenc-hmac-sha256-cbc-des3_ede-caam)
[   37.081169] alg: No test for authenc(hmac(md5),cbc(des)) (authenc-hmac-md5-cbc-des-caam)
[   37.101153] alg: No test for echainiv(authenc(hmac(md5),cbc(des))) (echainiv-authenc-hmac-md5-cbc-des-caam)
[   37.181166] alg: No test for echainiv(authenc(hmac(sha1),cbc(des))) (echainiv-authenc-hmac-sha1-cbc-des-caam)
[   37.261170] alg: No test for echainiv(authenc(hmac(sha224),cbc(des))) (echainiv-authenc-hmac-sha224-cbc-des-caam)
[   37.341154] alg: No test for echainiv(authenc(hmac(sha256),cbc(des))) (echainiv-authenc-hmac-sha256-cbc-des-caam)
[   37.361183] alg: No test for authenc(hmac(md5),rfc3686(ctr(aes))) (authenc-hmac-md5-rfc3686-ctr-aes-caam)
[   37.381158] alg: No test for seqiv(authenc(hmac(md5),rfc3686(ctr(aes)))) (seqiv-authenc-hmac-md5-rfc3686-ctr-aes-caam)
[   37.411185] alg: No test for seqiv(authenc(hmac(sha1),rfc3686(ctr(aes)))) (seqiv-authenc-hmac-sha1-rfc3686-ctr-aes-caam)
[   37.431169] alg: No test for authenc(hmac(sha224),rfc3686(ctr(aes))) (authenc-hmac-sha224-rfc3686-ctr-aes-caam)
[   37.451169] alg: No test for seqiv(authenc(hmac(sha224),rfc3686(ctr(aes)))) (seqiv-authenc-hmac-sha224-rfc3686-ctr-aes-caam)
[   37.481191] alg: No test for seqiv(authenc(hmac(sha256),rfc3686(ctr(aes)))) (seqiv-authenc-hmac-sha256-rfc3686-ctr-aes-caam)
[   37.492507] caam algorithms registered in /proc/crypto
[   40.986555] caam 30900000.crypto: caam pkc algorithms registered in /proc/crypto
[   40.993997] caam 30900000.crypto: registering rng-caam
[   41.047623] kauditd_printk_skb: 10 callbacks suppressed
[  OK  ] Finished    41.047638] audit: type=1130 audit(1629763221.311:30): pid=1 uid=0 auid=4294967295 ses=4294967295 subj=kernel msg='
unit=systemd-udev-settle comm="systemd" exe="/usr/lib/systemd/systemd" hostname=? addr=? terminal=? res=success'
1;39mWait for udev To Complete Device Initialization.
         Starting Device-Mapper Multipath Device Controller...
[  OK  ] Started Device-Mapper[   41.091262] audit: type=1130 audit(1629763221.341:31): pid=1 uid=0 auid=4294967295 ses=4294967295 subj
=kernel msg='unit=multipathd comm="systemd" exe="/usr/lib/systemd/systemd" hostname=? addr=? terminal=? res=success'
 Multipath Device Controller.
[  OK  ] Reached target Preparation for Local File Systems.
[  OK  ] Reached target Local File Systems.
[  OK  ] Reached target System Initialization.
[  OK  ] Reached target Basic System.
[   41.188322] random: crng init done
[   41.191812] random: 7 urandom warning(s) missed due to ratelimiting
[   42.272402] loop: module loaded
[   42.358181] loop0: detected capacity change from 0 to 2352976
[   42.463592] loop1: detected capacity change from 0 to 8388608
[   42.572747] loop2: detected capacity change from 0 to 67108864
[   42.924674] audit: type=1130 audit(1629763223.191:32): pid=1 uid=0 auid=4294967295 ses=4294967295 subj=kernel msg='unit=dracut-initq
ueue comm="systemd" exe="/usr/lib/systemd/systemd" hostname=? addr=? terminal=? res=success'
[  OK  ] Finished dracut initqueue hook.
[  OK  ] Reached target Preparation for Remote File Systems.
[  OK  ] Reached target Remote Encrypted Volumes.
[  OK  ] Reached target Remote File Systems.
         Starting dracut pre-mount hook...
[   43.051991] audit: type=1130 audit(1629763223.311:33): pid=1 uid=0 auid=4294967295 ses=4294967295 subj=kernel msg='unit=dracut-pre-m
ount comm="systemd" exe="/usr/lib/systemd/systemd" hostname=? addr=? terminal=? res=success'
[  OK  ] Finished dracut pre-mount hook.
[  OK  ] Reached target Initrd Root File System.
         Starting Reload Configuration from the Real Root...
[   43.185355] audit: type=1334 audit(1629763223.451:34): prog-id=9 op=UNLOAD
[   43.202053] audit: type=1334 audit(1629763223.471:35): prog-id=12 op=UNLOAD
[   43.325338] systemd-gpt-auto-generator[1456]: EFI loader partition unknown, exiting.
[   43.372612] systemd-gpt-auto-generator[1456]: (The boot loader did not set EFI variable LoaderDevicePartUUID.)
[   44.145829] audit: type=1334 audit(1629763224.411:36): prog-id=15 op=LOAD
[   44.153025] audit: type=1334 audit(1629763224.421:37): prog-id=16 op=LOAD
[   44.160059] audit: type=1334 audit(1629763224.421:38): prog-id=17 op=LOAD
[   44.166884] audit: type=1334 audit(1629763224.421:39): prog-id=10 op=UNLOAD
         Stopping Device-Mapper Multipath Device Controller...
[  OK  ] Finished Reload Configuration from the Real Root.
[  OK  ] Reached target Initrd File Systems.
[  OK  ] Reached target Initrd Default Target.
         Starting dracut mount hook...
[  OK  ] Stopped Device-Mapper Multipath Device Controller.
[   44.501300] EXT4-fs (dm-0): mounted filesystem with ordered data mode. Opts: (null). Quota mode: none.
[  OK  ] Finished dracut mount hook.
         Starting dracut pre-pivot and cleanup hook...
[  OK  ] Finished dracut pre-pivot and cleanup hook.
         Starting Cleaning Up and Shutting Down Daemons...
[  OK  ] Stopped target Network.
[  OK  ] Stopped target Remote Encrypted Volumes.
[  OK  ] Stopped target Timer Units.
[  OK  ] Closed D-Bus System Message Bus Socket.
[  OK  ] Stopped dracut pre-pivot and cleanup hook.
[  OK  ] Stopped target Initrd Default Target.
[  OK  ] Stopped target Basic System.
[  OK  ] Stopped target Initrd Root Device.
[  OK  ] Stopped target Initrd /usr File System.
[  OK  ] Stopped target Path Units.
[  OK  ] Stopped target Remote File Systems.
[  OK  ] Stopped target Preparation for Remote File Systems.
[  OK  ] Stopped target Slice Units.
[  OK  ] Stopped target Socket Units.
[  OK  ] Stopped target System Initialization.
[  OK  ] Stopped target Local File Systems.
[  OK  ] Stopped target Preparation for Local File Systems.
[  OK  ] Stopped target Swaps.
[  OK  ] Closed Open-iSCSI iscsid Socket.
[  OK  ] Closed Open-iSCSI iscsiuio Socket.
[  OK  ] Stopped dracut mount hook.
[  OK  ] Stopped dracut pre-mount hook.
[  OK  ] Stopped target Local Encrypted Volumes.
[  OK  ] Stopped dracut initqueue hook.
         Starting Plymouth switch root service...
[  OK  ] Stopped Apply Kernel Variables.
[  OK  ] Stopped Create Volatile Files and Directories.
[  OK  ] Stopped Wait for udev To Complete Device Initialization.
[  OK  ] Stopped Coldplug All udev Devices.
[  OK  ] Stopped dracut pre-trigger hook.
         Stopping Rule-based Manage&for Device Events and Files...
[  OK  ] Finished Cleaning Up and Shutting Down Daemons.
[  OK  ] Stopped Rule-based Manager for Device Events and Files.
[  OK  ] Closed udev Control Socket.
[  OK  ] Closed udev Kernel Socket.
[  OK  ] Stopped dracut pre-udev hook.
[  OK  ] Stopped dracut cmdline hook.
[  OK  ] Stopped dracut ask for additional cmdline parameters.
         Starting Cleanup udev Database...
         Stopping Hardware RNG Entropy Gatherer Daemon...
[  OK  ] Stopped Create Static Device Nodes in /dev.
[  OK  ] Stopped Create List of Static Device Nodes.
[  OK  ] Stopped Hardware RNG Entropy Gatherer Daemon.
[  OK  ] Finished Plymouth switch root service.
[  OK  ] Finished Cleanup udev Database.
[  OK  ] Reached target Switch Root.
         Starting Switch Root...
[   45.925132] systemd-journald[309]: Received SIGTERM from PID 1 (systemd).
[   49.069914] SELinux:  policy capability network_peer_controls=1
[   49.075910] SELinux:  policy capability open_perms=1
[   49.080876] SELinux:  policy capability extended_socket_class=1
[   49.086804] SELinux:  policy capability always_check_network=0
[   49.092647] SELinux:  policy capability cgroup_seclabel=1
[   49.098047] SELinux:  policy capability nnp_nosuid_transition=1
[   49.103974] SELinux:  policy capability genfs_seclabel_symlinks=0
[   49.377420] kauditd_printk_skb: 34 callbacks suppressed
[   49.377433] audit: type=1403 audit(1629763229.640:74): auid=4294967295 ses=4294967295 lsm=selinux res=1
[   49.416579] systemd[1]: Successfully loaded SELinux policy in 814.588ms.
[   49.751186] VGEN1: disabling
[   49.754665] VGEN6: disabling
[   49.969991] systemd[1]: Relabelled /dev, /dev/shm, /run, /sys/fs/cgroup in 239.430ms.
[   49.997369] systemd[1]: systemd v249.4-1.fc35 running in system mode (+PAM +AUDIT +SELINUX -APPARMOR +IMA +SMACK +SECCOMP +GCRYPT +G
NUTLS +OPENSSL +ACL +BLKID +CURL +ELFUTILS +FIDO2 +IDN2 -IDN +IPTC +KMOD +LIBCRYPTSETUP +LIBFDISK +PCRE2 +PWQUALITY +P11KIT +QRENCODE +
BZIP2 +LZ4 +XZ +ZLIB +ZSTD +XKBCOMMON +UTMP +SYSVINIT default-hierarchy=unified)
[   50.029150] systemd[1]: Detected architecture arm64.

Welcome to Fedora Linux 35 (IoT Edition Prerelease)!

[   50.066241] systemd[1]: Initializing machine ID from random generator.
[   50.159947] audit: type=1334 audit(1629763230.420:75): prog-id=21 op=LOAD
[   50.166789] audit: type=1334 audit(1629763230.420:76): prog-id=21 op=UNLOAD
[   50.173809] audit: type=1334 audit(1629763230.430:77): prog-id=22 op=LOAD
[   50.180648] audit: type=1334 audit(1629763230.430:78): prog-id=22 op=UNLOAD
[   50.304873] systemd-gpt-auto-generator[1600]: EFI loader partition unknown, exiting.
[   50.312701] systemd-gpt-auto-generator[1600]: (The boot loader did not set EFI variable LoaderDevicePartUUID.)
[   51.367798] zram: Added device: zram0
[   53.499924] audit: type=1334 audit(1629763233.760:79): prog-id=23 op=LOAD
[   53.506789] audit: type=1334 audit(1629763233.770:80): prog-id=24 op=LOAD
[   53.513625] audit: type=1334 audit(1629763233.780:81): prog-id=25 op=LOAD
[   53.520438] audit: type=1334 audit(1629763233.780:82): prog-id=16 op=UNLOAD
[   53.522450] systemd[1]: initrd-switch-root.service: Deactivated successfully.
[   53.527444] audit: type=1334 audit(1629763233.780:83): prog-id=17 op=UNLOAD
[   53.536222] systemd[1]: Stopped Switch Root.
[  OK  ] Stopped    53.547992] systemd[1]: systemd-journald.service: Scheduled restart job, restart counter is at 1.
;39mSwitch Root.
[   53.561314] systemd[1]: Created slice Slice /system/anaconda-tmux.
[  OK  ] Created slice[   53.569473] systemd[1]: Created slice Slice /system/modprobe.
 Slice /system/anaconda-[   53.578266] systemd[1]: Created slice Slice /system/sshd-keygen.
tmux.
[  OK  ] C[   53.587106] systemd[1]: Created slice Slice /system/systemd-zram-setup.
reated slice Slice /syst[   53.596931] systemd[1]: Created slice User and Session Slice.
em/modprobe.
[  OK  [   53.603617] systemd[1]: Condition check resulted in Dispatch Password Requests to Console Directory Watch being skipped.
] Created slice Slic[   53.619229] systemd[1]: Set up automount Arbitrary Executable File Formats File System Automount Point.
e /system/sshd-keygen.
[   53.629763] systemd[1]: Stopped target Switch Root.
;32m  OK  ] Created slice    53.637163] systemd[1]: Stopped target Initrd File Systems.
;1;39mSlice /system/systemd-zram-[   53.645772] systemd[1]: Stopped target Initrd Root File System.
setup.
[  OK  ] [   53.654439] systemd[1]: Reached target Path Units.
Created slice User and S[   53.662081] systemd[1]: Reached target Slice Units.
ession Slice.
[  OK [   53.669908] systemd[1]: Reached target Local Verity Integrity Protected Volumes.
 ] Set up automount Arbitrary&s File System Automount Point.
[  OK [   53.685221] systemd[1]: Listening on LVM2 poll daemon socket.
 ] Stopped target Sw[   53.694967] systemd[1]: Listening on multipathd control socket.
itch Root.
[  OK  ] Stopped target Initrd File Systems.
[  OK  ] Stopped target    53.710702] systemd[1]: Listening on Process Core Dump Socket.
;1;39mInitrd Root File System[   53.720455] systemd[1]: Listening on initctl Compatibility Named Pipe.
.
[   53.732075] systemd[1]: Listening on udev Control Socket.

[  OK  ] Reached tar[   53.740693] systemd[1]: Listening on udev Kernel Socket.
get Slice Units.
[[   53.749671] systemd[1]: Listening on User Database Manager Socket.
  OK  ] Reached target Local Verity Integrity Protected Volumes.
[   53.763586] systemd[1]: Mounting Huge Pages File System...
;32m  OK  ] Listening on LVM2 poll daemon socket.
[  OK  ] Listen[   53.777657] systemd[1]: Mounting POSIX Message Queue File System...
ing on multipathd control socket.
[  OK  ] Listening on Proc[   53.792062] systemd[1]: Mounting Kernel Debug File System...
ess Core Dump Socket.
[  OK  ] Listening on initctl Compatibility Nam[   53.805367] systemd[1]: Mounting Kernel Trace File System...
ed Pipe.
[  OK  ] Listening on udev Control Socket.
[  O[   53.819972] systemd[1]: Starting Create List of Static Device Nodes...
K  ] Listening on udev Kernel Socket.
[  OK  ] Listening on    53.834154] systemd[1]: Starting Load Kernel Module configfs...
;39mUser Database Manager Socket.
         Mounting Huge Pages File System..[   53.848305] systemd[1]: Starting Load Kernel Module drm...
.
         Mounting POSIX Message Queue File System...
         Mounting    53.862159] systemd[1]: Starting Load Kernel Module fuse...
;39mKernel Debug File System.[   53.869962] systemd[1]: plymouth-switch-root.service: Deactivated successfully.
..
         Mounting K[   53.880365] systemd[1]: Stopped Plymouth switch root service.
ernel Trace File System...
         Starting Create List of Static Device Nodes...
         Starting    53.897463] systemd[1]: Condition check resulted in Set Up Additional Binary Formats being skipped.
1;39mLoad Kernel Module configfs systemd[1]: Stopped Journal Service.
[0m...
         Starting Load Kernel Module drm...
[   53.925317] systemd[1]: Starting Journal Service...

[  OK  ] Stopped    53.933550] systemd[1]: Condition check resulted in Load Kernel Modules being skipped.
;1;39mPlymouth switch root servic[   53.933593] fuse: init (API version 7.34)
e.
[  OK  ] Stop[   53.948868] systemd[1]: Starting Remount Root and Kernel File Systems...
ped Journal Service.[   53.959475] systemd[1]: Condition check resulted in Repartition Root Disk being skipped.

         Starting Journal Service...
         Starting Remount Root [   53.975831] systemd[1]: Starting Apply Kernel Variables...
and Kernel File Systems...
[   53.990604] systemd[1]: Starting Coldplug All udev Devices...
         Starting Apply Kernel Variables...
         Starting Coldplug All udev Devices...
[   54.006500] systemd[1]: Mounted Huge Pages File System.
[  OK  ] Mounted    54.013147] systemd[1]: Mounted POSIX Message Queue File System.
[   54.022489] systemd[1]: Mounted Kernel Debug File System.

[  OK  ] Mounted    54.030756] systemd[1]: Mounted Kernel Trace File System.
1;39mPOSIX Message Queue File System.
[  OK  ] [   54.040584] systemd[1]: Finished Create List of Static Device Nodes.
Mounted Kernel Debug Fil[   54.052084] systemd[1]: modprobe@configfs.service: Deactivated successfully.
e System.
[  OK     54.061586] systemd[1]: Finished Load Kernel Module configfs.
m] Mounted Kernel Trace [   54.070348] systemd[1]: modprobe@drm.service: Deactivated successfully.
File System.
[  OK  [   54.080142] systemd[1]: Finished Load Kernel Module drm.
] Finished Create Li[   54.088168] systemd[1]: modprobe@fuse.service: Deactivated successfully.
st of Static Device Nodes.
[   54.097281] systemd[1]: Finished Load Kernel Module fuse.
[  OK  ] Finished    54.104741] systemd[1]: Started Journal Service.
1;39mLoad Kernel Module configfs.
[  OK  ] Finished Load Kernel Module drm.
[  OK  ] Finished Load Kernel Module fuse.
[  OK  ] Started Journal Service.
[  OK  ] Finished Remount Root and Kernel File Systems.
[  OK  ] Finished Apply Kernel Variables.
         Mounting FUSE Control File System...
         Mounting Kernel Configuration File System...
         Starting Rebuild Hardware Database...
         Starting Flush Journal to Persistent Storage...
         Starting Load/Save Random Seed...
         Starting Create System Users...
[  OK  ] Mounted FUSE Control File System.
[  OK  ] Mounted Kernel Configuration File System.
[  OK  ] Finished Flush Journal to Persistent Storage.
[  OK  ] Finished Load/Save Random Seed.
[  OK  ] Finished Create System Users.
         Starting Create Static Device Nodes in /dev...
[  OK  ] Finished Create Static Device Nodes in /dev.
[  OK  ] Finished Coldplug All udev Devices.
         Starting Wait for udev To &plete Device Initialization...
[  OK  ] Finished Rebuild Hardware Database.
         Starting Rule-based Manage&for Device Events and Files...
[  OK  ] Started Rule-based Manager for Device Events and Files.
         Starting Load Kernel Module configfs...
[  OK  ] Finished Load Kernel Module configfs.
[  OK  ] Reached target Hardware activated USB gadget.
[  OK  ] Found device /dev/zram0.
         Starting Create swap on /dev/zram0...
[  OK  ] Finished Create swap on /dev/zram0.
         Activating swap Compressed Swap on /dev/zram0...
[  OK  ] Activated swap Compressed Swap on /dev/zram0.
[  OK  ] Reached target Swaps.
         Mounting Temporary Directory /tmp...
[  OK  ] Mounted Temporary Directory /tmp.
[  OK  ] Listening on Load/Save RF &itch Status /dev/rfkill Watch.
         Starting Load/Save RF Kill Switch Status...
[  OK  ] Started Load/Save RF Kill Switch Status.
[  OK  ] Finished Wait for udev To Complete Device Initialization.
         Starting Activation of DM RAID sets...
         Starting Device-Mapper Multipath Device Controller...
[  OK  ] Started Device-Mapper Multipath Device Controller.
[  OK  ] Finished Activation of DM RAID sets.
[  OK  ] Reached target Local Encrypted Volumes.
[  OK  ] Reached target Preparation for Local File Systems.
[  OK  ] Reached target Local File Systems.
         Starting Restore /run/initramfs on shutdown...
         Starting Import network configuration from initramfs...
         Starting Rebuild Dynamic Linker Cache...
         Starting Tell Plymouth To Write Out Runtime Data...
[  OK  ] Finished Restore /run/initramfs on shutdown.
[  OK  ] Finished Tell Plymouth To Write Out Runtime Data.
[  OK  ] Finished Import network configuration from initramfs.
         Starting Create Volatile Files and Directories...
[  OK  ] Finished Create Volatile Files and Directories.
         Starting Rebuild Journal Catalog...
         Starting Record System Boot/Shutdown in UTMP...
[  OK  ] Finished Record System Boot/Shutdown in UTMP.
[  OK  ] Finished Rebuild Journal Catalog.
[  OK  ] Finished Rebuild Dynamic Linker Cache.
         Starting Update is Completed...
[  OK  ] Finished Update is Completed.
[  OK  ] Reached target System Initialization.
[  OK  ] Started Weekly RAID setup health check.
[  OK  ] Started Daily Cleanup of Temporary Directories.
[  OK  ] Reached target Timer Units.
[  OK  ] Listening on D-Bus System Message Bus Socket.
[  OK  ] Listening on Open-iSCSI iscsid Socket.
[  OK  ] Listening on Open-iSCSI iscsiuio Socket.
[  OK  ] Reached target Socket Units.
[  OK  ] Reached target Basic System.
         Starting Anaconda NetworkManager configuration...
         Starting pre-anaconda logging service...
         Starting Braille display d         Starting System Logging Service...
         Starting OpenSSH ecdsa Server Key Generation...
         Starting OpenSSH ed25519 Server Key Generation...
         Starting OpenSSH rsa Server Key Generation...
         Starting User Login Management...
[  OK  ] Finished Anaconda NetworkManager configuration.
[  OK  ] Finished pre-anaconda logging service.
[  OK  ] Finished Hold until boot process finishes up.
[  OK  ] Finished Terminate Plymouth Boot Screen.





























































Starting installer, one moment...
anaconda 35.22.2-1.fc35 for Fedora-IoT 35 started.
 * installation log files are stored in /tmp during the installation
 * shell is available on TTY2
 * if the graphical installation interface fails to start, try again with the
   inst.text bootoption to start text installation
 * when reporting a bug add logs from /tmp as separate text/plain attachments
================================================================================
================================================================================
Text mode provides a limited set of installation options. It does not offer
custom partitioning for full control over the disk layout. Would you like to use
VNC mode instead?

1) Start VNC
2) Use text mode

Please make a selection from the above ['c' to continue, 'q' to quit, 'r' to
refresh]: 2
================================================================================
================================================================================
Installation

1) [x] Language settings                 2) [x] Time settings
       (English (United States))                (America/New_York timezone)
3) [!] Installation Destination          4) [x] Network configuration
       (Processing...)                          (Wired (eth0) connected)
5) [x] Root password                     6) [!] User creation
       (Root account is disabled.)              (No user will be created)

Please make a selection from the above ['b' to begin installation, 'h' to help,
'q' to quit, 'r' to refresh]: 3
Probing storage...
================================================================================
================================================================================
Installation Destination

1) [x] DISK: 14.68 GiB (mmcblk0)

1 disk selected; 14.68 GiB capacity; 1007 KiB free

Please make a selection from the above ['c' to continue, 'h' to help, 'q' to
quit, 'r' to refresh]: c
================================================================================
================================================================================
Partitioning Options

1) [ ] Replace Existing Linux system(s)
2) [x] Use All Space
3) [ ] Use Free Space
4) [ ] Manually assign mount points

Installation requires partitioning of your hard drive. Select what space to use
for the install target or manually assign mount points.

Please make a selection from the above ['c' to continue, 'q' to quit, 'r' to
refresh]: 1
================================================================================
================================================================================
Partitioning Options

1) [x] Replace Existing Linux system(s)
2) [ ] Use All Space
3) [ ] Use Free Space
4) [ ] Manually assign mount points

Installation requires partitioning of your hard drive. Select what space to use
for the install target or manually assign mount points.

Please make a selection from the above ['c' to continue, 'q' to quit, 'r' to
refresh]: c
================================================================================
================================================================================
Partition Scheme Options

1) [ ] Standard Partition
2) [ ] Btrfs
3) [x] LVM
4) [ ] LVM Thin Provisioning

Select a partition scheme configuration.

Please make a selection from the above ['c' to continue, 'q' to quit, 'r' to
refresh]: c
Saving storage configuration...
Checking storage configuration...

================================================================================
================================================================================
Installation

1) [x] Language settings                 2) [x] Time settings
       (English (United States))                (America/New_York timezone)
3) [x] Installation Destination          4) [x] Network configuration
       (Automatic partitioning                  (Wired (eth0) connected)
       selected)
5) [x] Root password                     6) [!] User creation
       (Root account is disabled.)              (No user will be created)

Please make a selection from the above ['b' to begin installation, 'h' to help,
'q' to quit, 'r' to refresh]: 6
================================================================================
================================================================================
User creation

1) [ ] Create user

Please make a selection from the above ['c' to continue, 'h' to help, 'q' to
quit, 'r' to refresh]: 1
================================================================================
================================================================================
User creation

1) [x] Create user
2) Full name
3) User name
4) [x] Use password
5) Password
6) [ ] Administrator
7) Groups

Please make a selection from the above ['c' to continue, 'h' to help, 'q' to
quit, 'r' to refresh]: 3
================================================================================
================================================================================
Enter a new value for 'User name' and press ENTER: systemready
================================================================================
================================================================================
User creation

1) [x] Create user
2) Full name
3) User name
   systemready
4) [x] Use password
5) Password
6) [ ] Administrator
7) Groups

Please make a selection from the above ['c' to continue, 'h' to help, 'q' to
quit, 'r' to refresh]: 5
================================================================================
================================================================================
Password:
Password (confirm):
================================================================================
================================================================================
User creation

1) [x] Create user
2) Full name
3) User name
   systemready
4) [x] Use password
5) Password
   Password set.
6) [ ] Administrator
7) Groups

Please make a selection from the above ['c' to continue, 'h' to help, 'q' to
quit, 'r' to refresh]: 6
================================================================================
================================================================================
User creation

1) [x] Create user
2) Full name
3) User name
   systemready
4) [x] Use password
5) Password
   Password set.
6) [x] Administrator
7) Groups
   wheel

Please make a selection from the above ['c' to continue, 'h' to help, 'q' to
quit, 'r' to refresh]: c
================================================================================
================================================================================
Installation

1) [x] Language settings                 2) [x] Time settings
       (English (United States))                (America/New_York timezone)
3) [x] Installation Destination          4) [x] Network configuration
       (Automatic partitioning                  (Wired (eth0) connected)
       selected)
5) [x] Root password                     6) [x] User creation
       (Root account is disabled.)              (Administrator systemready will
                                                be created)

Please make a selection from the above ['b' to begin installation, 'h' to help,
'q' to quit, 'r' to refresh]: b
================================================================================
================================================================================
Progress

.

Setting up the installation environment
.

Configuring storage
Creating ext4 on /dev/mmcblk0p2
Creating lvmpv on /dev/mmcblk0p3
Creating ext4 on /dev/mapper/fedora--iot_imx8mq--evk--ebbr-root
.
.

Running pre-installation scripts
.

Running pre-installation tasks
.
.
.
.

Installing.
Prepare System for Installation
Initialize OSTree file system and repository
Change OSTree remote
Pull OSTree Remote
Starting pull of fedora/devel/aarch64/iot from fedora-iot
Writing objects
Writing objects
Writing objects
Writing objects
Writing objects
Writing objects
Writing objects
Writing objects
Writing objects
Writing objects
Writing objects
Writing objects
Writing objects
Writing objects
Writing objects
Writing objects
Writing objects
Writing objects
Writing objects
Writing objects
Writing objects
Writing objects
Writing objects
Writing objects
Writing objects
Writing objects
Writing objects
Writing objects
Writing objects
Writing objects
Writing objects
Writing objects
Writing objects
Writing objects
Writing objects
Writing objects
Writing objects
Writing objects
Writing objects
Writing objects
Writing objects
Writing objects
Writing objects
Writing objects
Writing objects
Writing objects
Writing objects
Writing objects
Writing objects
Writing objects
Writing objects
Writing objects
Writing objects
Writing objects
Writing objects
Writing objects
Writing objects
Writing objects
Writing objects
Writing objects
Writing objects
Writing objects
Writing objects
Writing objects
Writing objects
Writing objects
Writing objects
Writing objects
Writing objects
Writing objects
Writing objects
Writing objects
Writing objects
Writing objects
Writing objects
Writing objects
Writing objects
Writing objects
Writing objects
Writing objects
Writing objects
Writing objects
Writing objects
Writing objects
Writing objects
Writing objects
Writing objects
Writing objects
Writing objects
Writing objects
Writing objects
Writing objects
Writing objects
Writing objects
Writing objects
Writing objects
Writing objects
Writing objects
Writing objects
Writing objects
Writing objects
Writing objects
Writing objects
Writing objects
Writing objects
Writing objects
Writing objects
Writing objects
Writing objects
Writing objects
Writing objects
Writing objects
Writing objects
Writing objects
Writing objects
Writing objects
Writing objects
Writing objects
Writing objects
Writing objects
Writing objects
Writing objects
Writing objects
Writing objects
Writing objects
Writing objects
Writing objects
Writing objects
Writing objects
Writing objects
Writing objects
Writing objects
Writing objects
Writing objects
Writing objects
Writing objects
Writing objects
Writing objects
Preparing deployment of fedora/devel/aarch64/iot
Deploy OSTree
Deployment starting: fedora/devel/aarch64/iot
Deployment complete: fedora/devel/aarch64/iot
Set OSTree system root
Copy OSTree bootloader data
Prepare OSTree mount targets
.

Configuring storage
.

Installing boot loader
.
================================================================================
================================================================================
Question

The following error occurred while installing the boot loader. The system will
not be bootable. Would you like to ignore this and continue with installation?

Failed to set new efi boot target. This is most likely a kernel or firmware bug.

Please respond 'yes' or 'no': yes
.

Performing post-installation setup tasks
.

Configuring installed system
.
.
.
.
.
.
.
.
.
.
.
.
.

Writing network configuration
ý

Creating users
.
.
.
.
.

Configuring addons
Generating initramfs
.
.
.

Storing configuration files and kickstarts
.

Running post-installation scripts
.

Installation complete. Press ENTER to quit:

[anaconda]1:main* 2:shell  3:log  4:storage-log >Switch tab: Alt+Tab | Help: F1




























































































































































[  OK  ] Started Show Plymouth Reboot Screen.
[  OK  ] Stopped LVM event activation on device 179:11.
[  OK  ] Removed slice Slice /system/lvm2-pvscan.
[  OK  ] Stopped Braille display driver for Linux/Unix.
[  OK  ] Stopped Disk Manager.
[  OK  ] Stopped WPA supplicant.
[  OK  ] Stopped Network Manager.
[  OK  ] Stopped target Basic System.
[  OK  ] Stopped Forward Password R&s to Plymouth Directory Watch.
[  OK  ] Stopped target Path Units.
[  OK  ] Stopped target Slice Units.
[  OK  ] Removed slice User and Session Slice.
[  OK  ] Stopped target Socket Units.
[  OK  ] Closed Open-iSCSI iscsid Socket.
[  OK  ] Closed Open-iSCSI iscsiuio Socket.
         Stopping D-Bus System Message Bus...
[  OK  ] Stopped D-Bus System Message Bus.
[  OK  ] Closed D-Bus System Message Bus Socket.
[  OK  ] Stopped target System Initialization.
[  OK  ] Unset automount Arbitrary &s File System Automount Point.
[  OK  ] Stopped target Local Encrypted Volumes.
[  OK  ] Stopped target Local Verity Integrity Protected Volumes.
[  OK  ] Stopped Apply Kernel Variables.
[  OK  ] Stopped Update is Completed.
[  OK  ] Stopped Rebuild Dynamic Linker Cache.
[  OK  ] Stopped Rebuild Hardware Database.
[  OK  ] Stopped Rebuild Journal Catalog.
         Stopping Record System Boot/Shutdown in UTMP...
[  OK  ] Stopped Record System Boot/Shutdown in UTMP.
[  OK  ] Stopped Create Volatile Files and Directories.
[  OK  ] Stopped Import network configuration from initramfs.
[  OK  ] Stopped Restore /run/initramfs on shutdown.
[  OK  ] Stopped target Local File Systems.
         Unmounting /mnt/sysimage/boot/efi...
         Unmounting /mnt/sysimage/dev/pts...
         Unmounting /mnt/sysimage/dev/shm...
         Unmounting /mnt/sysimage/o&825ae5a84f685f095.0/dev/pts...
         Unmounting /mnt/sysimage/o&825ae5a84f685f095.0/dev/shm...
         Unmounting /mnt/sysimage/o&.0/sys/firmware/efi/efivars...
         Unmounting /mnt/sysimage/o&84f685f095.0/sys/fs/selinux...
         Unmounting /mnt/sysimage/proc...
         Unmounting /mnt/sysimage/run...
         Unmounting /mnt/sysimage/sys/firmware/efi/efivars...
         Unmounting /mnt/sysimage/sys/fs/selinux...
         Unmounting /mnt/sysimage/tmp...
         Unmounting /mnt/sysroot/dev/pts...
         Unmounting /mnt/sysroot/dev/shm...
         Unmounting /mnt/sysroot/sys/firmware/efi/efivars...
         Unmounting /mnt/sysroot/sys/fs/selinux...
         Unmounting /run/credentials/systemd-sysusers.service...
         Unmounting /run/install/repo...
         Unmounting Temporary Directory /tmp...
         Unmounting /var/lib/nfs/rpc_pipefs...
         Starting Tell Plymouth To Jump To initramfs...
[  OK  ] Unmounted /mnt/sysimage/boot/efi.
[  OK  ] Unmounted /mnt/sysimage/dev/pts.
[  OK  ] Unmounted /mnt/sysimage/dev/shm.
[  OK  ] Unmounted /mnt/sysimage/os&0c825ae5a84f685f095.0/dev/pts.
[  OK  ] Unmounted /mnt/sysimage/os&0c825ae5a84f685f095.0/dev/shm.
[  OK  ] Unmounted /mnt/sysimage/os&95.0/sys/firmware/efi/efivars.
[  OK  ] Unmounted /mnt/sysimage/os&5a84f685f095.0/sys/fs/selinux.
[  OK  ] Unmounted /mnt/sysimage/proc.
[  OK  ] Unmounted /mnt/sysimage/run.
[  OK  ] Unmounted /mnt/sysimage/sys/firmware/efi/efivars.
[  OK  ] Unmounted /mnt/sysimage/sys/fs/selinux.
[  OK  ] Unmounted /mnt/sysroot/dev/pts.
[  OK  ] Unmounted /mnt/sysroot/dev/shm.
[  OK  ] Unmounted /mnt/sysroot/sys/firmware/efi/efivars.
[  OK  ] Unmounted /mnt/sysroot/sys/fs/selinux.
[FAILED] Failed unmounting /run/install/repo.
[  OK  ] Unmounted Temporary Directory /tmp.
[  OK  ] Unmounted /var/lib/nfs/rpc_pipefs.
[  OK  ] Finished Tell Plymouth To Jump To initramfs.
         Unmounting /mnt/sysimage/boot...
         Unmounting /mnt/sysimage/dev...
         Unmounting /mnt/sysimage/o&c40c825ae5a84f685f095.0/dev...
         Unmounting /mnt/sysimage/o&c40c825ae5a84f685f095.0/sys...
         Unmounting /mnt/sysimage/sys...
         Unmounting /mnt/sysroot/dev...
         Unmounting /mnt/sysroot/sys...
[  OK  ] Unmounted /mnt/sysimage/tmp.
[  OK  ] Unmounted /run/credentials/systemd-sysusers.service.
[  OK  ] Unmounted /mnt/sysimage/dev.
[  OK  ] Unmounted /mnt/sysimage/os&0ec40c825ae5a84f685f095.0/dev.
[  OK  ] Unmounted /mnt/sysimage/os&0ec40c825ae5a84f685f095.0/sys.
[  OK  ] Unmounted /mnt/sysimage/sys.
[  OK  ] Unmounted /mnt/sysroot/dev.
[  OK  ] Unmounted /mnt/sysroot/sys.
[  OK  ] Stopped target Swaps.
         Deactivating swap Compressed Swap on /dev/zram0...
         Unmounting /mnt/sysroot...
[  OK  ] Unmounted /mnt/sysroot.
[  OK  ] Unmounted /mnt/sysimage/boot.
         Unmounting /mnt/sysimage...
[  OK  ] Unmounted /mnt/sysimage.
[  OK  ] Stopped target Preparation for Local File Systems.
         Stopping Device-Mapper Multipath Device Controller...
[  OK  ] Stopped Create Static Device Nodes in /dev.
[  OK  ] Stopped Create System Users.
[  OK  ] Stopped Remount Root and Kernel File Systems.
[  OK  ] Deactivated swap Compressed Swap on /dev/zram0.
[  OK  ] Reached target Unmount All Filesystems.
         Stopping Create swap on /dev/zram0...
[  OK  ] Stopped Device-Mapper Multipath Device Controller.
[  OK  ] Stopped Create swap on /dev/zram0.
[  OK  ] Removed slice Slice /system/systemd-zram-setup.
[  OK  ] Reached target System Shutdown.
[  OK  ] Reached target Late Shutdown Services.
[  OK  ] Finished System Reboot.
[  OK  ] Reached target System Reboot.
[  439.457281] watchdog: watchdog0: watchdog did not stop!
[  439.695215] dracut Warning: Killing all remaining processes
dracut Warning: Killing all remaining processes
[  440.327918] dracut Warning: Unmounted /oldroot.
dracut Warning: Unmounted /oldroot.
eject: unable to eject
eject: unable to eject
eject: unable to eject
eject: unable to eject
eject: unable to eject
eject: unable to eject
eject: unable to eject
eject: unable to eject
eject: unable to eject
eject: unable to eject
eject: unable to eject
eject: unable to eject
eject: unable to eject
eject: unable to eject
eject: unable to eject
eject: unable to eject
eject: unable to eject
eject: unable to eject
eject: unable to eject
eject: unable to eject
eject: unable to eject
eject: unable to eject
eject: unable to eject
eject: unable to eject
eject: unable to eject
eject: unable to eject
eject: unable to eject
eject: unable to eject
eject: unable to eject
eject: unable to eject
eject: unable to eject
eject: unable to eject
eject: unable to eject
eject: unable to eject
eject: unable to eject
eject: unable to eject
eject: unable to eject
eject: unable to eject
eject: unable to eject
eject: unable to eject
eject: unable to eject
eject: unable to eject
Rebooting.
[  442.052039] imx2-wdt 30280000.watchdog: Device shutdown: Expect reboot!
[  442.058816] reboot: Restarting system
ý
U-Boot SPL 2021.04+updatedfirmware1+g34db8c0029 (Oct 14 2021 - 14:29:58 +0000)
PMIC:  PFUZE100 ID=0x10
DDRINFO: start DRAM init
DDRINFO: DRAM rate 3200MTS
DDRINFO:ddrphy calibration done
DDRINFO: ddrmix config done
Normal Boot
Trying to boot from MMC1
SPL: Booting primary boot path: using 0x1300 offset for next boot image
## Checking hash(es) for config config-1 ... OK
## Checking hash(es) for Image atf ... sha256+ OK
## Checking hash(es) for Image uboot ... sha256+ OK
## Checking hash(es) for Image ubootfdt ... sha256+ OK
## Checking hash(es) for Image optee ... sha256+ OK
## Checking hash(es) for Image bootscr ... sha256+ OK
I/TC:
I/TC: Non-secure external DT found
I/TC: OP-TEE version: 3.10.0-113-g0c95ab1e (gcc version 10.2.0 (GCC)) #1 Fri 08 Oct 2021 06:28:00 PM UTC aarch64
I/TC: Primary CPU initializing
I/TC: Primary CPU switching to normal world boot


U-Boot 2021.04+updatedfirmware1+g34db8c0029 (Oct 14 2021 - 14:29:58 +0000)

CPU:   i.MX8MQ rev2.1 1500 MHz (running at 1000 MHz)
CPU:   Commercial temperature grade (0C to 95C) at 41C
Reset cause: POR
Model: NXP i.MX8MQ EVK
DRAM:  3 GiB
TCPC:  Vendor ID [0x1fc9], Product ID [0x5110], Addr [I2C0 0x50]
MMC:   FSL_SDHC: 0, FSL_SDHC: 1
Loading Environment from FAT... *** Warning - bad CRC, using default environment

[*]-Video Link 0imx8m_hdmi_probe
 (1280 x 720)
        [0] display-controller@32e00000, video
        [1] hdmi@32c00000, display
In:    serial
Out:   serial
Err:   serial

 BuildInfo:
  - ATF bb49570

Net:   eth0: ethernet@30be0000
Hit any key to stop autoboot:  0
47638 bytes read in 20 ms (2.3 MiB/s)
starting USB...
Bus usb@38100000: Failed to initialize board for imx8m USB
probe failed, error -1
Bus usb@38200000: Register 2000140 NbrPorts 2
Starting the controller
USB XHCI 1.10
scanning bus usb@38200000 for devices... 1 USB Device(s) found
       scanning usb for storage devices... 0 Storage Device(s) found

Device 0: unknown device
MMC: no card present
switch to partitions #0, OK
mmc0(part 0) is current device
Scanning mmc 0:1...
47638 bytes read in 3 ms (15.1 MiB/s)
Scanning disk mmc@30b40000.blk...
** Unrecognized filesystem type **
MMC: no card present
Scanning disk mmc@30b50000.blk...
Disk mmc@30b50000.blk not ready
Found 4 disks
BootOrder not defined
EFI boot manager: Cannot load any image
Found EFI removable media binary efi/boot/bootaa64.efi
827392 bytes read in 11 ms (71.7 MiB/s)
Booting /efi\boot\bootaa64.efi




      Fedora Linux 35.20211007.0 (IoT Edition Prerelease) (ostree:0)
      UEFI Firmware Settings


















































      Use the ² and ¼ keys to change the selection.
      Press 'e' to edit the selected item, or 'c' for a command prompt. Press Escape to return to the previous menu.
   The selected entry will be started automatically in 0s.






























































EFI stub: Booting Linux Kernel...
EFI stub: EFI_RNG_PROTOCOL unavailable
EFI stub: Using DTB from configuration table
EFI stub: Exiting boot services and installing virtual address map...
Host not halted after 16000 microseconds.
I/TC: Secondary CPU 1 initializing
I/TC: Secondary CPU 1 switching to normal world boot
I/TC: Secondary CPU 2 initializing
I/TC: Secondary CPU 2 switching to normal world boot
I/TC: Secondary CPU 3 initializing
I/TC: Secondary CPU 3 switching to normal world boot
[    0.000000] Booting Linux on physical CPU 0x0000000000 [0x410fd034]
[    0.000000] Linux version 5.14.9-300.fc35.aarch64 (mockbuild@buildvm-a64-09.iad2.fedoraproject.org) (gcc (GCC) 11.2.1 20210728 (Red
Hat 11.2.1-1), GNU ld version 2.37-10.fc35) #1 SMP Thu Sep 30 11:38:04 UTC 2021
[    0.000000] Machine model: NXP i.MX8MQ EVK
[    0.000000] efi: EFI v2.80 by Das U-Boot
[    0.000000] efi: ESRT=0xfa6c4040 RTPROP=0xfa6c6040 SMBIOS=0xfa6c2000 MOKvar=0xfa5a6000 MEMRESERVE=0xfa589040
[    0.000000] esrt: Reserving ESRT space from 0x00000000fa6c4040 to 0x00000000fa6c4078.
[    0.000000] Reserved memory: created CMA memory pool at 0x0000000080000000, size 896 MiB
[    0.000000] OF: reserved mem: initialized node linux,cma, compatible id shared-dma-pool
[    0.000000] ACPI: Early table checksum verification disabled
[    0.000000] ACPI: OSL: System description tables not found
[    0.000000] ACPI: Failed to init ACPI tables
[    0.000000] NUMA: No NUMA configuration found
[    0.000000] NUMA: Faking a node at [mem 0x0000000040000000-0x00000000ffffffff]
[    0.000000] NUMA: NODE_DATA [mem 0xfd5ea8c0-0xfd600fff]
[    0.000000] Zone ranges:
[    0.000000]   DMA      [mem 0x0000000040000000-0x00000000ffffffff]
[    0.000000]   DMA32    empty
[    0.000000]   Normal   empty
[    0.000000]   Device   empty
[    0.000000] Movable zone start for each node
[    0.000000] Early memory node ranges
[    0.000000]   node   0: [mem 0x0000000040000000-0x00000000fa5a5fff]
[    0.000000]   node   0: [mem 0x00000000fa5a6000-0x00000000fa5a6fff]
[    0.000000]   node   0: [mem 0x00000000fa5a7000-0x00000000fa5b0fff]
[    0.000000]   node   0: [mem 0x00000000fa5b1000-0x00000000fa5b2fff]
[    0.000000]   node   0: [mem 0x00000000fa5b3000-0x00000000fa5b3fff]
[    0.000000]   node   0: [mem 0x00000000fa5b4000-0x00000000fa5b4fff]
[    0.000000]   node   0: [mem 0x00000000fa5b5000-0x00000000fa5e6fff]
[    0.000000]   node   0: [mem 0x00000000fa5e7000-0x00000000fa5e7fff]
[    0.000000]   node   0: [mem 0x00000000fa5e8000-0x00000000fa6b9fff]
[    0.000000]   node   0: [mem 0x00000000fa6ba000-0x00000000fa6c0fff]
[    0.000000]   node   0: [mem 0x00000000fa6c1000-0x00000000fa6c1fff]
[    0.000000]   node   0: [mem 0x00000000fa6c2000-0x00000000fa6c2fff]
[    0.000000]   node   0: [mem 0x00000000fa6c3000-0x00000000fa6c5fff]
[    0.000000]   node   0: [mem 0x00000000fa6c6000-0x00000000fa6c6fff]
[    0.000000]   node   0: [mem 0x00000000fa6c7000-0x00000000fa6c7fff]
[    0.000000]   node   0: [mem 0x00000000fa6c8000-0x00000000fa6cafff]
[    0.000000]   node   0: [mem 0x00000000fa6cb000-0x00000000fa6cbfff]
[    0.000000]   node   0: [mem 0x00000000fa6cc000-0x00000000fa6d0fff]
[    0.000000]   node   0: [mem 0x00000000fa6d1000-0x00000000fa6d1fff]
[    0.000000]   node   0: [mem 0x00000000fa6d2000-0x00000000fa6d2fff]
[    0.000000]   node   0: [mem 0x00000000fa6d3000-0x00000000fa6d3fff]
[    0.000000]   node   0: [mem 0x00000000fa6d4000-0x00000000fa6d4fff]
[    0.000000]   node   0: [mem 0x00000000fa6d5000-0x00000000fa6d6fff]
[    0.000000]   node   0: [mem 0x00000000fa6d7000-0x00000000fa6d7fff]
[    0.000000]   node   0: [mem 0x00000000fa6d8000-0x00000000fd6dffff]
[    0.000000]   node   0: [mem 0x00000000fd6e0000-0x00000000fd6effff]
[    0.000000]   node   0: [mem 0x00000000fd6f0000-0x00000000fd7fffff]
[    0.000000]   node   0: [mem 0x00000000fd800000-0x00000000fdb83fff]
[    0.000000]   node   0: [mem 0x00000000fdb84000-0x00000000fdffffff]
[    0.000000]   node   0: [mem 0x00000000fe000000-0x00000000ffffffff]
[    0.000000] Initmem setup node 0 [mem 0x0000000040000000-0x00000000ffffffff]
[    0.000000] psci: probing for conduit method from DT.
[    0.000000] psci: PSCIv1.1 detected in firmware.
[    0.000000] psci: Using standard PSCI v0.2 function IDs
[    0.000000] psci: Trusted OS migration not required
[    0.000000] psci: SMC Calling Convention v1.2
[    0.000000] percpu: Embedded 33 pages/cpu s94296 r8192 d32680 u135168
[    0.000000] Detected VIPT I-cache on CPU0
[    0.000000] CPU features: detected: GIC system register CPU interface
[    0.000000] CPU features: kernel page table isolation forced ON by KASLR
[    0.000000] CPU features: detected: Kernel page table isolation (KPTI)
[    0.000000] CPU features: detected: ARM erratum 845719
[    0.000000] Built 1 zonelists, mobility grouping on.  Total pages: 774144
[    0.000000] Policy zone: DMA
[    0.000000] Kernel command line: BOOT_IMAGE=(hd0,gpt2)/ostree/fedora-iot-5663b61e49af6f29bdb16577f89856b110f1b27d9cefe8cef0f894e380c
34214/vmlinuz-5.14.9-300.fc35.aarch64 rd.lvm.lv=fedora-iot_imx8mq-evk-ebbr/root console=ttymxc0,115200 root=/dev/mapper/fedora--iot_imx
8mq--evk--ebbr-root ostree=/ostree/boot.0/fedora-iot/5663b61e49af6f29bdb16577f89856b110f1b27d9cefe8cef0f894e380c34214/0
[    0.000000] Unknown command line parameters: BOOT_IMAGE=(hd0,gpt2)/ostree/fedora-iot-5663b61e49af6f29bdb16577f89856b110f1b27d9cefe8c
ef0f894e380c34214/vmlinuz-5.14.9-300.fc35.aarch64 ostree=/ostree/boot.0/fedora-iot/5663b61e49af6f29bdb16577f89856b110f1b27d9cefe8cef0f8
94e380c34214/0
[    0.000000] Dentry cache hash table entries: 524288 (order: 10, 4194304 bytes, linear)
[    0.000000] Inode-cache hash table entries: 262144 (order: 9, 2097152 bytes, linear)
[    0.000000] mem auto-init: stack:off, heap alloc:off, heap free:off
[    0.000000] Memory: 2007032K/3145728K available (15872K kernel code, 4024K rwdata, 12492K rodata, 7040K init, 8670K bss, 221192K res
erved, 917504K cma-reserved)
[    0.000000] random: get_random_u64 called from kmem_cache_open+0x30/0x320 with crng_init=0
[    0.000000] SLUB: HWalign=64, Order=0-3, MinObjects=0, CPUs=4, Nodes=1
[    0.000000] ftrace: allocating 52201 entries in 204 pages
[    0.000000] ftrace: allocated 204 pages with 4 groups
[    0.000000] trace event string verifier disabled
[    0.000000] rcu: Hierarchical RCU implementation.
[    0.000000] rcu:     RCU restricting CPUs from NR_CPUS=4096 to nr_cpu_ids=4.
[    0.000000]  Trampoline variant of Tasks RCU enabled.
[    0.000000]  Rude variant of Tasks RCU enabled.
[    0.000000]  Tracing variant of Tasks RCU enabled.
[    0.000000] rcu: RCU calculated value of scheduler-enlistment delay is 10 jiffies.
[    0.000000] rcu: Adjusting geometry for rcu_fanout_leaf=16, nr_cpu_ids=4
[    0.000000] NR_IRQS: 64, nr_irqs: 64, preallocated irqs: 0
[    0.000000] GICv3: GIC: Using split EOI/Deactivate mode
[    0.000000] GICv3: 128 SPIs implemented
[    0.000000] GICv3: 0 Extended SPIs implemented
[    0.000000] GICv3: Distributor has no Range Selector support
[    0.000000] Root IRQ handler: gic_handle_irq
[    0.000000] GICv3: 16 PPIs implemented
[    0.000000] GICv3: CPU0: found redistributor 0 region 0:0x0000000038880000
[    0.000000] ITS: No ITS available, not enabling LPIs
[    0.000000] rcu:     Offload RCU callbacks from CPUs: (none).
[    0.000000] arch_timer: cp15 timer(s) running at 8.33MHz (phys).
[    0.000000] clocksource: arch_sys_counter: mask: 0xffffffffffffff max_cycles: 0x1ec0311ec, max_idle_ns: 440795202152 ns
[    0.000001] sched_clock: 56 bits at 8MHz, resolution 120ns, wraps every 2199023255541ns
[    0.000930] Console: colour dummy device 80x25
[    0.001068] Calibrating delay loop (skipped), value calculated using timer frequency.. 16.66 BogoMIPS (lpj=83333)
[    0.001086] pid_max: default: 32768 minimum: 301
[    0.001251] LSM: Security Framework initializing
[    0.001311] Yama: becoming mindful.
[    0.001345] SELinux:  Initializing.
[    0.001488] LSM support for eBPF active
[    0.001500] landlock: Up and running.
[    0.001587] Mount-cache hash table entries: 8192 (order: 4, 65536 bytes, linear)
[    0.001615] Mountpoint-cache hash table entries: 8192 (order: 4, 65536 bytes, linear)
[    0.003844] rcu: Hierarchical SRCU implementation.
[    0.006405] Remapping and enabling EFI services.
[    0.006818] smp: Bringing up secondary CPUs ...
[    0.015257] Detected VIPT I-cache on CPU1
[    0.015296] GICv3: CPU1: found redistributor 1 region 0:0x00000000388a0000
[    0.015352] CPU1: Booted secondary processor 0x0000000001 [0x410fd034]
[    0.023811] Detected VIPT I-cache on CPU2
[    0.023836] GICv3: CPU2: found redistributor 2 region 0:0x00000000388c0000
[    0.023864] CPU2: Booted secondary processor 0x0000000002 [0x410fd034]
[    0.032293] Detected VIPT I-cache on CPU3
[    0.032317] GICv3: CPU3: found redistributor 3 region 0:0x00000000388e0000
[    0.032345] CPU3: Booted secondary processor 0x0000000003 [0x410fd034]
[    0.032461] smp: Brought up 1 node, 4 CPUs
[    0.032488] SMP: Total of 4 processors activated.
[    0.032496] CPU features: detected: 32-bit EL0 Support
[    0.032502] CPU features: detected: 32-bit EL1 Support
[    0.032508] CPU features: detected: CRC32 instructions
[    0.032627] CPU features: emulated: Privileged Access Never (PAN) using TTBR0_EL1 switching
[    0.046541] CPU: All CPU(s) started at EL2
[    0.046599] alternatives: patching kernel code
[    0.049453] devtmpfs: initialized
[    0.060186] Registered cp15_barrier emulation handler
[    0.060212] Registered setend emulation handler
[    0.060224] KASLR disabled due to lack of seed
[    0.060424] clocksource: jiffies: mask: 0xffffffff max_cycles: 0xffffffff, max_idle_ns: 19112604462750000 ns
[    0.060447] futex hash table entries: 1024 (order: 4, 65536 bytes, linear)
[    0.110012] pinctrl core: initialized pinctrl subsystem
[    0.111090] SMBIOS 3.0 present.
[    0.111118] DMI: Unknown Unknown Product/Unknown Product, BIOS 2021.04+updatedfirmware1+g34db8c0029 10/14/2021
[    0.111720] NET: Registered PF_NETLINK/PF_ROUTE protocol family
[    0.115601] DMA: preallocated 512 KiB GFP_KERNEL pool for atomic allocations
[    0.115892] DMA: preallocated 512 KiB GFP_KERNEL|GFP_DMA pool for atomic allocations
[    0.116254] DMA: preallocated 512 KiB GFP_KERNEL|GFP_DMA32 pool for atomic allocations
[    0.116327] audit: initializing netlink subsys (disabled)
[    0.116512] audit: type=2000 audit(0.110:1): state=initialized audit_enabled=0 res=1
[    0.117827] thermal_sys: Registered thermal governor 'fair_share'
[    0.117833] thermal_sys: Registered thermal governor 'step_wise'
[    0.117840] thermal_sys: Registered thermal governor 'user_space'
[    0.118081] cpuidle: using governor menu
[    0.118297] hw-breakpoint: found 6 breakpoint and 4 watchpoint registers.
[    0.118422] ASID allocator initialised with 32768 entries
[    0.118979] Serial: AMBA PL011 UART driver
[    0.129731] debugfs: Directory 'dummy-syscon@30340000' with parent 'regmap' already present!
[    0.130095] imx8mq-pinctrl 30330000.pinctrl: initialized IMX pinctrl driver
[    0.139381] platform 30a90000.csi1_bridge: Fixing up cyclic dependency with 30a70000.mipi_csi1
[    0.141305] platform 30b80000.csi2_bridge: Fixing up cyclic dependency with 30b60000.mipi_csi2
[    0.144154] platform 32e00000.display-controller: Fixing up cyclic dependency with 32c00000.hdmi
[    0.160597] HugeTLB registered 1.00 GiB page size, pre-allocated 0 pages
[    0.160617] HugeTLB registered 32.0 MiB page size, pre-allocated 0 pages
[    0.160626] HugeTLB registered 2.00 MiB page size, pre-allocated 0 pages
[    0.160634] HugeTLB registered 64.0 KiB page size, pre-allocated 0 pages
[    0.996882] cryptd: max_cpu_qlen set to 1000
[    1.002594] alg: No test for 842 (842-generic)
[    1.002711] alg: No test for 842 (842-scomp)
[    1.014837] raid6: skip pq benchmark and using algorithm neonx8
[    1.014856] raid6: using neon recovery algorithm
[    1.015440] ACPI: Interpreter disabled.
[    1.016132] iommu: Default domain type: Translated
[    1.016466] vgaarb: loaded
[    1.017023] SCSI subsystem initialized
[    1.017397] usbcore: registered new interface driver usbfs
[    1.017443] usbcore: registered new interface driver hub
[    1.017485] usbcore: registered new device driver usb
[    1.017728] pps_core: LinuxPPS API ver. 1 registered
[    1.017736] pps_core: Software ver. 5.3.6 - Copyright 2005-2007 Rodolfo Giometti <giometti@linux.it>
[    1.017753] PTP clock support registered
[    1.017938] EDAC MC: Ver: 3.0.0
[    1.018911] Registered efivars operations
[    1.020549] NetLabel: Initializing
[    1.020557] NetLabel:  domain hash size = 128
[    1.020563] NetLabel:  protocols = UNLABELED CIPSOv4 CALIPSO
[    1.020634] NetLabel:  unlabeled traffic allowed by default
[    1.021241] clocksource: Switched to clocksource arch_sys_counter
[    1.094871] VFS: Disk quotas dquot_6.6.0
[    1.094956] VFS: Dquot-cache hash table entries: 512 (order 0, 4096 bytes)
[    1.095650] pnp: PnP ACPI: disabled
[    1.103699] NET: Registered PF_INET protocol family
[    1.103899] IP idents hash table entries: 65536 (order: 7, 524288 bytes, linear)
[    1.105857] tcp_listen_portaddr_hash hash table entries: 2048 (order: 3, 32768 bytes, linear)
[    1.105928] TCP established hash table entries: 32768 (order: 6, 262144 bytes, linear)
[    1.106230] TCP bind hash table entries: 32768 (order: 7, 524288 bytes, linear)
[    1.106763] TCP: Hash tables configured (established 32768 bind 32768)
[    1.106994] MPTCP token hash table entries: 4096 (order: 4, 98304 bytes, linear)
[    1.107130] UDP hash table entries: 2048 (order: 4, 65536 bytes, linear)
[    1.107226] UDP-Lite hash table entries: 2048 (order: 4, 65536 bytes, linear)
[    1.107479] NET: Registered PF_UNIX/PF_LOCAL protocol family
[    1.107507] NET: Registered PF_XDP protocol family
[    1.107522] PCI: CLS 0 bytes, default 64
[    1.107942] Trying to unpack rootfs image as initramfs...
[    1.150013] hw perfevents: enabled with armv8_cortex_a53 PMU driver, 7 counters available
[    1.150705] kvm [1]: IPA Size Limit: 40 bits
[    1.155601] kvm [1]: vgic-v2@31020000
[    1.155629] kvm [1]: GIC system register CPU interface enabled
[    1.155896] kvm [1]: vgic interrupt IRQ9
[    1.157996] kvm [1]: Hyp mode initialized successfully
[    3.693672] Freeing initrd memory: 65364K
[    3.812143] Initialise system trusted keyrings
[    3.812209] Key type blacklist registered
[    3.812353] workingset: timestamp_bits=37 max_order=20 bucket_order=0
[    3.821501] zbud: loaded
[    3.824943] integrity: Platform Keyring initialized
[    3.869828] NET: Registered PF_ALG protocol family
[    3.869845] xor: measuring software checksum speed
[    3.874872]    8regs           :  1968 MB/sec
[    3.879100]    32regs          :  2331 MB/sec
[    3.884202]    arm64_neon      :  1947 MB/sec
[    3.884211] xor: using function: 32regs (2331 MB/sec)
[    3.884221] Key type asymmetric registered
[    3.884228] Asymmetric key parser 'x509' registered
[    3.884264] Block layer SCSI generic (bsg) driver version 0.4 loaded (major 244)
[    3.884426] io scheduler mq-deadline registered
[    3.884435] io scheduler kyber registered
[    3.884605] io scheduler bfq registered
[    3.886144] atomic64_test: passed
[    3.896393] efifb: probing for efifb
[    3.896473] efifb: No BGRT, not showing boot graphics
[    3.896480] efifb: framebuffer at 0xfd800000, using 3600k, total 3600k
[    3.896488] efifb: mode is 1280x720x32, linelength=5120, pages=1
[    3.896497] efifb: scrolling: redraw
[    3.896502] efifb: Truecolor: size=8:8:8:8, shift=24:16:8:0
[    3.896742] fbcon: Deferring console take-over
[    3.896750] fb0: EFI VGA frame buffer device
[    3.911226] SoC: i.MX8MQ revision 2.1
[    3.914544] debugfs: Directory 'dummy-reset-controller@30390000' with parent 'regmap' already present!
[    3.915435] Serial: 8250/16550 driver, 32 ports, IRQ sharing enabled
[    3.924192] 30860000.serial: ttymxc0 at MMIO 0x30860000 (irq = 44, base_baud = 1562500) is a IMX
[    5.301204] printk: console [ttymxc0] enabled
[    5.306217] 30880000.serial: ttymxc2 at MMIO 0x30880000 (irq = 45, base_baud = 5000000) is a IMX
[    5.315827] msm_serial: driver initialized
[    5.324870] libphy: Fixed MDIO Bus: probed
[    5.329512] ehci_hcd: USB 2.0 'Enhanced' Host Controller (EHCI) Driver
[    5.336065] ehci-pci: EHCI PCI platform driver
[    5.340667] usbcore: registered new interface driver usbserial_generic
[    5.347225] usbserial: USB Serial support registered for generic
[    5.353372] mousedev: PS/2 mouse device common for all mice
[    5.361211] device-mapper: uevent: version 1.0.3
[    5.366196] device-mapper: ioctl: 4.45.0-ioctl (2021-03-22) initialised: dm-devel@redhat.com
[    5.375789] ledtrig-cpu: registered to indicate activity on CPUs
[    5.382570] SMCCC: SOC_ID: ARCH_SOC_ID not implemented, skipping ....
[    5.389422] hid: raw HID events driver (C) Jiri Kosina
[    5.394740] usbcore: registered new interface driver usbhid
[    5.400313] usbhid: USB HID core driver
[    5.405896] drop_monitor: Initializing network drop monitor service
[    5.412368] Initializing XFRM netlink socket
[    5.417218] NET: Registered PF_INET6 protocol family
[    5.449326] Segment Routing with IPv6
[    5.453039] RPL Segment Routing with IPv6
[    5.457144] mip6: Mobile IPv6
[    5.460118] NET: Registered PF_PACKET protocol family
[    5.466142] registered taskstats version 1
[    5.470608] Loading compiled-in X.509 certificates
[    5.478881] Loaded X.509 cert 'Fedora kernel signing key: 5b2daf84223d4ae569c10c30dfe5c8cd68e6ec62'
[    5.488295] zswap: loaded using pool lzo/zbud
[    5.492866] page_owner is disabled
[    5.496543] Key type ._fscrypt registered
[    5.500555] Key type .fscrypt registered
[    5.504515] Key type fscrypt-provisioning registered
[    5.511395] Btrfs loaded, crc32c=crc32c-generic, zoned=yes
[    5.516950] Key type big_key registered
[    5.744486] Key type encrypted registered
[    5.748656] integrity: Loading X.509 certificate: UEFI:MokListRT (MOKvar table)
[    5.757044] integrity: Loaded X.509 cert 'Fedora Secure Boot CA: fde32599c2d61db1bf5807335d7b20e4cd963b42'
[    5.766776] ima: secureboot mode disabled
[    5.770793] ima: No TPM chip found, activating TPM-bypass!
[    5.776300] Loading compiled-in module X.509 certificates
[    5.784862] Loaded X.509 cert 'Fedora kernel signing key: 5b2daf84223d4ae569c10c30dfe5c8cd68e6ec62'
[    5.793928] ima: Allocated hash algorithm: sha256
[    5.798673] ima: No architecture policies found
[    5.803277] evm: Initialising EVM extended attributes:
